
> client@0.1.0 start
> react-scripts start

Starting the development server...

Compiled successfully!

You can now view client in the browser.

  Local:            http://localhost:3000
  On Your Network:  http://192.168.1.189:3000

Note that the development build is not optimized.
To create a production build, use npm run build.

webpack compiled [1m[32msuccessfully[39m[22m
Compiling...
Compiled successfully!
webpack compiled [1m[32msuccessfully[39m[22m
Compiling...
Compiled successfully!
webpack compiled [1m[32msuccessfully[39m[22m
Compiling...
Compiled successfully!
webpack compiled [1m[32msuccessfully[39m[22m
Compiling...
Compiled with warnings.

[eslint] 
src\features\diagnostics\PatternFamilyUniversePage.js
  Line 624:10:  'isSelectedDataCollapsed' is assigned a value but never used   no-unused-vars
  Line 624:35:  'setSelectedDataCollapsed' is assigned a value but never used  no-unused-vars

Search for the keywords to learn more about each warning.
To ignore, add // eslint-disable-next-line to the line before.

[1m[33mWARNING[39m[22m in [1m[eslint] 
src\features\diagnostics\PatternFamilyUniversePage.js
  Line 624:10:  'isSelectedDataCollapsed' is assigned a value but never used   no-unused-vars
  Line 624:35:  'setSelectedDataCollapsed' is assigned a value but never used  no-unused-vars

[39m[22m

webpack compiled with [1m[33m1 warning[39m[22m
Compiling...
Compiled successfully!
webpack compiled [1m[32msuccessfully[39m[22m
Compiling...
Compiled successfully!
webpack compiled [1m[32msuccessfully[39m[22m
Compiling...
Compiled successfully!
webpack compiled [1m[32msuccessfully[39m[22m
Compiling...
Compiled successfully!
webpack compiled [1m[32msuccessfully[39m[22m
Compiling...
Compiled successfully!
webpack compiled [1m[32msuccessfully[39m[22m
Compiling...
Compiled successfully!
webpack compiled [1m[32msuccessfully[39m[22m
Compiling...
Compiled successfully!
webpack compiled [1m[32msuccessfully[39m[22m
Compiling...
Compiled successfully!
webpack compiled [1m[32msuccessfully[39m[22m
Compiling...
Compiled with warnings.

[eslint] 
src\features\diagnostics\PatternFamilyUniversePage.js
  Line 620:10:  'selectedEntryExitTemplateUid' is assigned a value but never used     no-unused-vars
  Line 620:40:  'setSelectedEntryExitTemplateUid' is assigned a value but never used  no-unused-vars

Search for the keywords to learn more about each warning.
To ignore, add // eslint-disable-next-line to the line before.

[1m[33mWARNING[39m[22m in [1m[eslint] 
src\features\diagnostics\PatternFamilyUniversePage.js
  Line 620:10:  'selectedEntryExitTemplateUid' is assigned a value but never used     no-unused-vars
  Line 620:40:  'setSelectedEntryExitTemplateUid' is assigned a value but never used  no-unused-vars

[39m[22m

webpack compiled with [1m[33m1 warning[39m[22m
Compiling...
Compiled successfully!
webpack compiled [1m[32msuccessfully[39m[22m
Compiling...
Compiled successfully!
webpack compiled [1m[32msuccessfully[39m[22m
Compiling...
Compiled successfully!
webpack compiled [1m[32msuccessfully[39m[22m
Compiling...
Compiled successfully!
webpack compiled [1m[32msuccessfully[39m[22m
Compiling...
Compiled with warnings.

[eslint] 
src\features\diagnostics\PatternFamilyUniversePage.js
  Line 4:3:  'fetchEntryExitTemplateBreakdown' is defined but never used  no-unused-vars

Search for the keywords to learn more about each warning.
To ignore, add // eslint-disable-next-line to the line before.

[1m[33mWARNING[39m[22m in [1m[eslint] 
src\features\diagnostics\PatternFamilyUniversePage.js
  Line 4:3:  'fetchEntryExitTemplateBreakdown' is defined but never used  no-unused-vars

[39m[22m

webpack compiled with [1m[33m1 warning[39m[22m
Compiling...
Compiled with warnings.

[eslint] 
src\features\diagnostics\PatternFamilyUniversePage.js
  Line 4:3:     'fetchEntryExitTemplateBreakdown' is defined but never used                no-unused-vars
  Line 601:10:  'entryExitTemplateBreakdown' is assigned a value but never used            no-unused-vars
  Line 601:38:  'setEntryExitTemplateBreakdown' is assigned a value but never used         no-unused-vars
  Line 602:10:  'isEntryExitTemplateBreakdownLoading' is assigned a value but never used   no-unused-vars
  Line 602:47:  'setEntryExitTemplateBreakdownLoading' is assigned a value but never used  no-unused-vars
  Line 603:10:  'entryExitTemplateBreakdownError' is assigned a value but never used       no-unused-vars
  Line 603:43:  'setEntryExitTemplateBreakdownError' is assigned a value but never used    no-unused-vars

Search for the keywords to learn more about each warning.
To ignore, add // eslint-disable-next-line to the line before.

[1m[33mWARNING[39m[22m in [1m[eslint] 
src\features\diagnostics\PatternFamilyUniversePage.js
  Line 4:3:     'fetchEntryExitTemplateBreakdown' is defined but never used                no-unused-vars
  Line 601:10:  'entryExitTemplateBreakdown' is assigned a value but never used            no-unused-vars
  Line 601:38:  'setEntryExitTemplateBreakdown' is assigned a value but never used         no-unused-vars
  Line 602:10:  'isEntryExitTemplateBreakdownLoading' is assigned a value but never used   no-unused-vars
  Line 602:47:  'setEntryExitTemplateBreakdownLoading' is assigned a value but never used  no-unused-vars
  Line 603:10:  'entryExitTemplateBreakdownError' is assigned a value but never used       no-unused-vars
  Line 603:43:  'setEntryExitTemplateBreakdownError' is assigned a value but never used    no-unused-vars

[39m[22m

webpack compiled with [1m[33m1 warning[39m[22m
Compiling...
Compiled with warnings.

[eslint] 
src\features\diagnostics\PatternFamilyUniversePage.js
  Line 4:3:     'fetchEntryExitTemplateBreakdown' is defined but never used                no-unused-vars
  Line 601:38:  'setEntryExitTemplateBreakdown' is assigned a value but never used         no-unused-vars
  Line 602:47:  'setEntryExitTemplateBreakdownLoading' is assigned a value but never used  no-unused-vars
  Line 603:43:  'setEntryExitTemplateBreakdownError' is assigned a value but never used    no-unused-vars

Search for the keywords to learn more about each warning.
To ignore, add // eslint-disable-next-line to the line before.

[1m[33mWARNING[39m[22m in [1m[eslint] 
src\features\diagnostics\PatternFamilyUniversePage.js
  Line 4:3:     'fetchEntryExitTemplateBreakdown' is defined but never used                no-unused-vars
  Line 601:38:  'setEntryExitTemplateBreakdown' is assigned a value but never used         no-unused-vars
  Line 602:47:  'setEntryExitTemplateBreakdownLoading' is assigned a value but never used  no-unused-vars
  Line 603:43:  'setEntryExitTemplateBreakdownError' is assigned a value but never used    no-unused-vars

[39m[22m

webpack compiled with [1m[33m1 warning[39m[22m
Compiling...
Compiled successfully!
webpack compiled [1m[32msuccessfully[39m[22m
Compiling...
Compiled successfully!
webpack compiled [1m[32msuccessfully[39m[22m
Compiling...
Compiled successfully!
webpack compiled [1m[32msuccessfully[39m[22m
Compiling...
Compiled successfully!
webpack compiled [1m[32msuccessfully[39m[22m
Compiling...
Compiled successfully!
webpack compiled [1m[32msuccessfully[39m[22m
Compiling...
Compiled with warnings.

[eslint] 
src\features\diagnostics\PatternFamilyUniversePage.js
  Line 624:40:  'setSelectedEntryExitTemplateUid' is assigned a value but never used  no-unused-vars

Search for the keywords to learn more about each warning.
To ignore, add // eslint-disable-next-line to the line before.

[1m[33mWARNING[39m[22m in [1m[eslint] 
src\features\diagnostics\PatternFamilyUniversePage.js
  Line 624:40:  'setSelectedEntryExitTemplateUid' is assigned a value but never used  no-unused-vars

[39m[22m

webpack compiled with [1m[33m1 warning[39m[22m
Compiling...
Compiled successfully!
webpack compiled [1m[32msuccessfully[39m[22m
Compiling...
Compiled successfully!
webpack compiled [1m[32msuccessfully[39m[22m
Compiling...
Compiled successfully!
webpack compiled [1m[32msuccessfully[39m[22m
Compiling...
Compiled successfully!
webpack compiled [1m[32msuccessfully[39m[22m
Compiling...
Compiled successfully!
webpack compiled [1m[32msuccessfully[39m[22m
Compiling...
Compiled successfully!
webpack compiled [1m[32msuccessfully[39m[22m
Compiling...
Compiled successfully!
webpack compiled [1m[32msuccessfully[39m[22m
Compiling...
Compiled successfully!
webpack compiled [1m[32msuccessfully[39m[22m
Compiling...
Compiled successfully!
webpack compiled [1m[32msuccessfully[39m[22m
Compiling...
Compiled successfully!
webpack compiled [1m[32msuccessfully[39m[22m
Compiling...
Compiled successfully!
webpack compiled [1m[32msuccessfully[39m[22m
Compiling...
Compiled successfully!
webpack compiled [1m[32msuccessfully[39m[22m
Compiling...
Compiled successfully!
webpack compiled [1m[32msuccessfully[39m[22m
