[scan] 6AF3 loading candles from futures_contract_5m_candles
[scan] 6AF2 loading candles from futures_contract_5m_candles
[scan] 6AF4 loading candles from futures_contract_5m_candles
[scan] 6AF5 loading candles from futures_contract_5m_candles
[scan] 6AF6 loading candles from futures_contract_5m_candles
[scan] 6AG2 loading candles from futures_contract_5m_candles
[scan] 6AG3 loading candles from futures_contract_5m_candles
[scan] 6AG4 loading candles from futures_contract_5m_candles
[scan] 6AG5 loading candles from futures_contract_5m_candles
[scan] 6AG6 loading candles from futures_contract_5m_candles
[scan] 6AH2 loading candles from futures_contract_5m_candles
[scan] 6AH3 loading candles from futures_contract_5m_candles
[scan] 6AH4 loading candles from futures_contract_5m_candles
[scan] 6AH5 loading candles from futures_contract_5m_candles
[scan] 6AH6 loading candles from futures_contract_5m_candles
[scan] 6AJ2 loading candles from futures_contract_5m_candles
[scan] 6AJ3 loading candles from futures_contract_5m_candles
[scan] 6AJ4 loading candles from futures_contract_5m_candles
[scan] 6AJ5 loading candles from futures_contract_5m_candles
[scan] 6AJ6 loading candles from futures_contract_5m_candles
[scan] 6AK1 loading candles from futures_contract_5m_candles
[scan] 6AK2 loading candles from futures_contract_5m_candles
[scan] 6AK3 loading candles from futures_contract_5m_candles
[scan] 6AK4 loading candles from futures_contract_5m_candles
[scan] 6AK5 loading candles from futures_contract_5m_candles
[scan] 6AK6 loading candles from futures_contract_5m_candles
[scan] 6AM1 loading candles from futures_contract_5m_candles
[scan] 6AM2 loading candles from futures_contract_5m_candles
[scan] 6AM3 loading candles from futures_contract_5m_candles
[scan] 6AM4 loading candles from futures_contract_5m_candles
[scan] 6AM5 loading candles from futures_contract_5m_candles
[scan] 6AN1 loading candles from futures_contract_5m_candles
[scan] 6AN2 loading candles from futures_contract_5m_candles
[scan] 6AN3 loading candles from futures_contract_5m_candles
[scan] 6AN4 loading candles from futures_contract_5m_candles
[scan] 6AN5 loading candles from futures_contract_5m_candles
[scan] 6AQ1 loading candles from futures_contract_5m_candles
[scan] 6AQ2 loading candles from futures_contract_5m_candles
[scan] 6AQ3 loading candles from futures_contract_5m_candles
[scan] 6AQ4 loading candles from futures_contract_5m_candles
[scan] 6AQ5 loading candles from futures_contract_5m_candles
[scan] 6AU1 loading candles from futures_contract_5m_candles
[scan] 6AU2 loading candles from futures_contract_5m_candles
[scan] 6AU3 loading candles from futures_contract_5m_candles
[scan] 6AU4 loading candles from futures_contract_5m_candles
[scan] 6AU5 loading candles from futures_contract_5m_candles
[scan] 6AV1 loading candles from futures_contract_5m_candles
[scan] 6AV2 loading candles from futures_contract_5m_candles
[scan] 6AV3 loading candles from futures_contract_5m_candles
[scan] 6AV4 loading candles from futures_contract_5m_candles
[scan] 6AV5 loading candles from futures_contract_5m_candles
[scan] 6AX1 loading candles from futures_contract_5m_candles
[scan] 6AX2 loading candles from futures_contract_5m_candles
[scan] 6AX3 loading candles from futures_contract_5m_candles
[scan] 6AX4 loading candles from futures_contract_5m_candles
[scan] 6AX5 loading candles from futures_contract_5m_candles
[scan] 6AZ1 loading candles from futures_contract_5m_candles
[scan] 6AZ2 loading candles from futures_contract_5m_candles
[scan] 6AZ3 loading candles from futures_contract_5m_candles
[scan] 6AZ4 loading candles from futures_contract_5m_candles
[scan] 6AZ5 loading candles from futures_contract_5m_candles
[scan] 6BF2 loading candles from futures_contract_5m_candles
[scan] 6BF3 loading candles from futures_contract_5m_candles
[scan] 6BF4 loading candles from futures_contract_5m_candles
[scan] 6BF5 loading candles from futures_contract_5m_candles
[scan] 6BF6 loading candles from futures_contract_5m_candles
[scan] 6BG2 loading candles from futures_contract_5m_candles
[scan] 6BG3 loading candles from futures_contract_5m_candles
[scan] 6BG4 loading candles from futures_contract_5m_candles
[scan] 6BG5 loading candles from futures_contract_5m_candles
[scan] 6BG6 loading candles from futures_contract_5m_candles
[scan] 6BH2 loading candles from futures_contract_5m_candles
[scan] 6BH3 loading candles from futures_contract_5m_candles
[scan] 6BH4 loading candles from futures_contract_5m_candles
[scan] 6BH5 loading candles from futures_contract_5m_candles
[scan] 6BH6 loading candles from futures_contract_5m_candles
[scan] 6BJ2 loading candles from futures_contract_5m_candles
[scan] 6BJ3 loading candles from futures_contract_5m_candles
[scan] 6BJ4 loading candles from futures_contract_5m_candles
[scan] 6BJ5 loading candles from futures_contract_5m_candles
[scan] 6BJ6 loading candles from futures_contract_5m_candles
[scan] 6BK1 loading candles from futures_contract_5m_candles
[scan] 6BK2 loading candles from futures_contract_5m_candles
[scan] 6BK3 loading candles from futures_contract_5m_candles
[scan] 6BK4 loading candles from futures_contract_5m_candles
[scan] 6BK5 loading candles from futures_contract_5m_candles
[scan] 6BK6 loading candles from futures_contract_5m_candles
[scan] 6BM1 loading candles from futures_contract_5m_candles
[scan] 6BM2 loading candles from futures_contract_5m_candles
[scan] 6BM3 loading candles from futures_contract_5m_candles
[scan] 6BM4 loading candles from futures_contract_5m_candles
[scan] 6BM5 loading candles from futures_contract_5m_candles
[scan] 6BN1 loading candles from futures_contract_5m_candles
[scan] 6BN2 loading candles from futures_contract_5m_candles
[scan] 6BN3 loading candles from futures_contract_5m_candles
[scan] 6BN4 loading candles from futures_contract_5m_candles
[scan] 6BN5 loading candles from futures_contract_5m_candles
[scan] 6BQ1 loading candles from futures_contract_5m_candles
[scan] 6BQ2 loading candles from futures_contract_5m_candles
[scan] 6BQ3 loading candles from futures_contract_5m_candles
[scan] 6BQ4 loading candles from futures_contract_5m_candles
[scan] 6BQ5 loading candles from futures_contract_5m_candles
[scan] 6BU1 loading candles from futures_contract_5m_candles
[scan] 6BU2 loading candles from futures_contract_5m_candles
[scan] 6BU3 loading candles from futures_contract_5m_candles
[scan] 6BU4 loading candles from futures_contract_5m_candles
[scan] 6BU5 loading candles from futures_contract_5m_candles
[scan] 6BV1 loading candles from futures_contract_5m_candles
[scan] 6BV2 loading candles from futures_contract_5m_candles
[scan] 6BV3 loading candles from futures_contract_5m_candles
[scan] 6BV4 loading candles from futures_contract_5m_candles
[scan] 6BV5 loading candles from futures_contract_5m_candles
[scan] 6BX1 loading candles from futures_contract_5m_candles
[scan] 6BX2 loading candles from futures_contract_5m_candles
[scan] 6BX3 loading candles from futures_contract_5m_candles
[scan] 6BX4 loading candles from futures_contract_5m_candles
[scan] 6BX5 loading candles from futures_contract_5m_candles
[scan] 6BZ1 loading candles from futures_contract_5m_candles
[scan] 6BZ2 loading candles from futures_contract_5m_candles
[scan] 6BZ3 loading candles from futures_contract_5m_candles
[scan] 6BZ4 loading candles from futures_contract_5m_candles
[scan] 6BZ5 loading candles from futures_contract_5m_candles
[scan] 6CF2 loading candles from futures_contract_5m_candles
[scan] 6CF3 loading candles from futures_contract_5m_candles
[scan] 6CF4 loading candles from futures_contract_5m_candles
[scan] 6CF5 loading candles from futures_contract_5m_candles
[scan] 6CF6 loading candles from futures_contract_5m_candles
[scan] 6CG2 loading candles from futures_contract_5m_candles
[scan] 6CG3 loading candles from futures_contract_5m_candles
[scan] 6CG4 loading candles from futures_contract_5m_candles
[scan] 6CG5 loading candles from futures_contract_5m_candles
[scan] 6CG6 loading candles from futures_contract_5m_candles
[scan] 6CH2 loading candles from futures_contract_5m_candles
[scan] 6CH3 loading candles from futures_contract_5m_candles
[scan] 6CH4 loading candles from futures_contract_5m_candles
[scan] 6CH5 loading candles from futures_contract_5m_candles
[scan] 6CH6 loading candles from futures_contract_5m_candles
[scan] 6CJ2 loading candles from futures_contract_5m_candles
[scan] 6CJ3 loading candles from futures_contract_5m_candles
[scan] 6CJ4 loading candles from futures_contract_5m_candles
[scan] 6CJ5 loading candles from futures_contract_5m_candles
[scan] 6CJ6 loading candles from futures_contract_5m_candles
[scan] 6CK1 loading candles from futures_contract_5m_candles
[scan] 6CK2 loading candles from futures_contract_5m_candles
[scan] 6CK3 loading candles from futures_contract_5m_candles
[scan] 6CK4 loading candles from futures_contract_5m_candles
[scan] 6CK5 loading candles from futures_contract_5m_candles
[scan] 6CK6 loading candles from futures_contract_5m_candles
[scan] 6CM1 loading candles from futures_contract_5m_candles
[scan] 6CM2 loading candles from futures_contract_5m_candles
[scan] 6CM3 loading candles from futures_contract_5m_candles
[scan] 6CM4 loading candles from futures_contract_5m_candles
[scan] 6CM5 loading candles from futures_contract_5m_candles
[scan] 6CN1 loading candles from futures_contract_5m_candles
[scan] 6CN2 loading candles from futures_contract_5m_candles
[scan] 6CN3 loading candles from futures_contract_5m_candles
[scan] 6CN4 loading candles from futures_contract_5m_candles
[scan] 6CN5 loading candles from futures_contract_5m_candles
[scan] 6CQ1 loading candles from futures_contract_5m_candles
[scan] 6CQ2 loading candles from futures_contract_5m_candles
[scan] 6CQ3 loading candles from futures_contract_5m_candles
[scan] 6CQ4 loading candles from futures_contract_5m_candles
[scan] 6CQ5 loading candles from futures_contract_5m_candles
[scan] 6CU1 loading candles from futures_contract_5m_candles
[scan] 6CU2 loading candles from futures_contract_5m_candles
[scan] 6CU3 loading candles from futures_contract_5m_candles
[scan] 6CU4 loading candles from futures_contract_5m_candles
[scan] 6CU5 loading candles from futures_contract_5m_candles
[scan] 6CV1 loading candles from futures_contract_5m_candles
[scan] 6CV2 loading candles from futures_contract_5m_candles
[scan] 6CV3 loading candles from futures_contract_5m_candles
[scan] 6CV4 loading candles from futures_contract_5m_candles
[scan] 6CV5 loading candles from futures_contract_5m_candles
[scan] 6CX1 loading candles from futures_contract_5m_candles
[scan] 6CX2 loading candles from futures_contract_5m_candles
[scan] 6CX3 loading candles from futures_contract_5m_candles
[scan] 6CX4 loading candles from futures_contract_5m_candles
[scan] 6CX5 loading candles from futures_contract_5m_candles
[scan] 6CZ1 loading candles from futures_contract_5m_candles
[scan] 6CZ2 loading candles from futures_contract_5m_candles
[scan] 6CZ3 loading candles from futures_contract_5m_candles
[scan] 6CZ4 loading candles from futures_contract_5m_candles
[scan] 6CZ5 loading candles from futures_contract_5m_candles
[scan] 6EF2 loading candles from futures_contract_5m_candles
[scan] 6EF3 loading candles from futures_contract_5m_candles
[scan] 6EF4 loading candles from futures_contract_5m_candles
[scan] 6EF5 loading candles from futures_contract_5m_candles
[scan] 6EF6 loading candles from futures_contract_5m_candles
[scan] 6EG2 loading candles from futures_contract_5m_candles
[scan] 6EG3 loading candles from futures_contract_5m_candles
[scan] 6EG4 loading candles from futures_contract_5m_candles
[scan] 6EG5 loading candles from futures_contract_5m_candles
[scan] 6EG6 loading candles from futures_contract_5m_candles
[scan] 6EH2 loading candles from futures_contract_5m_candles
[scan] 6EH3 loading candles from futures_contract_5m_candles
[scan] 6EH4 loading candles from futures_contract_5m_candles
[scan] 6EH5 loading candles from futures_contract_5m_candles
[scan] 6EH6 loading candles from futures_contract_5m_candles
[scan] 6EJ2 loading candles from futures_contract_5m_candles
[scan] 6EJ3 loading candles from futures_contract_5m_candles
[scan] 6EJ4 loading candles from futures_contract_5m_candles
[scan] 6EJ5 loading candles from futures_contract_5m_candles
[scan] 6EJ6 loading candles from futures_contract_5m_candles
[scan] 6EK1 loading candles from futures_contract_5m_candles
[scan] 6EK2 loading candles from futures_contract_5m_candles
[scan] 6EK3 loading candles from futures_contract_5m_candles
[scan] 6EK4 loading candles from futures_contract_5m_candles
[scan] 6EK5 loading candles from futures_contract_5m_candles
[scan] 6EK6 loading candles from futures_contract_5m_candles
[scan] 6EM1 loading candles from futures_contract_5m_candles
[scan] 6EM2 loading candles from futures_contract_5m_candles
[scan] 6EM3 loading candles from futures_contract_5m_candles
[scan] 6EM4 loading candles from futures_contract_5m_candles
[scan] 6EM5 loading candles from futures_contract_5m_candles
[scan] 6EN1 loading candles from futures_contract_5m_candles
[scan] 6EN2 loading candles from futures_contract_5m_candles
[scan] 6EN3 loading candles from futures_contract_5m_candles
[scan] 6EN4 loading candles from futures_contract_5m_candles
[scan] 6EN5 loading candles from futures_contract_5m_candles
[scan] 6EQ1 loading candles from futures_contract_5m_candles
[scan] 6EQ2 loading candles from futures_contract_5m_candles
[scan] 6EQ3 loading candles from futures_contract_5m_candles
[scan] 6EQ4 loading candles from futures_contract_5m_candles
[scan] 6EQ5 loading candles from futures_contract_5m_candles
[scan] 6EU1 loading candles from futures_contract_5m_candles
[scan] 6EU2 loading candles from futures_contract_5m_candles
[scan] 6EU3 loading candles from futures_contract_5m_candles
[scan] 6EU4 loading candles from futures_contract_5m_candles
[scan] 6EU5 loading candles from futures_contract_5m_candles
[scan] 6EV1 loading candles from futures_contract_5m_candles
[scan] 6EV2 loading candles from futures_contract_5m_candles
[scan] 6EV3 loading candles from futures_contract_5m_candles
[scan] 6EV4 loading candles from futures_contract_5m_candles
[scan] 6EV5 loading candles from futures_contract_5m_candles
[scan] 6EX1 loading candles from futures_contract_5m_candles
[scan] 6EX2 loading candles from futures_contract_5m_candles
[scan] 6EX3 loading candles from futures_contract_5m_candles
[scan] 6EX4 loading candles from futures_contract_5m_candles
[scan] 6EX5 loading candles from futures_contract_5m_candles
[scan] 6EZ1 loading candles from futures_contract_5m_candles
[scan] 6EZ2 loading candles from futures_contract_5m_candles
[scan] 6EZ3 loading candles from futures_contract_5m_candles
[scan] 6EZ4 loading candles from futures_contract_5m_candles
[scan] 6EZ5 loading candles from futures_contract_5m_candles
[scan] 6JF2 loading candles from futures_contract_5m_candles
[scan] 6JF3 loading candles from futures_contract_5m_candles
[scan] 6JF4 loading candles from futures_contract_5m_candles
[scan] 6JF5 loading candles from futures_contract_5m_candles
[scan] 6JF6 loading candles from futures_contract_5m_candles
[scan] 6JG2 loading candles from futures_contract_5m_candles
[scan] 6JG3 loading candles from futures_contract_5m_candles
[scan] 6JG4 loading candles from futures_contract_5m_candles
[scan] 6JG5 loading candles from futures_contract_5m_candles
[scan] 6JG6 loading candles from futures_contract_5m_candles
[scan] 6JH2 loading candles from futures_contract_5m_candles
[scan] 6JH3 loading candles from futures_contract_5m_candles
[scan] 6JH4 loading candles from futures_contract_5m_candles
[scan] 6JH5 loading candles from futures_contract_5m_candles
[scan] 6JH6 loading candles from futures_contract_5m_candles
[scan] 6JJ2 loading candles from futures_contract_5m_candles
[scan] 6JJ3 loading candles from futures_contract_5m_candles
[scan] 6JJ4 loading candles from futures_contract_5m_candles
[scan] 6JJ5 loading candles from futures_contract_5m_candles
[scan] 6JJ6 loading candles from futures_contract_5m_candles
[scan] 6JK1 loading candles from futures_contract_5m_candles
[scan] 6JK2 loading candles from futures_contract_5m_candles
[scan] 6JK3 loading candles from futures_contract_5m_candles
[scan] 6JK4 loading candles from futures_contract_5m_candles
[scan] 6JK5 loading candles from futures_contract_5m_candles
[scan] 6JK6 loading candles from futures_contract_5m_candles
[scan] 6JM1 loading candles from futures_contract_5m_candles
[scan] 6JM2 loading candles from futures_contract_5m_candles
[scan] 6JM3 loading candles from futures_contract_5m_candles
[scan] 6JM4 loading candles from futures_contract_5m_candles
[scan] 6JM5 loading candles from futures_contract_5m_candles
[scan] 6JN1 loading candles from futures_contract_5m_candles
[scan] 6JN2 loading candles from futures_contract_5m_candles
[scan] 6JN3 loading candles from futures_contract_5m_candles
[scan] 6JN4 loading candles from futures_contract_5m_candles
[scan] 6JN5 loading candles from futures_contract_5m_candles
[scan] 6JQ1 loading candles from futures_contract_5m_candles
[scan] 6JQ2 loading candles from futures_contract_5m_candles
[scan] 6JQ3 loading candles from futures_contract_5m_candles
[scan] 6JQ4 loading candles from futures_contract_5m_candles
[scan] 6JQ5 loading candles from futures_contract_5m_candles
[scan] 6JU1 loading candles from futures_contract_5m_candles
[scan] 6JU2 loading candles from futures_contract_5m_candles
[scan] 6JU3 loading candles from futures_contract_5m_candles
[scan] 6JU4 loading candles from futures_contract_5m_candles
[scan] 6JU5 loading candles from futures_contract_5m_candles
[scan] 6JV1 loading candles from futures_contract_5m_candles
[scan] 6JV2 loading candles from futures_contract_5m_candles
[scan] 6JV3 loading candles from futures_contract_5m_candles
[scan] 6JV4 loading candles from futures_contract_5m_candles
[scan] 6JV5 loading candles from futures_contract_5m_candles
[scan] 6JX1 loading candles from futures_contract_5m_candles
[scan] 6JX2 loading candles from futures_contract_5m_candles
[scan] 6JX3 loading candles from futures_contract_5m_candles
[scan] 6JX4 loading candles from futures_contract_5m_candles
[scan] 6JX5 loading candles from futures_contract_5m_candles
[scan] 6JZ1 loading candles from futures_contract_5m_candles
[scan] 6JZ2 loading candles from futures_contract_5m_candles
[scan] 6JZ3 loading candles from futures_contract_5m_candles
[scan] 6JZ4 loading candles from futures_contract_5m_candles
[scan] 6JZ5 loading candles from futures_contract_5m_candles
[scan] 6NH2 loading candles from futures_contract_5m_candles
[scan] 6NH3 loading candles from futures_contract_5m_candles
[scan] 6NH4 loading candles from futures_contract_5m_candles
[scan] 6NH5 loading candles from futures_contract_5m_candles
[scan] 6NH6 loading candles from futures_contract_5m_candles
[scan] 6NM1 loading candles from futures_contract_5m_candles
[scan] 6NM2 loading candles from futures_contract_5m_candles
[scan] 6NM3 loading candles from futures_contract_5m_candles
[scan] 6NM4 loading candles from futures_contract_5m_candles
[scan] 6NM5 loading candles from futures_contract_5m_candles
[scan] 6NM6 loading candles from futures_contract_5m_candles
[scan] 6NU1 loading candles from futures_contract_5m_candles
[scan] 6NU2 loading candles from futures_contract_5m_candles
[scan] 6NU3 loading candles from futures_contract_5m_candles
[scan] 6NU4 loading candles from futures_contract_5m_candles
[scan] 6NU5 loading candles from futures_contract_5m_candles
[scan] 6NZ1 loading candles from futures_contract_5m_candles
[scan] 6NZ2 loading candles from futures_contract_5m_candles
[scan] 6NZ3 loading candles from futures_contract_5m_candles
[scan] 6NZ4 loading candles from futures_contract_5m_candles
[scan] 6NZ5 loading candles from futures_contract_5m_candles
[scan] 6SH2 loading candles from futures_contract_5m_candles
[scan] 6SH3 loading candles from futures_contract_5m_candles
[scan] 6SH4 loading candles from futures_contract_5m_candles
[scan] 6SH5 loading candles from futures_contract_5m_candles
[scan] 6SH6 loading candles from futures_contract_5m_candles
[scan] 6SM1 loading candles from futures_contract_5m_candles
[scan] 6SM2 loading candles from futures_contract_5m_candles
[scan] 6SM3 loading candles from futures_contract_5m_candles
[scan] 6SM4 loading candles from futures_contract_5m_candles
[scan] 6SM5 loading candles from futures_contract_5m_candles
[scan] 6SM6 loading candles from futures_contract_5m_candles
[scan] 6SU1 loading candles from futures_contract_5m_candles
[scan] 6SU2 loading candles from futures_contract_5m_candles
[scan] 6SU3 loading candles from futures_contract_5m_candles
[scan] 6SU4 loading candles from futures_contract_5m_candles
[scan] 6SU5 loading candles from futures_contract_5m_candles
[scan] 6SZ1 loading candles from futures_contract_5m_candles
[scan] 6SZ2 loading candles from futures_contract_5m_candles
[scan] 6SZ3 loading candles from futures_contract_5m_candles
[scan] 6SZ4 loading candles from futures_contract_5m_candles
[scan] 6SZ5 loading candles from futures_contract_5m_candles
[scan] CLF2 loading candles from futures_contract_5m_candles
[scan] CLF3 loading candles from futures_contract_5m_candles
[scan] CLF4 loading candles from futures_contract_5m_candles
[scan] CLF5 loading candles from futures_contract_5m_candles
[scan] CLF6 loading candles from futures_contract_5m_candles
[scan] CLG2 loading candles from futures_contract_5m_candles
[scan] CLG3 loading candles from futures_contract_5m_candles
[scan] CLG4 loading candles from futures_contract_5m_candles
[scan] CLG5 loading candles from futures_contract_5m_candles
[scan] CLG6 loading candles from futures_contract_5m_candles
[scan] CLH2 loading candles from futures_contract_5m_candles
[scan] CLH3 loading candles from futures_contract_5m_candles
[scan] CLH4 loading candles from futures_contract_5m_candles
[scan] CLH5 loading candles from futures_contract_5m_candles
[scan] CLH6 loading candles from futures_contract_5m_candles
[scan] CLJ2 loading candles from futures_contract_5m_candles
[scan] CLJ3 loading candles from futures_contract_5m_candles
[scan] CLJ4 loading candles from futures_contract_5m_candles
[scan] CLJ5 loading candles from futures_contract_5m_candles
[scan] CLJ6 loading candles from futures_contract_5m_candles
[scan] CLK2 loading candles from futures_contract_5m_candles
[scan] CLK3 loading candles from futures_contract_5m_candles
[scan] CLK4 loading candles from futures_contract_5m_candles
[scan] CLK5 loading candles from futures_contract_5m_candles
[scan] CLK6 loading candles from futures_contract_5m_candles
[scan] CLM1 loading candles from futures_contract_5m_candles
[scan] CLM2 loading candles from futures_contract_5m_candles
[scan] CLM3 loading candles from futures_contract_5m_candles
[scan] CLM4 loading candles from futures_contract_5m_candles
[scan] CLM5 loading candles from futures_contract_5m_candles
[scan] CLM6 loading candles from futures_contract_5m_candles
[scan] CLN1 loading candles from futures_contract_5m_candles
[scan] CLN2 loading candles from futures_contract_5m_candles
[scan] CLN3 loading candles from futures_contract_5m_candles
[scan] CLN4 loading candles from futures_contract_5m_candles
[scan] CLN5 loading candles from futures_contract_5m_candles
[scan] CLQ1 loading candles from futures_contract_5m_candles
[scan] CLQ2 loading candles from futures_contract_5m_candles
[scan] CLQ3 loading candles from futures_contract_5m_candles
[scan] CLQ4 loading candles from futures_contract_5m_candles
[scan] CLQ5 loading candles from futures_contract_5m_candles
[scan] CLU1 loading candles from futures_contract_5m_candles
[scan] CLU2 loading candles from futures_contract_5m_candles
[scan] CLU3 loading candles from futures_contract_5m_candles
[scan] CLU4 loading candles from futures_contract_5m_candles
[scan] CLU5 loading candles from futures_contract_5m_candles
[scan] CLV1 loading candles from futures_contract_5m_candles
[scan] CLV2 loading candles from futures_contract_5m_candles
[scan] CLV3 loading candles from futures_contract_5m_candles
[scan] CLV4 loading candles from futures_contract_5m_candles
[scan] CLV5 loading candles from futures_contract_5m_candles
[scan] CLX1 loading candles from futures_contract_5m_candles
[scan] CLX2 loading candles from futures_contract_5m_candles
[scan] CLX3 loading candles from futures_contract_5m_candles
[scan] CLX4 loading candles from futures_contract_5m_candles
[scan] CLX5 loading candles from futures_contract_5m_candles
[scan] CLZ1 loading candles from futures_contract_5m_candles
[scan] CLZ2 loading candles from futures_contract_5m_candles
[scan] CLZ3 loading candles from futures_contract_5m_candles
[scan] CLZ4 loading candles from futures_contract_5m_candles
[scan] CLZ5 loading candles from futures_contract_5m_candles
[scan] EMDH2 loading candles from futures_contract_5m_candles
[scan] EMDH3 loading candles from futures_contract_5m_candles
[scan] EMDH4 loading candles from futures_contract_5m_candles
[scan] EMDH5 loading candles from futures_contract_5m_candles
[scan] EMDH6 loading candles from futures_contract_5m_candles
[scan] EMDM1 loading candles from futures_contract_5m_candles
[scan] EMDM2 loading candles from futures_contract_5m_candles
[scan] EMDM3 loading candles from futures_contract_5m_candles
[scan] EMDM4 loading candles from futures_contract_5m_candles
[scan] EMDM5 loading candles from futures_contract_5m_candles
[scan] EMDM6 loading candles from futures_contract_5m_candles
[scan] EMDU1 loading candles from futures_contract_5m_candles
[scan] EMDU2 loading candles from futures_contract_5m_candles
[scan] EMDU3 loading candles from futures_contract_5m_candles
[scan] EMDU4 loading candles from futures_contract_5m_candles
[scan] EMDU5 loading candles from futures_contract_5m_candles
[scan] EMDZ1 loading candles from futures_contract_5m_candles
[scan] EMDZ2 loading candles from futures_contract_5m_candles
[scan] EMDZ3 loading candles from futures_contract_5m_candles
[scan] EMDZ4 loading candles from futures_contract_5m_candles
[scan] EMDZ5 loading candles from futures_contract_5m_candles
[scan] ESH2 loading candles from futures_contract_5m_candles
[scan] ESH3 loading candles from futures_contract_5m_candles
[scan] ESH4 loading candles from futures_contract_5m_candles
[scan] ESH5 loading candles from futures_contract_5m_candles
[scan] ESH6 loading candles from futures_contract_5m_candles
[scan] ESM1 loading candles from futures_contract_5m_candles
[scan] ESM2 loading candles from futures_contract_5m_candles
[scan] ESM3 loading candles from futures_contract_5m_candles
[scan] ESM4 loading candles from futures_contract_5m_candles
[scan] ESM5 loading candles from futures_contract_5m_candles
[scan] ESM6 loading candles from futures_contract_5m_candles
[scan] ESU1 loading candles from futures_contract_5m_candles
[scan] ESU2 loading candles from futures_contract_5m_candles
[scan] ESU3 loading candles from futures_contract_5m_candles
[scan] ESU4 loading candles from futures_contract_5m_candles
[scan] ESU5 loading candles from futures_contract_5m_candles
[scan] ESZ1 loading candles from futures_contract_5m_candles
[scan] ESZ2 loading candles from futures_contract_5m_candles
[scan] ESZ3 loading candles from futures_contract_5m_candles
[scan] ESZ4 loading candles from futures_contract_5m_candles
[scan] ESZ5 loading candles from futures_contract_5m_candles
[scan] GCF2 loading candles from futures_contract_5m_candles
[scan] GCF3 loading candles from futures_contract_5m_candles
[scan] GCF4 loading candles from futures_contract_5m_candles
[scan] GCF5 loading candles from futures_contract_5m_candles
[scan] GCF6 loading candles from futures_contract_5m_candles
[scan] GCG2 loading candles from futures_contract_5m_candles
[scan] GCG3 loading candles from futures_contract_5m_candles
[scan] GCG4 loading candles from futures_contract_5m_candles
[scan] GCG5 loading candles from futures_contract_5m_candles
[scan] GCG6 loading candles from futures_contract_5m_candles
[scan] GCH2 loading candles from futures_contract_5m_candles
[scan] GCH3 loading candles from futures_contract_5m_candles
[scan] GCH4 loading candles from futures_contract_5m_candles
[scan] GCH5 loading candles from futures_contract_5m_candles
[scan] GCH6 loading candles from futures_contract_5m_candles
[scan] GCJ1 loading candles from futures_contract_5m_candles
[scan] GCJ2 loading candles from futures_contract_5m_candles
[scan] GCJ3 loading candles from futures_contract_5m_candles
[scan] GCJ4 loading candles from futures_contract_5m_candles
[scan] GCJ5 loading candles from futures_contract_5m_candles
[scan] GCJ6 loading candles from futures_contract_5m_candles
[scan] GCK1 loading candles from futures_contract_5m_candles
[scan] GCK2 loading candles from futures_contract_5m_candles
[scan] GCK3 loading candles from futures_contract_5m_candles
[scan] GCK4 loading candles from futures_contract_5m_candles
[scan] GCK5 loading candles from futures_contract_5m_candles
[scan] GCM1 loading candles from futures_contract_5m_candles
[scan] GCM2 loading candles from futures_contract_5m_candles
[scan] GCM3 loading candles from futures_contract_5m_candles
[scan] GCM4 loading candles from futures_contract_5m_candles
[scan] GCM5 loading candles from futures_contract_5m_candles
[scan] GCN1 loading candles from futures_contract_5m_candles
[scan] GCN2 loading candles from futures_contract_5m_candles
[scan] GCN3 loading candles from futures_contract_5m_candles
[scan] GCN4 loading candles from futures_contract_5m_candles
[scan] GCN5 loading candles from futures_contract_5m_candles
[scan] GCQ1 loading candles from futures_contract_5m_candles
[scan] GCQ2 loading candles from futures_contract_5m_candles
[scan] GCQ3 loading candles from futures_contract_5m_candles
[scan] GCQ4 loading candles from futures_contract_5m_candles
[scan] GCQ5 loading candles from futures_contract_5m_candles
[scan] GCU1 loading candles from futures_contract_5m_candles
[scan] GCU2 loading candles from futures_contract_5m_candles
[scan] GCU3 loading candles from futures_contract_5m_candles
[scan] GCU4 loading candles from futures_contract_5m_candles
[scan] GCU5 loading candles from futures_contract_5m_candles
[scan] GCV1 loading candles from futures_contract_5m_candles
[scan] GCV2 loading candles from futures_contract_5m_candles
[scan] GCV3 loading candles from futures_contract_5m_candles
[scan] GCV4 loading candles from futures_contract_5m_candles
[scan] GCV5 loading candles from futures_contract_5m_candles
[scan] GCX1 loading candles from futures_contract_5m_candles
[scan] GCX2 loading candles from futures_contract_5m_candles
[scan] GCX3 loading candles from futures_contract_5m_candles
[scan] GCX4 loading candles from futures_contract_5m_candles
[scan] GCX5 loading candles from futures_contract_5m_candles
[scan] GCZ1 loading candles from futures_contract_5m_candles
[scan] GCZ2 loading candles from futures_contract_5m_candles
[scan] GCZ3 loading candles from futures_contract_5m_candles
[scan] GCZ4 loading candles from futures_contract_5m_candles
[scan] GCZ5 loading candles from futures_contract_5m_candles
[scan] GFF2 loading candles from futures_contract_5m_candles
[scan] GFF3 loading candles from futures_contract_5m_candles
[scan] GFF4 loading candles from futures_contract_5m_candles
[scan] GFF5 loading candles from futures_contract_5m_candles
[scan] GFF6 loading candles from futures_contract_5m_candles
[scan] GFH2 loading candles from futures_contract_5m_candles
[scan] GFH3 loading candles from futures_contract_5m_candles
[scan] GFH4 loading candles from futures_contract_5m_candles
[scan] GFH5 loading candles from futures_contract_5m_candles
[scan] GFH6 loading candles from futures_contract_5m_candles
[scan] GFJ1 loading candles from futures_contract_5m_candles
[scan] GFJ2 loading candles from futures_contract_5m_candles
[scan] GFJ3 loading candles from futures_contract_5m_candles
[scan] GFJ4 loading candles from futures_contract_5m_candles
[scan] GFJ5 loading candles from futures_contract_5m_candles
[scan] GFJ6 loading candles from futures_contract_5m_candles
[scan] GFK1 loading candles from futures_contract_5m_candles
[scan] GFK2 loading candles from futures_contract_5m_candles
[scan] GFK3 loading candles from futures_contract_5m_candles
[scan] GFK4 loading candles from futures_contract_5m_candles
[scan] GFK5 loading candles from futures_contract_5m_candles
[scan] GFQ1 loading candles from futures_contract_5m_candles
[scan] GFQ2 loading candles from futures_contract_5m_candles
[scan] GFQ3 loading candles from futures_contract_5m_candles
[scan] GFQ4 loading candles from futures_contract_5m_candles
[scan] GFQ5 loading candles from futures_contract_5m_candles
[scan] GFU1 loading candles from futures_contract_5m_candles
[scan] GFU2 loading candles from futures_contract_5m_candles
[scan] GFU3 loading candles from futures_contract_5m_candles
[scan] GFU4 loading candles from futures_contract_5m_candles
[scan] GFU5 loading candles from futures_contract_5m_candles
[scan] GFV1 loading candles from futures_contract_5m_candles
[scan] GFV2 loading candles from futures_contract_5m_candles
[scan] GFV3 loading candles from futures_contract_5m_candles
[scan] GFV4 loading candles from futures_contract_5m_candles
[scan] GFV5 loading candles from futures_contract_5m_candles
[scan] GFX1 loading candles from futures_contract_5m_candles
[scan] GFX2 loading candles from futures_contract_5m_candles
[scan] GFX3 loading candles from futures_contract_5m_candles
[scan] GFX4 loading candles from futures_contract_5m_candles
[scan] GFX5 loading candles from futures_contract_5m_candles
[scan] HEG2 loading candles from futures_contract_5m_candles
[scan] HEG3 loading candles from futures_contract_5m_candles
[scan] HEG4 loading candles from futures_contract_5m_candles
[scan] HEG5 loading candles from futures_contract_5m_candles
[scan] HEG6 loading candles from futures_contract_5m_candles
[scan] HEJ2 loading candles from futures_contract_5m_candles
[scan] HEJ3 loading candles from futures_contract_5m_candles
[scan] HEJ4 loading candles from futures_contract_5m_candles
[scan] HEJ5 loading candles from futures_contract_5m_candles
[scan] HEJ6 loading candles from futures_contract_5m_candles
[scan] HEK1 loading candles from futures_contract_5m_candles
[scan] HEK2 loading candles from futures_contract_5m_candles
[scan] HEK3 loading candles from futures_contract_5m_candles
[scan] HEK4 loading candles from futures_contract_5m_candles
[scan] HEK5 loading candles from futures_contract_5m_candles
[scan] HEK6 loading candles from futures_contract_5m_candles
[scan] HEM1 loading candles from futures_contract_5m_candles
[scan] HEM2 loading candles from futures_contract_5m_candles
[scan] HEM3 loading candles from futures_contract_5m_candles
[scan] HEM4 loading candles from futures_contract_5m_candles
[scan] HEM5 loading candles from futures_contract_5m_candles
[scan] HEN1 loading candles from futures_contract_5m_candles
[scan] HEN2 loading candles from futures_contract_5m_candles
[scan] HEN3 loading candles from futures_contract_5m_candles
[scan] HEN4 loading candles from futures_contract_5m_candles
[scan] HEN5 loading candles from futures_contract_5m_candles
[scan] HEQ1 loading candles from futures_contract_5m_candles
[scan] HEQ2 loading candles from futures_contract_5m_candles
[scan] HEQ3 loading candles from futures_contract_5m_candles
[scan] HEQ4 loading candles from futures_contract_5m_candles
[scan] HEQ5 loading candles from futures_contract_5m_candles
[scan] HEV1 loading candles from futures_contract_5m_candles
[scan] HEV2 loading candles from futures_contract_5m_candles
[scan] HEV3 loading candles from futures_contract_5m_candles
[scan] HEV4 loading candles from futures_contract_5m_candles
[scan] HEV5 loading candles from futures_contract_5m_candles
[scan] HEZ1 loading candles from futures_contract_5m_candles
[scan] HEZ2 loading candles from futures_contract_5m_candles
[scan] HEZ3 loading candles from futures_contract_5m_candles
[scan] HEZ4 loading candles from futures_contract_5m_candles
[scan] HEZ5 loading candles from futures_contract_5m_candles
[scan] HGF2 loading candles from futures_contract_5m_candles
[scan] HGF3 loading candles from futures_contract_5m_candles
[scan] HGF4 loading candles from futures_contract_5m_candles
[scan] HGF5 loading candles from futures_contract_5m_candles
[scan] HGF6 loading candles from futures_contract_5m_candles
[scan] HGG2 loading candles from futures_contract_5m_candles
[scan] HGG3 loading candles from futures_contract_5m_candles
[scan] HGG4 loading candles from futures_contract_5m_candles
[scan] HGG5 loading candles from futures_contract_5m_candles
[scan] HGG6 loading candles from futures_contract_5m_candles
[scan] HGH2 loading candles from futures_contract_5m_candles
[scan] HGH3 loading candles from futures_contract_5m_candles
[scan] HGH4 loading candles from futures_contract_5m_candles
[scan] HGH5 loading candles from futures_contract_5m_candles
[scan] HGH6 loading candles from futures_contract_5m_candles
[scan] HGJ1 loading candles from futures_contract_5m_candles
[scan] HGJ2 loading candles from futures_contract_5m_candles
[scan] HGJ3 loading candles from futures_contract_5m_candles
[scan] HGJ4 loading candles from futures_contract_5m_candles
[scan] HGJ5 loading candles from futures_contract_5m_candles
[scan] HGJ6 loading candles from futures_contract_5m_candles
[scan] HGK1 loading candles from futures_contract_5m_candles
[scan] HGK2 loading candles from futures_contract_5m_candles
[scan] HGK3 loading candles from futures_contract_5m_candles
[scan] HGK4 loading candles from futures_contract_5m_candles
[scan] HGK5 loading candles from futures_contract_5m_candles
[scan] HGM1 loading candles from futures_contract_5m_candles
[scan] HGM2 loading candles from futures_contract_5m_candles
[scan] HGM3 loading candles from futures_contract_5m_candles
[scan] HGM4 loading candles from futures_contract_5m_candles
[scan] HGM5 loading candles from futures_contract_5m_candles
[scan] HGN1 loading candles from futures_contract_5m_candles
[scan] HGN2 loading candles from futures_contract_5m_candles
[scan] HGN3 loading candles from futures_contract_5m_candles
[scan] HGN4 loading candles from futures_contract_5m_candles
[scan] HGN5 loading candles from futures_contract_5m_candles
[scan] HGQ1 loading candles from futures_contract_5m_candles
[scan] HGQ2 loading candles from futures_contract_5m_candles
[scan] HGQ3 loading candles from futures_contract_5m_candles
[scan] HGQ4 loading candles from futures_contract_5m_candles
[scan] HGQ5 loading candles from futures_contract_5m_candles
[scan] HGU1 loading candles from futures_contract_5m_candles
[scan] HGU2 loading candles from futures_contract_5m_candles
[scan] HGU3 loading candles from futures_contract_5m_candles
[scan] HGU4 loading candles from futures_contract_5m_candles
[scan] HGU5 loading candles from futures_contract_5m_candles
[scan] HGV1 loading candles from futures_contract_5m_candles
[scan] HGV2 loading candles from futures_contract_5m_candles
[scan] HGV3 loading candles from futures_contract_5m_candles
[scan] HGV4 loading candles from futures_contract_5m_candles
[scan] HGV5 loading candles from futures_contract_5m_candles
[scan] HGX1 loading candles from futures_contract_5m_candles
[scan] HGX2 loading candles from futures_contract_5m_candles
[scan] HGX3 loading candles from futures_contract_5m_candles
[scan] HGX4 loading candles from futures_contract_5m_candles
[scan] HGX5 loading candles from futures_contract_5m_candles
[scan] HGZ1 loading candles from futures_contract_5m_candles
[scan] HGZ2 loading candles from futures_contract_5m_candles
[scan] HGZ3 loading candles from futures_contract_5m_candles
[scan] HGZ4 loading candles from futures_contract_5m_candles
[scan] HGZ5 loading candles from futures_contract_5m_candles
[scan] HOF2 loading candles from futures_contract_5m_candles
[scan] HOF3 loading candles from futures_contract_5m_candles
[scan] HOF4 loading candles from futures_contract_5m_candles
[scan] HOF5 loading candles from futures_contract_5m_candles
[scan] HOF6 loading candles from futures_contract_5m_candles
[scan] HOG2 loading candles from futures_contract_5m_candles
[scan] HOG3 loading candles from futures_contract_5m_candles
[scan] HOG4 loading candles from futures_contract_5m_candles
[scan] HOG5 loading candles from futures_contract_5m_candles
[scan] HOG6 loading candles from futures_contract_5m_candles
[scan] HOH2 loading candles from futures_contract_5m_candles
[scan] HOH3 loading candles from futures_contract_5m_candles
[scan] HOH4 loading candles from futures_contract_5m_candles
[scan] HOH5 loading candles from futures_contract_5m_candles
[scan] HOH6 loading candles from futures_contract_5m_candles
[scan] HOJ2 loading candles from futures_contract_5m_candles
[scan] HOJ3 loading candles from futures_contract_5m_candles
[scan] HOJ4 loading candles from futures_contract_5m_candles
[scan] HOJ5 loading candles from futures_contract_5m_candles
[scan] HOJ6 loading candles from futures_contract_5m_candles
[scan] HOK1 loading candles from futures_contract_5m_candles
[scan] HOK2 loading candles from futures_contract_5m_candles
[scan] HOK3 loading candles from futures_contract_5m_candles
[scan] HOK4 loading candles from futures_contract_5m_candles
[scan] HOK5 loading candles from futures_contract_5m_candles
[scan] HOK6 loading candles from futures_contract_5m_candles
[scan] HOM1 loading candles from futures_contract_5m_candles
[scan] HOM2 loading candles from futures_contract_5m_candles
[scan] HOM3 loading candles from futures_contract_5m_candles
[scan] HOM4 loading candles from futures_contract_5m_candles
[scan] HOM5 loading candles from futures_contract_5m_candles
[scan] HON1 loading candles from futures_contract_5m_candles
[scan] HON2 loading candles from futures_contract_5m_candles
[scan] HON3 loading candles from futures_contract_5m_candles
[scan] HON4 loading candles from futures_contract_5m_candles
[scan] HON5 loading candles from futures_contract_5m_candles
[scan] HOQ1 loading candles from futures_contract_5m_candles
[scan] HOQ2 loading candles from futures_contract_5m_candles
[scan] HOQ3 loading candles from futures_contract_5m_candles
[scan] HOQ4 loading candles from futures_contract_5m_candles
[scan] HOQ5 loading candles from futures_contract_5m_candles
[scan] HOU1 loading candles from futures_contract_5m_candles
[scan] HOU2 loading candles from futures_contract_5m_candles
[scan] HOU3 loading candles from futures_contract_5m_candles
[scan] HOU4 loading candles from futures_contract_5m_candles
[scan] HOU5 loading candles from futures_contract_5m_candles
[scan] HOV1 loading candles from futures_contract_5m_candles
[scan] HOV2 loading candles from futures_contract_5m_candles
[scan] HOV3 loading candles from futures_contract_5m_candles
[scan] HOV4 loading candles from futures_contract_5m_candles
[scan] HOV5 loading candles from futures_contract_5m_candles
[scan] HOX1 loading candles from futures_contract_5m_candles
[scan] HOX2 loading candles from futures_contract_5m_candles
[scan] HOX3 loading candles from futures_contract_5m_candles
[scan] HOX4 loading candles from futures_contract_5m_candles
[scan] HOX5 loading candles from futures_contract_5m_candles
[scan] HOZ1 loading candles from futures_contract_5m_candles
[scan] HOZ2 loading candles from futures_contract_5m_candles
[scan] HOZ3 loading candles from futures_contract_5m_candles
[scan] HOZ4 loading candles from futures_contract_5m_candles
[scan] HOZ5 loading candles from futures_contract_5m_candles
[scan] LEG2 loading candles from futures_contract_5m_candles
[scan] LEG3 loading candles from futures_contract_5m_candles
[scan] LEG4 loading candles from futures_contract_5m_candles
[scan] LEG5 loading candles from futures_contract_5m_candles
[scan] LEG6 loading candles from futures_contract_5m_candles
[scan] LEJ1 loading candles from futures_contract_5m_candles
[scan] LEJ2 loading candles from futures_contract_5m_candles
[scan] LEJ3 loading candles from futures_contract_5m_candles
[scan] LEJ4 loading candles from futures_contract_5m_candles
[scan] LEJ5 loading candles from futures_contract_5m_candles
[scan] LEJ6 loading candles from futures_contract_5m_candles
[scan] LEM1 loading candles from futures_contract_5m_candles
[scan] LEM2 loading candles from futures_contract_5m_candles
[scan] LEM3 loading candles from futures_contract_5m_candles
[scan] LEM4 loading candles from futures_contract_5m_candles
[scan] LEM5 loading candles from futures_contract_5m_candles
[scan] LEQ1 loading candles from futures_contract_5m_candles
[scan] LEQ2 loading candles from futures_contract_5m_candles
[scan] LEQ3 loading candles from futures_contract_5m_candles
[scan] LEQ4 loading candles from futures_contract_5m_candles
[scan] LEQ5 loading candles from futures_contract_5m_candles
[scan] LEV1 loading candles from futures_contract_5m_candles
[scan] LEV2 loading candles from futures_contract_5m_candles
[scan] LEV3 loading candles from futures_contract_5m_candles
[scan] LEV4 loading candles from futures_contract_5m_candles
[scan] LEV5 loading candles from futures_contract_5m_candles
[scan] LEZ1 loading candles from futures_contract_5m_candles
[scan] LEZ2 loading candles from futures_contract_5m_candles
[scan] LEZ3 loading candles from futures_contract_5m_candles
[scan] LEZ4 loading candles from futures_contract_5m_candles
[scan] LEZ5 loading candles from futures_contract_5m_candles
[scan] NGF2 loading candles from futures_contract_5m_candles
[scan] NGF26 loading candles from futures_contract_5m_candles
[scan] NGF3 loading candles from futures_contract_5m_candles
[scan] NGF4 loading candles from futures_contract_5m_candles
[scan] NGF5 loading candles from futures_contract_5m_candles
[scan] NGG2 loading candles from futures_contract_5m_candles
[scan] NGG26 loading candles from futures_contract_5m_candles
[scan] NGG3 loading candles from futures_contract_5m_candles
[scan] NGG4 loading candles from futures_contract_5m_candles
[scan] NGG5 loading candles from futures_contract_5m_candles
[scan] NGH2 loading candles from futures_contract_5m_candles
[scan] NGH26 loading candles from futures_contract_5m_candles
[scan] NGH3 loading candles from futures_contract_5m_candles
[scan] NGH4 loading candles from futures_contract_5m_candles
[scan] NGH5 loading candles from futures_contract_5m_candles
[scan] NGJ2 loading candles from futures_contract_5m_candles
[scan] NGJ26 loading candles from futures_contract_5m_candles
[scan] NGJ3 loading candles from futures_contract_5m_candles
[scan] NGJ4 loading candles from futures_contract_5m_candles
[scan] NGJ5 loading candles from futures_contract_5m_candles
[scan] NGK1 loading candles from futures_contract_5m_candles
[scan] NGK2 loading candles from futures_contract_5m_candles
[scan] NGK26 loading candles from futures_contract_5m_candles
[scan] NGK3 loading candles from futures_contract_5m_candles
[scan] NGK4 loading candles from futures_contract_5m_candles
[scan] NGK5 loading candles from futures_contract_5m_candles
[scan] NGM1 loading candles from futures_contract_5m_candles
[scan] NGM2 loading candles from futures_contract_5m_candles
[scan] NGM3 loading candles from futures_contract_5m_candles
[scan] NGM4 loading candles from futures_contract_5m_candles
[scan] NGM5 loading candles from futures_contract_5m_candles
[scan] NGN1 loading candles from futures_contract_5m_candles
[scan] NGN2 loading candles from futures_contract_5m_candles
[scan] NGN25 loading candles from futures_contract_5m_candles
[scan] NGN3 loading candles from futures_contract_5m_candles
[scan] NGN4 loading candles from futures_contract_5m_candles
[scan] NGQ1 loading candles from futures_contract_5m_candles
[scan] NGQ2 loading candles from futures_contract_5m_candles
[scan] NGQ25 loading candles from futures_contract_5m_candles
[scan] NGQ3 loading candles from futures_contract_5m_candles
[scan] NGQ4 loading candles from futures_contract_5m_candles
[scan] NGU1 loading candles from futures_contract_5m_candles
[scan] NGU2 loading candles from futures_contract_5m_candles
[scan] NGU25 loading candles from futures_contract_5m_candles
[scan] NGU3 loading candles from futures_contract_5m_candles
[scan] NGU4 loading candles from futures_contract_5m_candles
[scan] NGV1 loading candles from futures_contract_5m_candles
[scan] NGV2 loading candles from futures_contract_5m_candles
[scan] NGV25 loading candles from futures_contract_5m_candles
[scan] NGV3 loading candles from futures_contract_5m_candles
[scan] NGV4 loading candles from futures_contract_5m_candles
[scan] NGX1 loading candles from futures_contract_5m_candles
[scan] NGX2 loading candles from futures_contract_5m_candles
[scan] NGX25 loading candles from futures_contract_5m_candles
[scan] NGX3 loading candles from futures_contract_5m_candles
[scan] NGX4 loading candles from futures_contract_5m_candles
[scan] NGZ1 loading candles from futures_contract_5m_candles
[scan] NGZ2 loading candles from futures_contract_5m_candles
[scan] NGZ25 loading candles from futures_contract_5m_candles
[scan] NGZ3 loading candles from futures_contract_5m_candles
[scan] NGZ4 loading candles from futures_contract_5m_candles
[scan] NKDH2 loading candles from futures_contract_5m_candles
[scan] NKDH3 loading candles from futures_contract_5m_candles
[scan] NKDH4 loading candles from futures_contract_5m_candles
[scan] NKDH5 loading candles from futures_contract_5m_candles
[scan] NKDH6 loading candles from futures_contract_5m_candles
[scan] NKDM1 loading candles from futures_contract_5m_candles
[scan] NKDM2 loading candles from futures_contract_5m_candles
[scan] NKDM3 loading candles from futures_contract_5m_candles
[scan] NKDM4 loading candles from futures_contract_5m_candles
[scan] NKDM5 loading candles from futures_contract_5m_candles
[scan] NKDM6 loading candles from futures_contract_5m_candles
[scan] NKDU1 loading candles from futures_contract_5m_candles
[scan] NKDU2 loading candles from futures_contract_5m_candles
[scan] NKDU3 loading candles from futures_contract_5m_candles
[scan] NKDU4 loading candles from futures_contract_5m_candles
[scan] NKDU5 loading candles from futures_contract_5m_candles
[scan] NKDZ1 loading candles from futures_contract_5m_candles
[scan] NKDZ2 loading candles from futures_contract_5m_candles
[scan] NKDZ3 loading candles from futures_contract_5m_candles
[scan] NKDZ4 loading candles from futures_contract_5m_candles
[scan] NKDZ5 loading candles from futures_contract_5m_candles
[scan] NQH2 loading candles from futures_contract_5m_candles
[scan] NQH3 loading candles from futures_contract_5m_candles
[scan] NQH4 loading candles from futures_contract_5m_candles
[scan] NQH5 loading candles from futures_contract_5m_candles
[scan] NQH6 loading candles from futures_contract_5m_candles
[scan] NQM1 loading candles from futures_contract_5m_candles
[scan] NQM2 loading candles from futures_contract_5m_candles
[scan] NQM3 loading candles from futures_contract_5m_candles
[scan] NQM4 loading candles from futures_contract_5m_candles
[scan] NQM5 loading candles from futures_contract_5m_candles
[scan] NQM6 loading candles from futures_contract_5m_candles
[scan] NQU1 loading candles from futures_contract_5m_candles
[scan] NQU2 loading candles from futures_contract_5m_candles
[scan] NQU3 loading candles from futures_contract_5m_candles
[scan] NQU4 loading candles from futures_contract_5m_candles
[scan] NQU5 loading candles from futures_contract_5m_candles
[scan] NQZ1 loading candles from futures_contract_5m_candles
[scan] NQZ2 loading candles from futures_contract_5m_candles
[scan] NQZ3 loading candles from futures_contract_5m_candles
[scan] NQZ4 loading candles from futures_contract_5m_candles
[scan] NQZ5 loading candles from futures_contract_5m_candles
[scan] PAF2 loading candles from futures_contract_5m_candles
[scan] PAF3 loading candles from futures_contract_5m_candles
[scan] PAF4 loading candles from futures_contract_5m_candles
[scan] PAF5 loading candles from futures_contract_5m_candles
[scan] PAF6 loading candles from futures_contract_5m_candles
[scan] PAG3 loading candles from futures_contract_5m_candles
[scan] PAG4 loading candles from futures_contract_5m_candles
[scan] PAG5 loading candles from futures_contract_5m_candles
[scan] PAG6 loading candles from futures_contract_5m_candles
[scan] PAH2 loading candles from futures_contract_5m_candles
[scan] PAH3 loading candles from futures_contract_5m_candles
[scan] PAH4 loading candles from futures_contract_5m_candles
[scan] PAH5 loading candles from futures_contract_5m_candles
[scan] PAH6 loading candles from futures_contract_5m_candles
[scan] PAJ2 loading candles from futures_contract_5m_candles
[scan] PAJ5 loading candles from futures_contract_5m_candles
[scan] PAJ6 loading candles from futures_contract_5m_candles
[scan] PAK3 loading candles from futures_contract_5m_candles
[scan] PAK4 loading candles from futures_contract_5m_candles
[scan] PAM1 loading candles from futures_contract_5m_candles
[scan] PAM2 loading candles from futures_contract_5m_candles
[scan] PAM3 loading candles from futures_contract_5m_candles
[scan] PAM4 loading candles from futures_contract_5m_candles
[scan] PAM5 loading candles from futures_contract_5m_candles
[scan] PAN4 loading candles from futures_contract_5m_candles
[scan] PAN5 loading candles from futures_contract_5m_candles
[scan] PAQ1 loading candles from futures_contract_5m_candles
[scan] PAQ4 loading candles from futures_contract_5m_candles
[scan] PAU1 loading candles from futures_contract_5m_candles
[scan] PAU2 loading candles from futures_contract_5m_candles
[scan] PAU3 loading candles from futures_contract_5m_candles
[scan] PAU4 loading candles from futures_contract_5m_candles
[scan] PAU5 loading candles from futures_contract_5m_candles
[scan] PAV5 loading candles from futures_contract_5m_candles
[scan] PAX4 loading candles from futures_contract_5m_candles
[scan] PAX5 loading candles from futures_contract_5m_candles
[scan] PAZ1 loading candles from futures_contract_5m_candles
[scan] PAZ2 loading candles from futures_contract_5m_candles
[scan] PAZ3 loading candles from futures_contract_5m_candles
[scan] PAZ4 loading candles from futures_contract_5m_candles
[scan] PAZ5 loading candles from futures_contract_5m_candles
[scan] PLF2 loading candles from futures_contract_5m_candles
[scan] PLF3 loading candles from futures_contract_5m_candles
[scan] PLF4 loading candles from futures_contract_5m_candles
[scan] PLF5 loading candles from futures_contract_5m_candles
[scan] PLF6 loading candles from futures_contract_5m_candles
[scan] PLG2 loading candles from futures_contract_5m_candles
[scan] PLG3 loading candles from futures_contract_5m_candles
[scan] PLG4 loading candles from futures_contract_5m_candles
[scan] PLG5 loading candles from futures_contract_5m_candles
[scan] PLG6 loading candles from futures_contract_5m_candles
[scan] PLH2 loading candles from futures_contract_5m_candles
[scan] PLH3 loading candles from futures_contract_5m_candles
[scan] PLH4 loading candles from futures_contract_5m_candles
[scan] PLH5 loading candles from futures_contract_5m_candles
[scan] PLH6 loading candles from futures_contract_5m_candles
[scan] PLJ1 loading candles from futures_contract_5m_candles
[scan] PLJ2 loading candles from futures_contract_5m_candles
[scan] PLJ3 loading candles from futures_contract_5m_candles
[scan] PLJ4 loading candles from futures_contract_5m_candles
[scan] PLJ5 loading candles from futures_contract_5m_candles
[scan] PLJ6 loading candles from futures_contract_5m_candles
[scan] PLK1 loading candles from futures_contract_5m_candles
[scan] PLK2 loading candles from futures_contract_5m_candles
[scan] PLK4 loading candles from futures_contract_5m_candles
[scan] PLK5 loading candles from futures_contract_5m_candles
[scan] PLM1 loading candles from futures_contract_5m_candles
[scan] PLM2 loading candles from futures_contract_5m_candles
[scan] PLM4 loading candles from futures_contract_5m_candles
[scan] PLM5 loading candles from futures_contract_5m_candles
[scan] PLN1 loading candles from futures_contract_5m_candles
[scan] PLN2 loading candles from futures_contract_5m_candles
[scan] PLN3 loading candles from futures_contract_5m_candles
[scan] PLN4 loading candles from futures_contract_5m_candles
[scan] PLN5 loading candles from futures_contract_5m_candles
[scan] PLQ1 loading candles from futures_contract_5m_candles
[scan] PLQ2 loading candles from futures_contract_5m_candles
[scan] PLQ3 loading candles from futures_contract_5m_candles
[scan] PLQ4 loading candles from futures_contract_5m_candles
[scan] PLQ5 loading candles from futures_contract_5m_candles
[scan] PLU1 loading candles from futures_contract_5m_candles
[scan] PLU2 loading candles from futures_contract_5m_candles
[scan] PLU4 loading candles from futures_contract_5m_candles
[scan] PLU5 loading candles from futures_contract_5m_candles
[scan] PLV1 loading candles from futures_contract_5m_candles
[scan] PLV2 loading candles from futures_contract_5m_candles
[scan] PLV3 loading candles from futures_contract_5m_candles
[scan] PLV4 loading candles from futures_contract_5m_candles
[scan] PLV5 loading candles from futures_contract_5m_candles
[scan] PLX1 loading candles from futures_contract_5m_candles
[scan] PLX4 loading candles from futures_contract_5m_candles
[scan] PLX5 loading candles from futures_contract_5m_candles
[scan] PLZ1 loading candles from futures_contract_5m_candles
[scan] PLZ3 loading candles from futures_contract_5m_candles
[scan] PLZ4 loading candles from futures_contract_5m_candles
[scan] PLZ5 loading candles from futures_contract_5m_candles
[scan] QGF2 loading candles from futures_contract_5m_candles
[scan] QGF3 loading candles from futures_contract_5m_candles
[scan] QGF4 loading candles from futures_contract_5m_candles
[scan] QGF5 loading candles from futures_contract_5m_candles
[scan] QGF6 loading candles from futures_contract_5m_candles
[scan] QGG2 loading candles from futures_contract_5m_candles
[scan] QGG3 loading candles from futures_contract_5m_candles
[scan] QGG4 loading candles from futures_contract_5m_candles
[scan] QGG5 loading candles from futures_contract_5m_candles
[scan] QGG6 loading candles from futures_contract_5m_candles
[scan] QGH2 loading candles from futures_contract_5m_candles
[scan] QGH3 loading candles from futures_contract_5m_candles
[scan] QGH4 loading candles from futures_contract_5m_candles
[scan] QGH5 loading candles from futures_contract_5m_candles
[scan] QGH6 loading candles from futures_contract_5m_candles
[scan] QGJ2 loading candles from futures_contract_5m_candles
[scan] QGJ3 loading candles from futures_contract_5m_candles
[scan] QGJ4 loading candles from futures_contract_5m_candles
[scan] QGJ5 loading candles from futures_contract_5m_candles
[scan] QGJ6 loading candles from futures_contract_5m_candles
[scan] QGK1 loading candles from futures_contract_5m_candles
[scan] QGK2 loading candles from futures_contract_5m_candles
[scan] QGK3 loading candles from futures_contract_5m_candles
[scan] QGK4 loading candles from futures_contract_5m_candles
[scan] QGK5 loading candles from futures_contract_5m_candles
[scan] QGK6 loading candles from futures_contract_5m_candles
[scan] QGM1 loading candles from futures_contract_5m_candles
[scan] QGM2 loading candles from futures_contract_5m_candles
[scan] QGM3 loading candles from futures_contract_5m_candles
[scan] QGM4 loading candles from futures_contract_5m_candles
[scan] QGM5 loading candles from futures_contract_5m_candles
[scan] QGN1 loading candles from futures_contract_5m_candles
[scan] QGN2 loading candles from futures_contract_5m_candles
[scan] QGN3 loading candles from futures_contract_5m_candles
[scan] QGN4 loading candles from futures_contract_5m_candles
[scan] QGN5 loading candles from futures_contract_5m_candles
[scan] QGQ1 loading candles from futures_contract_5m_candles
[scan] QGQ2 loading candles from futures_contract_5m_candles
[scan] QGQ3 loading candles from futures_contract_5m_candles
[scan] QGQ4 loading candles from futures_contract_5m_candles
[scan] QGQ5 loading candles from futures_contract_5m_candles
[scan] QGU1 loading candles from futures_contract_5m_candles
[scan] QGU2 loading candles from futures_contract_5m_candles
[scan] QGU3 loading candles from futures_contract_5m_candles
[scan] QGU4 loading candles from futures_contract_5m_candles
[scan] QGU5 loading candles from futures_contract_5m_candles
[scan] QGV1 loading candles from futures_contract_5m_candles
[scan] QGV2 loading candles from futures_contract_5m_candles
[scan] QGV3 loading candles from futures_contract_5m_candles
[scan] QGV4 loading candles from futures_contract_5m_candles
[scan] QGV5 loading candles from futures_contract_5m_candles
[scan] QGX1 loading candles from futures_contract_5m_candles
[scan] QGX2 loading candles from futures_contract_5m_candles
[scan] QGX3 loading candles from futures_contract_5m_candles
[scan] QGX4 loading candles from futures_contract_5m_candles
[scan] QGX5 loading candles from futures_contract_5m_candles
[scan] QGZ1 loading candles from futures_contract_5m_candles
[scan] QGZ2 loading candles from futures_contract_5m_candles
[scan] QGZ3 loading candles from futures_contract_5m_candles
[scan] QGZ4 loading candles from futures_contract_5m_candles
[scan] QGZ5 loading candles from futures_contract_5m_candles
[scan] QMF2 loading candles from futures_contract_5m_candles
[scan] QMF3 loading candles from futures_contract_5m_candles
[scan] QMF4 loading candles from futures_contract_5m_candles
[scan] QMF5 loading candles from futures_contract_5m_candles
[scan] QMF6 loading candles from futures_contract_5m_candles
[scan] QMG2 loading candles from futures_contract_5m_candles
[scan] QMG3 loading candles from futures_contract_5m_candles
[scan] QMG4 loading candles from futures_contract_5m_candles
[scan] QMG5 loading candles from futures_contract_5m_candles
[scan] QMG6 loading candles from futures_contract_5m_candles
[scan] QMH2 loading candles from futures_contract_5m_candles
[scan] QMH3 loading candles from futures_contract_5m_candles
[scan] QMH4 loading candles from futures_contract_5m_candles
[scan] QMH5 loading candles from futures_contract_5m_candles
[scan] QMH6 loading candles from futures_contract_5m_candles
[scan] QMJ2 loading candles from futures_contract_5m_candles
[scan] QMJ3 loading candles from futures_contract_5m_candles
[scan] QMJ4 loading candles from futures_contract_5m_candles
[scan] QMJ5 loading candles from futures_contract_5m_candles
[scan] QMJ6 loading candles from futures_contract_5m_candles
[scan] QMK2 loading candles from futures_contract_5m_candles
[scan] QMK3 loading candles from futures_contract_5m_candles
[scan] QMK4 loading candles from futures_contract_5m_candles
[scan] QMK5 loading candles from futures_contract_5m_candles
[scan] QMK6 loading candles from futures_contract_5m_candles
[scan] QMM1 loading candles from futures_contract_5m_candles
[scan] QMM2 loading candles from futures_contract_5m_candles
[scan] QMM3 loading candles from futures_contract_5m_candles
[scan] QMM4 loading candles from futures_contract_5m_candles
[scan] QMM5 loading candles from futures_contract_5m_candles
[scan] QMM6 loading candles from futures_contract_5m_candles
[scan] QMN1 loading candles from futures_contract_5m_candles
[scan] QMN2 loading candles from futures_contract_5m_candles
[scan] QMN3 loading candles from futures_contract_5m_candles
[scan] QMN4 loading candles from futures_contract_5m_candles
[scan] QMN5 loading candles from futures_contract_5m_candles
[scan] QMQ1 loading candles from futures_contract_5m_candles
[scan] QMQ2 loading candles from futures_contract_5m_candles
[scan] QMQ3 loading candles from futures_contract_5m_candles
[scan] QMQ4 loading candles from futures_contract_5m_candles
[scan] QMQ5 loading candles from futures_contract_5m_candles
[scan] QMU1 loading candles from futures_contract_5m_candles
[scan] QMU2 loading candles from futures_contract_5m_candles
[scan] QMU3 loading candles from futures_contract_5m_candles
[scan] QMU4 loading candles from futures_contract_5m_candles
[scan] QMU5 loading candles from futures_contract_5m_candles
[scan] QMV1 loading candles from futures_contract_5m_candles
[scan] QMV2 loading candles from futures_contract_5m_candles
[scan] QMV3 loading candles from futures_contract_5m_candles
[scan] QMV4 loading candles from futures_contract_5m_candles
[scan] QMV5 loading candles from futures_contract_5m_candles
[scan] QMX1 loading candles from futures_contract_5m_candles
[scan] QMX2 loading candles from futures_contract_5m_candles
[scan] QMX3 loading candles from futures_contract_5m_candles
[scan] QMX4 loading candles from futures_contract_5m_candles
[scan] QMX5 loading candles from futures_contract_5m_candles
[scan] QMZ1 loading candles from futures_contract_5m_candles
[scan] QMZ2 loading candles from futures_contract_5m_candles
[scan] QMZ3 loading candles from futures_contract_5m_candles
[scan] QMZ4 loading candles from futures_contract_5m_candles
[scan] QMZ5 loading candles from futures_contract_5m_candles
[scan] RBF2 loading candles from futures_contract_5m_candles
[scan] RBF3 loading candles from futures_contract_5m_candles
[scan] RBF4 loading candles from futures_contract_5m_candles
[scan] RBF5 loading candles from futures_contract_5m_candles
[scan] RBF6 loading candles from futures_contract_5m_candles
[scan] RBG2 loading candles from futures_contract_5m_candles
[scan] RBG3 loading candles from futures_contract_5m_candles
[scan] RBG4 loading candles from futures_contract_5m_candles
[scan] RBG5 loading candles from futures_contract_5m_candles
[scan] RBG6 loading candles from futures_contract_5m_candles
[scan] RBH2 loading candles from futures_contract_5m_candles
[scan] RBH3 loading candles from futures_contract_5m_candles
[scan] RBH4 loading candles from futures_contract_5m_candles
[scan] RBH5 loading candles from futures_contract_5m_candles
[scan] RBH6 loading candles from futures_contract_5m_candles
[scan] RBJ2 loading candles from futures_contract_5m_candles
[scan] RBJ3 loading candles from futures_contract_5m_candles
[scan] RBJ4 loading candles from futures_contract_5m_candles
[scan] RBJ5 loading candles from futures_contract_5m_candles
[scan] RBJ6 loading candles from futures_contract_5m_candles
[scan] RBK1 loading candles from futures_contract_5m_candles
[scan] RBK2 loading candles from futures_contract_5m_candles
[scan] RBK3 loading candles from futures_contract_5m_candles
[scan] RBK4 loading candles from futures_contract_5m_candles
[scan] RBK5 loading candles from futures_contract_5m_candles
[scan] RBK6 loading candles from futures_contract_5m_candles
[scan] RBM1 loading candles from futures_contract_5m_candles
[scan] RBM2 loading candles from futures_contract_5m_candles
[scan] RBM3 loading candles from futures_contract_5m_candles
[scan] RBM4 loading candles from futures_contract_5m_candles
[scan] RBM5 loading candles from futures_contract_5m_candles
[scan] RBN1 loading candles from futures_contract_5m_candles
[scan] RBN2 loading candles from futures_contract_5m_candles
[scan] RBN3 loading candles from futures_contract_5m_candles
[scan] RBN4 loading candles from futures_contract_5m_candles
[scan] RBN5 loading candles from futures_contract_5m_candles
[scan] RBQ1 loading candles from futures_contract_5m_candles
[scan] RBQ2 loading candles from futures_contract_5m_candles
[scan] RBQ3 loading candles from futures_contract_5m_candles
[scan] RBQ4 loading candles from futures_contract_5m_candles
[scan] RBQ5 loading candles from futures_contract_5m_candles
[scan] RBU1 loading candles from futures_contract_5m_candles
[scan] RBU2 loading candles from futures_contract_5m_candles
[scan] RBU3 loading candles from futures_contract_5m_candles
[scan] RBU4 loading candles from futures_contract_5m_candles
[scan] RBU5 loading candles from futures_contract_5m_candles
[scan] RBV1 loading candles from futures_contract_5m_candles
[scan] RBV2 loading candles from futures_contract_5m_candles
[scan] RBV3 loading candles from futures_contract_5m_candles
[scan] RBV4 loading candles from futures_contract_5m_candles
[scan] RBV5 loading candles from futures_contract_5m_candles
[scan] RBX1 loading candles from futures_contract_5m_candles
[scan] RBX2 loading candles from futures_contract_5m_candles
[scan] RBX3 loading candles from futures_contract_5m_candles
[scan] RBX4 loading candles from futures_contract_5m_candles
[scan] RBX5 loading candles from futures_contract_5m_candles
[scan] RBZ1 loading candles from futures_contract_5m_candles
[scan] RBZ2 loading candles from futures_contract_5m_candles
[scan] RBZ3 loading candles from futures_contract_5m_candles
[scan] RBZ4 loading candles from futures_contract_5m_candles
[scan] RBZ5 loading candles from futures_contract_5m_candles
[scan] RTYH2 loading candles from futures_contract_5m_candles
[scan] RTYH3 loading candles from futures_contract_5m_candles
[scan] RTYH4 loading candles from futures_contract_5m_candles
[scan] RTYH5 loading candles from futures_contract_5m_candles
[scan] RTYH6 loading candles from futures_contract_5m_candles
[scan] RTYM1 loading candles from futures_contract_5m_candles
[scan] RTYM2 loading candles from futures_contract_5m_candles
[scan] RTYM3 loading candles from futures_contract_5m_candles
[scan] RTYM4 loading candles from futures_contract_5m_candles
[scan] RTYM5 loading candles from futures_contract_5m_candles
[scan] RTYM6 loading candles from futures_contract_5m_candles
[scan] RTYU1 loading candles from futures_contract_5m_candles
[scan] RTYU2 loading candles from futures_contract_5m_candles
[scan] RTYU3 loading candles from futures_contract_5m_candles
[scan] RTYU4 loading candles from futures_contract_5m_candles
[scan] RTYU5 loading candles from futures_contract_5m_candles
[scan] RTYZ1 loading candles from futures_contract_5m_candles
[scan] RTYZ2 loading candles from futures_contract_5m_candles
[scan] RTYZ3 loading candles from futures_contract_5m_candles
[scan] RTYZ4 loading candles from futures_contract_5m_candles
[scan] RTYZ5 loading candles from futures_contract_5m_candles
[scan] SIF2 loading candles from futures_contract_5m_candles
[scan] SIF3 loading candles from futures_contract_5m_candles
[scan] SIF4 loading candles from futures_contract_5m_candles
[scan] SIF5 loading candles from futures_contract_5m_candles
[scan] SIF6 loading candles from futures_contract_5m_candles
[scan] SIG2 loading candles from futures_contract_5m_candles
[scan] SIG3 loading candles from futures_contract_5m_candles
[scan] SIG4 loading candles from futures_contract_5m_candles
[scan] SIG5 loading candles from futures_contract_5m_candles
[scan] SIG6 loading candles from futures_contract_5m_candles
[scan] SIH2 loading candles from futures_contract_5m_candles
[scan] SIH3 loading candles from futures_contract_5m_candles
[scan] SIH4 loading candles from futures_contract_5m_candles
[scan] SIH5 loading candles from futures_contract_5m_candles
[scan] SIH6 loading candles from futures_contract_5m_candles
[scan] SIJ1 loading candles from futures_contract_5m_candles
[scan] SIJ2 loading candles from futures_contract_5m_candles
[scan] SIJ3 loading candles from futures_contract_5m_candles
[scan] SIJ4 loading candles from futures_contract_5m_candles
[scan] SIJ5 loading candles from futures_contract_5m_candles
[scan] SIJ6 loading candles from futures_contract_5m_candles
[scan] SIK1 loading candles from futures_contract_5m_candles
[scan] SIK2 loading candles from futures_contract_5m_candles
[scan] SIK3 loading candles from futures_contract_5m_candles
[scan] SIK4 loading candles from futures_contract_5m_candles
[scan] SIK5 loading candles from futures_contract_5m_candles
[scan] SIM1 loading candles from futures_contract_5m_candles
[scan] SIM2 loading candles from futures_contract_5m_candles
[scan] SIM3 loading candles from futures_contract_5m_candles
[scan] SIM4 loading candles from futures_contract_5m_candles
[scan] SIM5 loading candles from futures_contract_5m_candles
[scan] SIN1 loading candles from futures_contract_5m_candles
[scan] SIN2 loading candles from futures_contract_5m_candles
[scan] SIN3 loading candles from futures_contract_5m_candles
[scan] SIN4 loading candles from futures_contract_5m_candles
[scan] SIN5 loading candles from futures_contract_5m_candles
[scan] SIQ1 loading candles from futures_contract_5m_candles
[scan] SIQ2 loading candles from futures_contract_5m_candles
[scan] SIQ3 loading candles from futures_contract_5m_candles
[scan] SIQ4 loading candles from futures_contract_5m_candles
[scan] SIQ5 loading candles from futures_contract_5m_candles
[scan] SIU1 loading candles from futures_contract_5m_candles
[scan] SIU2 loading candles from futures_contract_5m_candles
[scan] SIU3 loading candles from futures_contract_5m_candles
[scan] SIU4 loading candles from futures_contract_5m_candles
[scan] SIU5 loading candles from futures_contract_5m_candles
[scan] SIV1 loading candles from futures_contract_5m_candles
[scan] SIV2 loading candles from futures_contract_5m_candles
[scan] SIV3 loading candles from futures_contract_5m_candles
[scan] SIV4 loading candles from futures_contract_5m_candles
[scan] SIV5 loading candles from futures_contract_5m_candles
[scan] SIX1 loading candles from futures_contract_5m_candles
[scan] SIX2 loading candles from futures_contract_5m_candles
[scan] SIX3 loading candles from futures_contract_5m_candles
[scan] SIX4 loading candles from futures_contract_5m_candles
[scan] SIX5 loading candles from futures_contract_5m_candles
[scan] SIZ1 loading candles from futures_contract_5m_candles
[scan] SIZ2 loading candles from futures_contract_5m_candles
[scan] SIZ3 loading candles from futures_contract_5m_candles
[scan] SIZ4 loading candles from futures_contract_5m_candles
[scan] SIZ5 loading candles from futures_contract_5m_candles
[scan] YMH2 loading candles from futures_contract_5m_candles
[scan] YMH3 loading candles from futures_contract_5m_candles
[scan] YMH4 loading candles from futures_contract_5m_candles
[scan] YMH5 loading candles from futures_contract_5m_candles
[scan] YMH6 loading candles from futures_contract_5m_candles
[scan] YMM1 loading candles from futures_contract_5m_candles
[scan] YMM2 loading candles from futures_contract_5m_candles
[scan] YMM3 loading candles from futures_contract_5m_candles
[scan] YMM4 loading candles from futures_contract_5m_candles
[scan] YMM5 loading candles from futures_contract_5m_candles
[scan] YMM6 loading candles from futures_contract_5m_candles
[scan] YMU1 loading candles from futures_contract_5m_candles
[scan] YMU2 loading candles from futures_contract_5m_candles
[scan] YMU3 loading candles from futures_contract_5m_candles
[scan] YMU4 loading candles from futures_contract_5m_candles
[scan] YMU5 loading candles from futures_contract_5m_candles
[scan] YMZ1 loading candles from futures_contract_5m_candles
[scan] YMZ2 loading candles from futures_contract_5m_candles
[scan] YMZ3 loading candles from futures_contract_5m_candles
[scan] YMZ4 loading candles from futures_contract_5m_candles
[scan] YMZ5 loading candles from futures_contract_5m_candles
[scan] ZBH2 loading candles from futures_contract_5m_candles
[scan] ZBH3 loading candles from futures_contract_5m_candles
[scan] ZBH4 loading candles from futures_contract_5m_candles
[scan] ZBH5 loading candles from futures_contract_5m_candles
[scan] ZBH6 loading candles from futures_contract_5m_candles
[scan] ZBM1 loading candles from futures_contract_5m_candles
[scan] ZBM2 loading candles from futures_contract_5m_candles
[scan] ZBM3 loading candles from futures_contract_5m_candles
[scan] ZBM4 loading candles from futures_contract_5m_candles
[scan] ZBM5 loading candles from futures_contract_5m_candles
[scan] ZBM6 loading candles from futures_contract_5m_candles
[scan] ZBU1 loading candles from futures_contract_5m_candles
[scan] ZBU2 loading candles from futures_contract_5m_candles
[scan] ZBU3 loading candles from futures_contract_5m_candles
[scan] ZBU4 loading candles from futures_contract_5m_candles
[scan] ZBU5 loading candles from futures_contract_5m_candles
[scan] ZBZ1 loading candles from futures_contract_5m_candles
[scan] ZBZ2 loading candles from futures_contract_5m_candles
[scan] ZBZ3 loading candles from futures_contract_5m_candles
[scan] ZBZ4 loading candles from futures_contract_5m_candles
[scan] ZBZ5 loading candles from futures_contract_5m_candles
[scan] ZCH2 loading candles from futures_contract_5m_candles
[scan] ZCH3 loading candles from futures_contract_5m_candles
[scan] ZCH4 loading candles from futures_contract_5m_candles
[scan] ZCH5 loading candles from futures_contract_5m_candles
[scan] ZCH6 loading candles from futures_contract_5m_candles
[scan] ZCK1 loading candles from futures_contract_5m_candles
[scan] ZCK2 loading candles from futures_contract_5m_candles
[scan] ZCK3 loading candles from futures_contract_5m_candles
[scan] ZCK4 loading candles from futures_contract_5m_candles
[scan] ZCK5 loading candles from futures_contract_5m_candles
[scan] ZCK6 loading candles from futures_contract_5m_candles
[scan] ZCN1 loading candles from futures_contract_5m_candles
[scan] ZCN2 loading candles from futures_contract_5m_candles
[scan] ZCN3 loading candles from futures_contract_5m_candles
[scan] ZCN4 loading candles from futures_contract_5m_candles
[scan] ZCN5 loading candles from futures_contract_5m_candles
[scan] ZCU1 loading candles from futures_contract_5m_candles
[scan] ZCU2 loading candles from futures_contract_5m_candles
[scan] ZCU3 loading candles from futures_contract_5m_candles
[scan] ZCU4 loading candles from futures_contract_5m_candles
[scan] ZCU5 loading candles from futures_contract_5m_candles
[scan] ZCZ1 loading candles from futures_contract_5m_candles
[scan] ZCZ2 loading candles from futures_contract_5m_candles
[scan] ZCZ3 loading candles from futures_contract_5m_candles
[scan] ZCZ4 loading candles from futures_contract_5m_candles
[scan] ZCZ5 loading candles from futures_contract_5m_candles
[scan] ZLF2 loading candles from futures_contract_5m_candles
[scan] ZLF3 loading candles from futures_contract_5m_candles
[scan] ZLF4 loading candles from futures_contract_5m_candles
[scan] ZLF5 loading candles from futures_contract_5m_candles
[scan] ZLF6 loading candles from futures_contract_5m_candles
[scan] ZLH2 loading candles from futures_contract_5m_candles
[scan] ZLH3 loading candles from futures_contract_5m_candles
[scan] ZLH4 loading candles from futures_contract_5m_candles
[scan] ZLH5 loading candles from futures_contract_5m_candles
[scan] ZLH6 loading candles from futures_contract_5m_candles
[scan] ZLK1 loading candles from futures_contract_5m_candles
[scan] ZLK2 loading candles from futures_contract_5m_candles
[scan] ZLK3 loading candles from futures_contract_5m_candles
[scan] ZLK4 loading candles from futures_contract_5m_candles
[scan] ZLK5 loading candles from futures_contract_5m_candles
[scan] ZLK6 loading candles from futures_contract_5m_candles
[scan] ZLN1 loading candles from futures_contract_5m_candles
[scan] ZLN2 loading candles from futures_contract_5m_candles
[scan] ZLN3 loading candles from futures_contract_5m_candles
[scan] ZLN4 loading candles from futures_contract_5m_candles
[scan] ZLN5 loading candles from futures_contract_5m_candles
[scan] ZLQ1 loading candles from futures_contract_5m_candles
[scan] ZLQ2 loading candles from futures_contract_5m_candles
[scan] ZLQ3 loading candles from futures_contract_5m_candles
[scan] ZLQ4 loading candles from futures_contract_5m_candles
[scan] ZLQ5 loading candles from futures_contract_5m_candles
[scan] ZLU1 loading candles from futures_contract_5m_candles
[scan] ZLU2 loading candles from futures_contract_5m_candles
[scan] ZLU3 loading candles from futures_contract_5m_candles
[scan] ZLU4 loading candles from futures_contract_5m_candles
[scan] ZLU5 loading candles from futures_contract_5m_candles
[scan] ZLV1 loading candles from futures_contract_5m_candles
[scan] ZLV2 loading candles from futures_contract_5m_candles
[scan] ZLV3 loading candles from futures_contract_5m_candles
[scan] ZLV4 loading candles from futures_contract_5m_candles
[scan] ZLV5 loading candles from futures_contract_5m_candles
[scan] ZLZ1 loading candles from futures_contract_5m_candles
[scan] ZLZ2 loading candles from futures_contract_5m_candles
[scan] ZLZ3 loading candles from futures_contract_5m_candles
[scan] ZLZ4 loading candles from futures_contract_5m_candles
[scan] ZLZ5 loading candles from futures_contract_5m_candles
[scan] ZMF2 loading candles from futures_contract_5m_candles
[scan] ZMF3 loading candles from futures_contract_5m_candles
[scan] ZMF4 loading candles from futures_contract_5m_candles
[scan] ZMF5 loading candles from futures_contract_5m_candles
[scan] ZMF6 loading candles from futures_contract_5m_candles
[scan] ZMH2 loading candles from futures_contract_5m_candles
[scan] ZMH3 loading candles from futures_contract_5m_candles
[scan] ZMH4 loading candles from futures_contract_5m_candles
[scan] ZMH5 loading candles from futures_contract_5m_candles
[scan] ZMH6 loading candles from futures_contract_5m_candles
[scan] ZMK1 loading candles from futures_contract_5m_candles
[scan] ZMK2 loading candles from futures_contract_5m_candles
[scan] ZMK3 loading candles from futures_contract_5m_candles
[scan] ZMK4 loading candles from futures_contract_5m_candles
[scan] ZMK5 loading candles from futures_contract_5m_candles
[scan] ZMK6 loading candles from futures_contract_5m_candles
[scan] ZMN1 loading candles from futures_contract_5m_candles
[scan] ZMN2 loading candles from futures_contract_5m_candles
[scan] ZMN3 loading candles from futures_contract_5m_candles
[scan] ZMN4 loading candles from futures_contract_5m_candles
[scan] ZMN5 loading candles from futures_contract_5m_candles
[scan] ZMQ1 loading candles from futures_contract_5m_candles
[scan] ZMQ2 loading candles from futures_contract_5m_candles
[scan] ZMQ3 loading candles from futures_contract_5m_candles
[scan] ZMQ4 loading candles from futures_contract_5m_candles
[scan] ZMQ5 loading candles from futures_contract_5m_candles
[scan] ZMU1 loading candles from futures_contract_5m_candles
[scan] ZMU2 loading candles from futures_contract_5m_candles
[scan] ZMU3 loading candles from futures_contract_5m_candles
[scan] ZMU4 loading candles from futures_contract_5m_candles
[scan] ZMU5 loading candles from futures_contract_5m_candles
[scan] ZMV1 loading candles from futures_contract_5m_candles
[scan] ZMV2 loading candles from futures_contract_5m_candles
[scan] ZMV3 loading candles from futures_contract_5m_candles
[scan] ZMV4 loading candles from futures_contract_5m_candles
[scan] ZMV5 loading candles from futures_contract_5m_candles
[scan] ZMZ1 loading candles from futures_contract_5m_candles
[scan] ZMZ2 loading candles from futures_contract_5m_candles
[scan] ZMZ3 loading candles from futures_contract_5m_candles
[scan] ZMZ4 loading candles from futures_contract_5m_candles
[scan] ZMZ5 loading candles from futures_contract_5m_candles
[scan] ZNH2 loading candles from futures_contract_5m_candles
[scan] ZNH3 loading candles from futures_contract_5m_candles
[scan] ZNH4 loading candles from futures_contract_5m_candles
[scan] ZNH5 loading candles from futures_contract_5m_candles
[scan] ZNH6 loading candles from futures_contract_5m_candles
[scan] ZNM1 loading candles from futures_contract_5m_candles
[scan] ZNM2 loading candles from futures_contract_5m_candles
[scan] ZNM3 loading candles from futures_contract_5m_candles
[scan] ZNM4 loading candles from futures_contract_5m_candles
[scan] ZNM5 loading candles from futures_contract_5m_candles
[scan] ZNM6 loading candles from futures_contract_5m_candles
[scan] ZNU1 loading candles from futures_contract_5m_candles
[scan] ZNU2 loading candles from futures_contract_5m_candles
[scan] ZNU3 loading candles from futures_contract_5m_candles
[scan] ZNU4 loading candles from futures_contract_5m_candles
[scan] ZNU5 loading candles from futures_contract_5m_candles
[scan] ZNZ1 loading candles from futures_contract_5m_candles
[scan] ZNZ2 loading candles from futures_contract_5m_candles
[scan] ZNZ3 loading candles from futures_contract_5m_candles
[scan] ZNZ4 loading candles from futures_contract_5m_candles
[scan] ZNZ5 loading candles from futures_contract_5m_candles
[scan] ZSF2 loading candles from futures_contract_5m_candles
[scan] ZSF3 loading candles from futures_contract_5m_candles
[scan] ZSF4 loading candles from futures_contract_5m_candles
[scan] ZSF5 loading candles from futures_contract_5m_candles
[scan] ZSF6 loading candles from futures_contract_5m_candles
[scan] ZSH2 loading candles from futures_contract_5m_candles
[scan] ZSH3 loading candles from futures_contract_5m_candles
[scan] ZSH4 loading candles from futures_contract_5m_candles
[scan] ZSH5 loading candles from futures_contract_5m_candles
[scan] ZSH6 loading candles from futures_contract_5m_candles
[scan] ZSK1 loading candles from futures_contract_5m_candles
[scan] ZSK2 loading candles from futures_contract_5m_candles
[scan] ZSK3 loading candles from futures_contract_5m_candles
[scan] ZSK4 loading candles from futures_contract_5m_candles
[scan] ZSK5 loading candles from futures_contract_5m_candles
[scan] ZSK6 loading candles from futures_contract_5m_candles
[scan] ZSN1 loading candles from futures_contract_5m_candles
[scan] ZSN2 loading candles from futures_contract_5m_candles
[scan] ZSN3 loading candles from futures_contract_5m_candles
[scan] ZSN4 loading candles from futures_contract_5m_candles
[scan] ZSN5 loading candles from futures_contract_5m_candles
[scan] ZSQ1 loading candles from futures_contract_5m_candles
[scan] ZSQ2 loading candles from futures_contract_5m_candles
[scan] ZSQ3 loading candles from futures_contract_5m_candles
[scan] ZSQ4 loading candles from futures_contract_5m_candles
[scan] ZSQ5 loading candles from futures_contract_5m_candles
[scan] ZSU1 loading candles from futures_contract_5m_candles
[scan] ZSU2 loading candles from futures_contract_5m_candles
[scan] ZSU3 loading candles from futures_contract_5m_candles
[scan] ZSU4 loading candles from futures_contract_5m_candles
[scan] ZSU5 loading candles from futures_contract_5m_candles
[scan] ZSX1 loading candles from futures_contract_5m_candles
[scan] ZSX2 loading candles from futures_contract_5m_candles
[scan] ZSX3 loading candles from futures_contract_5m_candles
[scan] ZSX4 loading candles from futures_contract_5m_candles
[scan] ZSX5 loading candles from futures_contract_5m_candles
[scan] ZWH2 loading candles from futures_contract_5m_candles
[scan] ZWH3 loading candles from futures_contract_5m_candles
[scan] ZWH4 loading candles from futures_contract_5m_candles
[scan] ZWH5 loading candles from futures_contract_5m_candles
[scan] ZWH6 loading candles from futures_contract_5m_candles
[scan] ZWK1 loading candles from futures_contract_5m_candles
[scan] ZWK2 loading candles from futures_contract_5m_candles
[scan] ZWK3 loading candles from futures_contract_5m_candles
[scan] ZWK4 loading candles from futures_contract_5m_candles
[scan] ZWK5 loading candles from futures_contract_5m_candles
[scan] ZWK6 loading candles from futures_contract_5m_candles
[scan] ZWN1 loading candles from futures_contract_5m_candles
[scan] ZWN2 loading candles from futures_contract_5m_candles
[scan] ZWN3 loading candles from futures_contract_5m_candles
[scan] ZWN4 loading candles from futures_contract_5m_candles
[scan] ZWN5 loading candles from futures_contract_5m_candles
[scan] ZWU1 loading candles from futures_contract_5m_candles
[scan] ZWU2 loading candles from futures_contract_5m_candles
[scan] ZWU3 loading candles from futures_contract_5m_candles
[scan] ZWU4 loading candles from futures_contract_5m_candles
[scan] ZWU5 loading candles from futures_contract_5m_candles
[scan] ZWZ1 loading candles from futures_contract_5m_candles
[scan] ZWZ2 loading candles from futures_contract_5m_candles
[scan] ZWZ3 loading candles from futures_contract_5m_candles
[scan] ZWZ4 loading candles from futures_contract_5m_candles
[scan] ZWZ5 loading candles from futures_contract_5m_candles
