🔹 Starting server...
✅ Connected to local DB
🔔 Incoming request: POST /pattern-detail
🔔 Incoming request: POST /pattern-families
🔔 Incoming request: POST /phase1/supply
🔔 Incoming request: POST /entry-exit/templates
🔔 Incoming request: POST /phase1/family-patterns
🔔 Incoming request: POST /phase1/results
🔔 Incoming request: POST /phase1/family-patterns
🔔 Incoming request: POST /entry-exit/router-runs
🔔 Incoming request: POST /entry-exit/template-breakdown
🔔 Incoming request: POST /pattern-detail
🔔 Incoming request: POST /phase1/leaderboard
🔔 Incoming request: POST /simulator/phase1-route-replay
🔔 Incoming request: POST /pattern-detail
🔔 Incoming request: POST /candles
✅ Successfully fetched 1450 candles
🔔 Incoming request: POST /candles
✅ Successfully fetched 351 candles
🔔 Incoming request: POST /simulator/phase1-pattern-route-replay
🔔 Incoming request: POST /pattern-detail
🔔 Incoming request: POST /candles
✅ Successfully fetched 1450 candles
🔔 Incoming request: POST /phase1/family-patterns
🔔 Incoming request: POST /simulator/phase1-pattern-route-replay
🔔 Incoming request: POST /pattern-detail
🔔 Incoming request: POST /candles
✅ Successfully fetched 1453 candles
🔔 Incoming request: POST /simulator/phase1-pattern-route-replay
🔔 Incoming request: POST /pattern-detail
🔔 Incoming request: POST /candles
✅ Successfully fetched 1453 candles
🔔 Incoming request: POST /simulator/phase1-pattern-route-replay
🔔 Incoming request: POST /pattern-detail
🔔 Incoming request: POST /candles
✅ Successfully fetched 1453 candles
🔔 Incoming request: POST /simulator/phase1-pattern-route-replay
🔔 Incoming request: POST /pattern-detail
🔔 Incoming request: POST /candles
✅ Successfully fetched 1453 candles
🔔 Incoming request: POST /simulator/phase1-pattern-route-replay
🔔 Incoming request: POST /pattern-detail
🔔 Incoming request: POST /candles
✅ Successfully fetched 1453 candles
🔔 Incoming request: POST /simulator/phase1-pattern-route-replay
🔔 Incoming request: POST /pattern-detail
🔔 Incoming request: POST /candles
✅ Successfully fetched 1453 candles
🔔 Incoming request: POST /simulator/phase1-pattern-route-replay
🔔 Incoming request: POST /pattern-detail
🔔 Incoming request: POST /candles
✅ Successfully fetched 1453 candles
🔔 Incoming request: POST /simulator/phase1-pattern-route-replay
🔔 Incoming request: POST /pattern-detail
🔔 Incoming request: POST /candles
✅ Successfully fetched 1453 candles
🔔 Incoming request: POST /simulator/phase1-pattern-route-replay
🔔 Incoming request: POST /pattern-detail
🔔 Incoming request: POST /candles
✅ Successfully fetched 1453 candles
🔔 Incoming request: POST /simulator/phase1-pattern-route-replay
🔔 Incoming request: POST /pattern-detail
🔔 Incoming request: POST /candles
✅ Successfully fetched 1453 candles
🔔 Incoming request: POST /simulator/phase1-pattern-route-replay
🔔 Incoming request: POST /pattern-detail
🔔 Incoming request: POST /candles
✅ Successfully fetched 8679 candles
🔔 Incoming request: POST /simulator/phase1-pattern-route-replay
🔔 Incoming request: POST /pattern-detail
🔔 Incoming request: POST /candles
✅ Successfully fetched 1453 candles
🔔 Incoming request: POST /simulator/phase1-pattern-route-replay
🔔 Incoming request: POST /pattern-detail
🔔 Incoming request: POST /candles
✅ Successfully fetched 1453 candles
🔔 Incoming request: POST /simulator/phase1-pattern-route-replay
🔔 Incoming request: POST /pattern-detail
🔔 Incoming request: POST /candles
✅ Successfully fetched 1453 candles
🔔 Incoming request: POST /simulator/phase1-pattern-route-replay
🔔 Incoming request: POST /pattern-detail
🔔 Incoming request: POST /candles
✅ Successfully fetched 8679 candles
🔔 Incoming request: POST /simulator/phase1-pattern-route-replay
🔔 Incoming request: POST /pattern-detail
🔔 Incoming request: POST /candles
✅ Successfully fetched 1453 candles
🔔 Incoming request: POST /simulator/phase1-pattern-route-replay
🔔 Incoming request: POST /pattern-detail
🔔 Incoming request: POST /candles
✅ Successfully fetched 1453 candles
🔔 Incoming request: POST /pattern-families
🔔 Incoming request: POST /phase1/supply
🔔 Incoming request: POST /entry-exit/templates
🔔 Incoming request: POST /strategy-candidates
🔔 Incoming request: POST /phase1/family-patterns
🔔 Incoming request: POST /phase1/results
🔔 Incoming request: POST /entry-exit/router-runs
🔔 Incoming request: POST /entry-exit/template-breakdown
🔔 Incoming request: POST /phase1/family-patterns
🔔 Incoming request: POST /phase1/leaderboard
🔔 Incoming request: POST /simulator/phase1-route-replay
🔔 Incoming request: POST /pattern-detail
🔔 Incoming request: POST /candles
✅ Successfully fetched 351 candles
🔔 Incoming request: POST /pattern-detail
🔔 Incoming request: POST /candles
✅ Successfully fetched 1450 candles
🔔 Incoming request: POST /simulator/phase1-pattern-route-replay
🔔 Incoming request: POST /pattern-detail
🔔 Incoming request: POST /candles
✅ Successfully fetched 1450 candles
🔔 Incoming request: POST /pattern-families
🔔 Incoming request: POST /entry-exit/templates
🔔 Incoming request: POST /phase1/supply
🔔 Incoming request: POST /strategy-candidates
🔔 Incoming request: POST /phase1/family-patterns
🔔 Incoming request: POST /phase1/results
🔔 Incoming request: POST /phase1/family-patterns
🔔 Incoming request: POST /entry-exit/router-runs
🔔 Incoming request: POST /entry-exit/template-breakdown
🔔 Incoming request: POST /phase1/leaderboard
🔔 Incoming request: POST /simulator/phase1-route-replay
🔔 Incoming request: POST /pattern-detail
🔔 Incoming request: POST /candles
✅ Successfully fetched 351 candles
🔔 Incoming request: POST /pattern-detail
🔔 Incoming request: POST /candles
✅ Successfully fetched 1450 candles
🔔 Incoming request: POST /simulator/phase1-pattern-route-replay
🔔 Incoming request: POST /pattern-detail
🔔 Incoming request: POST /candles
✅ Successfully fetched 1450 candles
🔔 Incoming request: POST /pattern-families
🔔 Incoming request: POST /phase1/supply
🔔 Incoming request: POST /entry-exit/templates
🔔 Incoming request: POST /phase1/family-patterns
🔔 Incoming request: POST /phase1/results
🔔 Incoming request: POST /entry-exit/router-runs
🔔 Incoming request: POST /entry-exit/template-breakdown
🔔 Incoming request: POST /phase1/family-patterns
🔔 Incoming request: POST /pattern-detail
🔔 Incoming request: POST /phase1/leaderboard
🔔 Incoming request: POST /simulator/phase1-route-replay
🔔 Incoming request: POST /candles
✅ Successfully fetched 351 candles
🔔 Incoming request: POST /pattern-detail
🔔 Incoming request: POST /candles
✅ Successfully fetched 1450 candles
🔔 Incoming request: POST /simulator/phase1-pattern-route-replay
🔔 Incoming request: POST /pattern-detail
🔔 Incoming request: POST /candles
✅ Successfully fetched 1450 candles
🔔 Incoming request: POST /pattern-families
🔔 Incoming request: POST /phase1/family-patterns
🔔 Incoming request: POST /phase1/results
🔔 Incoming request: POST /phase1/supply
🔔 Incoming request: POST /entry-exit/templates
🔔 Incoming request: POST /entry-exit/router-runs
🔔 Incoming request: POST /entry-exit/template-breakdown
🔔 Incoming request: POST /phase1/leaderboard
🔔 Incoming request: POST /simulator/phase1-route-replay
🔔 Incoming request: POST /simulator/phase1-pattern-route-replay
🔔 Incoming request: POST /pattern-detail
🔔 Incoming request: POST /pattern-detail
🔔 Incoming request: POST /simulator/phase1-route-replay
🔔 Incoming request: POST /simulator/phase1-pattern-route-replay
🔔 Incoming request: POST /candles
✅ Successfully fetched 1450 candles
🔔 Incoming request: POST /pattern-detail
🔔 Incoming request: POST /candles
✅ Successfully fetched 1450 candles
🔔 Incoming request: POST /candles
✅ Successfully fetched 1450 candles
🔔 Incoming request: POST /simulator/phase1-pattern-route-replay
🔔 Incoming request: POST /pattern-detail
🔔 Incoming request: POST /candles
✅ Successfully fetched 1450 candles
🔔 Incoming request: POST /phase1/family-patterns
🔔 Incoming request: POST /simulator/phase1-pattern-route-replay
🔔 Incoming request: POST /pattern-detail
🔔 Incoming request: POST /candles
✅ Successfully fetched 1453 candles
🔔 Incoming request: POST /pattern-families
🔔 Incoming request: POST /phase1/supply
🔔 Incoming request: POST /entry-exit/templates
🔔 Incoming request: POST /phase1/family-patterns
🔔 Incoming request: POST /phase1/results
🔔 Incoming request: POST /phase1/family-patterns
🔔 Incoming request: POST /entry-exit/router-runs
🔔 Incoming request: POST /entry-exit/template-breakdown
🔔 Incoming request: POST /pattern-detail
🔔 Incoming request: POST /phase1/leaderboard
🔔 Incoming request: POST /simulator/phase1-route-replay
🔔 Incoming request: POST /candles
✅ Successfully fetched 351 candles
🔔 Incoming request: POST /pattern-detail
🔔 Incoming request: POST /candles
✅ Successfully fetched 1450 candles
🔔 Incoming request: POST /simulator/phase1-pattern-route-replay
🔔 Incoming request: POST /pattern-detail
🔔 Incoming request: POST /candles
✅ Successfully fetched 1450 candles
🔔 Incoming request: POST /phase1/family-patterns
🔔 Incoming request: POST /phase1/family-patterns
🔔 Incoming request: POST /simulator/phase1-pattern-route-replay
🔔 Incoming request: POST /pattern-detail
🔔 Incoming request: POST /candles
✅ Successfully fetched 1453 candles
🔔 Incoming request: POST /simulator/phase1-pattern-route-replay
🔔 Incoming request: POST /pattern-detail
🔔 Incoming request: POST /candles
✅ Successfully fetched 1453 candles
🔔 Incoming request: POST /simulator/phase1-pattern-route-replay
🔔 Incoming request: POST /pattern-detail
🔔 Incoming request: POST /candles
✅ Successfully fetched 1453 candles
🔔 Incoming request: POST /pattern-families
🔔 Incoming request: POST /phase1/supply
🔔 Incoming request: POST /entry-exit/templates
🔔 Incoming request: POST /phase1/family-patterns
🔔 Incoming request: POST /phase1/results
🔔 Incoming request: POST /phase1/family-patterns
🔔 Incoming request: POST /entry-exit/router-runs
🔔 Incoming request: POST /entry-exit/template-breakdown
🔔 Incoming request: POST /pattern-detail
🔔 Incoming request: POST /phase1/leaderboard
🔔 Incoming request: POST /simulator/phase1-route-replay
🔔 Incoming request: POST /candles
✅ Successfully fetched 351 candles
🔔 Incoming request: POST /simulator/phase1-pattern-route-replay
🔔 Incoming request: POST /pattern-detail
🔔 Incoming request: POST /simulator/phase1-pattern-route-replay
🔔 Incoming request: POST /pattern-detail
🔔 Incoming request: POST /candles
🔔 Incoming request: POST /candles
✅ Successfully fetched 1450 candles
✅ Successfully fetched 1450 candles
🔔 Incoming request: POST /phase1/family-patterns
🔔 Incoming request: POST /simulator/phase1-pattern-route-replay
🔔 Incoming request: POST /pattern-detail
🔔 Incoming request: POST /candles
✅ Successfully fetched 1453 candles
🔔 Incoming request: POST /simulator/phase1-pattern-route-replay
🔔 Incoming request: POST /pattern-detail
🔔 Incoming request: POST /candles
✅ Successfully fetched 1453 candles
🔔 Incoming request: POST /simulator/phase1-pattern-route-replay
🔔 Incoming request: POST /pattern-detail
🔔 Incoming request: POST /candles
✅ Successfully fetched 1453 candles
🔔 Incoming request: POST /simulator/phase1-pattern-route-replay
🔔 Incoming request: POST /pattern-detail
🔔 Incoming request: POST /candles
✅ Successfully fetched 1453 candles
🔔 Incoming request: POST /simulator/phase1-pattern-route-replay
🔔 Incoming request: POST /pattern-detail
🔔 Incoming request: POST /candles
✅ Successfully fetched 1453 candles
🔔 Incoming request: POST /simulator/phase1-pattern-route-replay
🔔 Incoming request: POST /pattern-detail
🔔 Incoming request: POST /candles
✅ Successfully fetched 1453 candles
🔔 Incoming request: POST /simulator/phase1-pattern-route-replay
🔔 Incoming request: POST /pattern-detail
🔔 Incoming request: POST /candles
✅ Successfully fetched 1453 candles
🔔 Incoming request: POST /simulator/phase1-pattern-route-replay
🔔 Incoming request: POST /pattern-detail
🔔 Incoming request: POST /candles
✅ Successfully fetched 1453 candles
🔔 Incoming request: POST /simulator/phase1-pattern-route-replay
🔔 Incoming request: POST /pattern-detail
🔔 Incoming request: POST /candles
✅ Successfully fetched 1453 candles
🔔 Incoming request: POST /simulator/phase1-pattern-route-replay
🔔 Incoming request: POST /pattern-detail
🔔 Incoming request: POST /candles
✅ Successfully fetched 1453 candles
🔔 Incoming request: POST /simulator/phase1-pattern-route-replay
🔔 Incoming request: POST /pattern-detail
🔔 Incoming request: POST /candles
✅ Successfully fetched 1453 candles
🔔 Incoming request: POST /simulator/phase1-pattern-route-replay
🔔 Incoming request: POST /pattern-detail
🔔 Incoming request: POST /candles
✅ Successfully fetched 1453 candles
🔔 Incoming request: POST /simulator/phase1-pattern-route-replay
🔔 Incoming request: POST /pattern-detail
🔔 Incoming request: POST /candles
✅ Successfully fetched 1453 candles
🔔 Incoming request: POST /pattern-families
🔔 Incoming request: POST /phase1/family-patterns
🔔 Incoming request: POST /phase1/results
🔔 Incoming request: POST /phase1/supply
🔔 Incoming request: POST /entry-exit/templates
🔔 Incoming request: POST /entry-exit/router-runs
🔔 Incoming request: POST /entry-exit/template-breakdown
🔔 Incoming request: POST /phase1/leaderboard
🔔 Incoming request: POST /simulator/phase1-route-replay
🔔 Incoming request: POST /simulator/phase1-pattern-route-replay
🔔 Incoming request: POST /pattern-detail
🔔 Incoming request: POST /simulator/phase1-route-replay
🔔 Incoming request: POST /simulator/phase1-pattern-route-replay
🔔 Incoming request: POST /candles
✅ Successfully fetched 1453 candles
🔔 Incoming request: POST /simulator/phase1-pattern-route-replay
🔔 Incoming request: POST /pattern-detail
🔔 Incoming request: POST /candles
✅ Successfully fetched 1453 candles
🔔 Incoming request: POST /simulator/phase1-pattern-route-replay
🔔 Incoming request: POST /pattern-detail
🔔 Incoming request: POST /candles
✅ Successfully fetched 308 candles
🔔 Incoming request: POST /simulator/phase1-pattern-route-replay
🔔 Incoming request: POST /pattern-detail
🔔 Incoming request: POST /candles
✅ Successfully fetched 614 candles
🔔 Incoming request: POST /simulator/phase1-pattern-route-replay
🔔 Incoming request: POST /pattern-detail
🔔 Incoming request: POST /candles
🔔 Incoming request: POST /simulator/phase1-pattern-route-replay
🔔 Incoming request: POST /pattern-detail
🔔 Incoming request: POST /candles
✅ Successfully fetched 25538 candles
🔔 Incoming request: POST /simulator/phase1-pattern-route-replay
✅ Successfully fetched 25538 candles
🔔 Incoming request: POST /pattern-detail
🔔 Incoming request: POST /candles
✅ Successfully fetched 25538 candles
🔔 Incoming request: POST /simulator/phase1-pattern-route-replay
🔔 Incoming request: POST /pattern-detail
🔔 Incoming request: POST /simulator/phase1-pattern-route-replay
🔔 Incoming request: POST /pattern-detail
🔔 Incoming request: POST /simulator/phase1-pattern-route-replay
🔔 Incoming request: POST /pattern-detail
🔔 Incoming request: POST /simulator/phase1-pattern-route-replay
🔔 Incoming request: POST /pattern-detail
🔔 Incoming request: POST /simulator/phase1-pattern-route-replay
🔔 Incoming request: POST /pattern-detail
🔔 Incoming request: POST /simulator/phase1-pattern-route-replay
🔔 Incoming request: POST /pattern-detail
🔔 Incoming request: POST /simulator/phase1-pattern-route-replay
🔔 Incoming request: POST /pattern-detail
🔔 Incoming request: POST /simulator/phase1-pattern-route-replay
🔔 Incoming request: POST /pattern-detail
🔔 Incoming request: POST /simulator/phase1-pattern-route-replay
🔔 Incoming request: POST /pattern-detail
🔔 Incoming request: POST /simulator/phase1-pattern-route-replay
🔔 Incoming request: POST /pattern-detail
🔔 Incoming request: POST /simulator/phase1-pattern-route-replay
🔔 Incoming request: POST /pattern-detail
🔔 Incoming request: POST /simulator/phase1-pattern-route-replay
🔔 Incoming request: POST /pattern-detail
🔔 Incoming request: POST /simulator/phase1-pattern-route-replay
🔔 Incoming request: POST /pattern-detail
🔔 Incoming request: POST /simulator/phase1-pattern-route-replay
🔔 Incoming request: POST /pattern-detail
🔔 Incoming request: POST /simulator/phase1-pattern-route-replay
🔔 Incoming request: POST /pattern-detail
🔔 Incoming request: POST /simulator/phase1-pattern-route-replay
🔔 Incoming request: POST /pattern-detail
🔔 Incoming request: POST /simulator/phase1-pattern-route-replay
🔔 Incoming request: POST /pattern-detail
🔔 Incoming request: POST /simulator/phase1-pattern-route-replay
🔔 Incoming request: POST /pattern-detail
🔔 Incoming request: POST /simulator/phase1-pattern-route-replay
🔔 Incoming request: POST /pattern-detail
🔔 Incoming request: POST /simulator/phase1-pattern-route-replay
🔔 Incoming request: POST /pattern-detail
🔔 Incoming request: POST /simulator/phase1-pattern-route-replay
🔔 Incoming request: POST /pattern-detail
🔔 Incoming request: POST /simulator/phase1-pattern-route-replay
🔔 Incoming request: POST /pattern-detail
🔔 Incoming request: POST /simulator/phase1-pattern-route-replay
🔔 Incoming request: POST /pattern-detail
🔔 Incoming request: POST /simulator/phase1-pattern-route-replay
🔔 Incoming request: POST /pattern-detail
🔔 Incoming request: POST /simulator/phase1-pattern-route-replay
🔔 Incoming request: POST /pattern-detail
🔔 Incoming request: POST /simulator/phase1-pattern-route-replay
🔔 Incoming request: POST /pattern-detail
🔔 Incoming request: POST /simulator/phase1-pattern-route-replay
🔔 Incoming request: POST /pattern-detail
🔔 Incoming request: POST /simulator/phase1-pattern-route-replay
🔔 Incoming request: POST /pattern-detail
🔔 Incoming request: POST /simulator/phase1-pattern-route-replay
🔔 Incoming request: POST /pattern-detail
🔔 Incoming request: POST /candles
🔔 Incoming request: POST /candles
🔔 Incoming request: POST /candles
🔔 Incoming request: POST /candles
🔔 Incoming request: POST /candles
✅ Successfully fetched 2709 candles
✅ Successfully fetched 4400 candles
🔔 Incoming request: POST /candles
🔔 Incoming request: POST /candles
✅ Successfully fetched 83480 candles
✅ Successfully fetched 83056 candles
✅ Successfully fetched 84170 candles
✅ Successfully fetched 84978 candles
🔔 Incoming request: POST /candles
✅ Successfully fetched 85175 candles
🔔 Incoming request: POST /simulator/phase1-pattern-route-replay
🔔 Incoming request: POST /pattern-detail
🔔 Incoming request: POST /simulator/phase1-pattern-route-replay
🔔 Incoming request: POST /pattern-detail
🔔 Incoming request: POST /simulator/phase1-pattern-route-replay
🔔 Incoming request: POST /pattern-detail
🔔 Incoming request: POST /simulator/phase1-pattern-route-replay
🔔 Incoming request: POST /pattern-detail
🔔 Incoming request: POST /simulator/phase1-pattern-route-replay
🔔 Incoming request: POST /pattern-detail
🔔 Incoming request: POST /simulator/phase1-pattern-route-replay
🔔 Incoming request: POST /pattern-detail
🔔 Incoming request: POST /simulator/phase1-pattern-route-replay
🔔 Incoming request: POST /pattern-detail
🔔 Incoming request: POST /simulator/phase1-pattern-route-replay
🔔 Incoming request: POST /pattern-detail
🔔 Incoming request: POST /simulator/phase1-pattern-route-replay
🔔 Incoming request: POST /pattern-detail
🔔 Incoming request: POST /simulator/phase1-pattern-route-replay
🔔 Incoming request: POST /pattern-detail
🔔 Incoming request: POST /simulator/phase1-pattern-route-replay
🔔 Incoming request: POST /pattern-detail
🔔 Incoming request: POST /simulator/phase1-pattern-route-replay
🔔 Incoming request: POST /pattern-detail
🔔 Incoming request: POST /simulator/phase1-pattern-route-replay
🔔 Incoming request: POST /pattern-detail
🔔 Incoming request: POST /simulator/phase1-pattern-route-replay
🔔 Incoming request: POST /pattern-detail
🔔 Incoming request: POST /simulator/phase1-pattern-route-replay
🔔 Incoming request: POST /pattern-detail
🔔 Incoming request: POST /simulator/phase1-pattern-route-replay
🔔 Incoming request: POST /pattern-detail
🔔 Incoming request: POST /simulator/phase1-pattern-route-replay
🔔 Incoming request: POST /pattern-detail
🔔 Incoming request: POST /simulator/phase1-pattern-route-replay
🔔 Incoming request: POST /pattern-detail
🔔 Incoming request: POST /simulator/phase1-pattern-route-replay
🔔 Incoming request: POST /pattern-detail
🔔 Incoming request: POST /simulator/phase1-pattern-route-replay
🔔 Incoming request: POST /pattern-detail
🔔 Incoming request: POST /simulator/phase1-pattern-route-replay
🔔 Incoming request: POST /pattern-detail
🔔 Incoming request: POST /simulator/phase1-pattern-route-replay
🔔 Incoming request: POST /pattern-detail
🔔 Incoming request: POST /simulator/phase1-pattern-route-replay
🔔 Incoming request: POST /pattern-detail
🔔 Incoming request: POST /simulator/phase1-pattern-route-replay
🔔 Incoming request: POST /pattern-detail
🔔 Incoming request: POST /simulator/phase1-pattern-route-replay
🔔 Incoming request: POST /pattern-detail
🔔 Incoming request: POST /simulator/phase1-pattern-route-replay
🔔 Incoming request: POST /pattern-detail
🔔 Incoming request: POST /simulator/phase1-pattern-route-replay
🔔 Incoming request: POST /pattern-detail
🔔 Incoming request: POST /simulator/phase1-pattern-route-replay
🔔 Incoming request: POST /pattern-detail
🔔 Incoming request: POST /simulator/phase1-pattern-route-replay
🔔 Incoming request: POST /pattern-detail
🔔 Incoming request: POST /simulator/phase1-pattern-route-replay
🔔 Incoming request: POST /pattern-detail
🔔 Incoming request: POST /simulator/phase1-pattern-route-replay
✅ Successfully fetched 84948 candles
🔔 Incoming request: POST /pattern-detail
🔔 Incoming request: POST /simulator/phase1-pattern-route-replay
🔔 Incoming request: POST /pattern-detail
🔔 Incoming request: POST /simulator/phase1-pattern-route-replay
🔔 Incoming request: POST /pattern-detail
🔔 Incoming request: POST /simulator/phase1-pattern-route-replay
🔔 Incoming request: POST /pattern-detail
🔔 Incoming request: POST /simulator/phase1-pattern-route-replay
🔔 Incoming request: POST /pattern-detail
🔔 Incoming request: POST /simulator/phase1-pattern-route-replay
🔔 Incoming request: POST /pattern-detail
🔔 Incoming request: POST /simulator/phase1-pattern-route-replay
🔔 Incoming request: POST /pattern-detail
🔔 Incoming request: POST /simulator/phase1-pattern-route-replay
🔔 Incoming request: POST /pattern-detail
🔔 Incoming request: POST /simulator/phase1-pattern-route-replay
🔔 Incoming request: POST /pattern-detail
🔔 Incoming request: POST /simulator/phase1-pattern-route-replay
🔔 Incoming request: POST /pattern-detail
🔔 Incoming request: POST /simulator/phase1-pattern-route-replay
🔔 Incoming request: POST /pattern-detail
🔔 Incoming request: POST /simulator/phase1-pattern-route-replay
🔔 Incoming request: POST /pattern-detail
🔔 Incoming request: POST /simulator/phase1-pattern-route-replay
🔔 Incoming request: POST /pattern-detail
🔔 Incoming request: POST /simulator/phase1-pattern-route-replay
🔔 Incoming request: POST /pattern-detail
🔔 Incoming request: POST /simulator/phase1-pattern-route-replay
🔔 Incoming request: POST /pattern-detail
🔔 Incoming request: POST /simulator/phase1-pattern-route-replay
🔔 Incoming request: POST /pattern-detail
🔔 Incoming request: POST /simulator/phase1-pattern-route-replay
🔔 Incoming request: POST /pattern-detail
🔔 Incoming request: POST /simulator/phase1-pattern-route-replay
🔔 Incoming request: POST /pattern-detail
🔔 Incoming request: POST /simulator/phase1-pattern-route-replay
🔔 Incoming request: POST /pattern-detail
🔔 Incoming request: POST /candles
🔔 Incoming request: POST /candles
✅ Successfully fetched 23760 candles
✅ Successfully fetched 84937 candles
🔔 Incoming request: POST /candles
🔔 Incoming request: POST /candles
🔔 Incoming request: POST /candles
✅ Successfully fetched 1447 candles
🔔 Incoming request: POST /candles
🔔 Incoming request: POST /candles
🔔 Incoming request: POST /candles
✅ Successfully fetched 2081 candles
🔔 Incoming request: POST /candles
🔔 Incoming request: POST /simulator/phase1-pattern-route-replay
✅ Successfully fetched 84542 candles
✅ Successfully fetched 84466 candles
✅ Successfully fetched 82470 candles
✅ Successfully fetched 84034 candles
✅ Successfully fetched 83688 candles
🔔 Incoming request: POST /pattern-detail
🔔 Incoming request: POST /simulator/phase1-pattern-route-replay
🔔 Incoming request: POST /pattern-detail
🔔 Incoming request: POST /simulator/phase1-pattern-route-replay
🔔 Incoming request: POST /pattern-detail
🔔 Incoming request: POST /simulator/phase1-pattern-route-replay
🔔 Incoming request: POST /pattern-detail
🔔 Incoming request: POST /simulator/phase1-pattern-route-replay
🔔 Incoming request: POST /pattern-detail
🔔 Incoming request: POST /simulator/phase1-pattern-route-replay
🔔 Incoming request: POST /pattern-detail
🔔 Incoming request: POST /simulator/phase1-pattern-route-replay
🔔 Incoming request: POST /pattern-detail
🔔 Incoming request: POST /simulator/phase1-pattern-route-replay
🔔 Incoming request: POST /pattern-detail
🔔 Incoming request: POST /simulator/phase1-pattern-route-replay
🔔 Incoming request: POST /pattern-detail
🔔 Incoming request: POST /simulator/phase1-pattern-route-replay
🔔 Incoming request: POST /pattern-detail
🔔 Incoming request: POST /simulator/phase1-pattern-route-replay
🔔 Incoming request: POST /pattern-detail
🔔 Incoming request: POST /simulator/phase1-pattern-route-replay
🔔 Incoming request: POST /pattern-detail
🔔 Incoming request: POST /candles
🔔 Incoming request: POST /candles
✅ Successfully fetched 1251 candles
🔔 Incoming request: POST /candles
🔔 Incoming request: POST /candles
🔔 Incoming request: POST /simulator/phase1-pattern-route-replay
🔔 Incoming request: POST /pattern-detail
🔔 Incoming request: POST /simulator/phase1-pattern-route-replay
🔔 Incoming request: POST /pattern-detail
🔔 Incoming request: POST /simulator/phase1-pattern-route-replay
🔔 Incoming request: POST /pattern-detail
🔔 Incoming request: POST /simulator/phase1-pattern-route-replay
🔔 Incoming request: POST /pattern-detail
🔔 Incoming request: POST /simulator/phase1-pattern-route-replay
🔔 Incoming request: POST /pattern-detail
🔔 Incoming request: POST /simulator/phase1-pattern-route-replay
🔔 Incoming request: POST /pattern-detail
🔔 Incoming request: POST /candles
🔔 Incoming request: POST /candles
🔔 Incoming request: POST /candles
✅ Successfully fetched 81540 candles
✅ Successfully fetched 83185 candles
✅ Successfully fetched 81550 candles
✅ Successfully fetched 81229 candles
✅ Successfully fetched 81297 candles
✅ Successfully fetched 81197 candles
🔔 Incoming request: POST /candles
🔔 Incoming request: POST /candles
🔔 Incoming request: POST /candles
✅ Successfully fetched 7229 candles
🔔 Incoming request: POST /candles
🔔 Incoming request: POST /simulator/phase1-pattern-route-replay
🔔 Incoming request: POST /pattern-detail
🔔 Incoming request: POST /simulator/phase1-pattern-route-replay
🔔 Incoming request: POST /pattern-detail
🔔 Incoming request: POST /simulator/phase1-pattern-route-replay
🔔 Incoming request: POST /pattern-detail
🔔 Incoming request: POST /simulator/phase1-pattern-route-replay
🔔 Incoming request: POST /pattern-detail
🔔 Incoming request: POST /candles
🔔 Incoming request: POST /simulator/phase1-pattern-route-replay
🔔 Incoming request: POST /pattern-detail
🔔 Incoming request: POST /simulator/phase1-pattern-route-replay
🔔 Incoming request: POST /pattern-detail
🔔 Incoming request: POST /simulator/phase1-pattern-route-replay
🔔 Incoming request: POST /pattern-detail
🔔 Incoming request: POST /simulator/phase1-pattern-route-replay
🔔 Incoming request: POST /pattern-detail
🔔 Incoming request: POST /simulator/phase1-pattern-route-replay
🔔 Incoming request: POST /pattern-detail
🔔 Incoming request: POST /simulator/phase1-pattern-route-replay
🔔 Incoming request: POST /pattern-detail
🔔 Incoming request: POST /simulator/phase1-pattern-route-replay
🔔 Incoming request: POST /pattern-detail
🔔 Incoming request: POST /simulator/phase1-pattern-route-replay
🔔 Incoming request: POST /pattern-detail
🔔 Incoming request: POST /simulator/phase1-pattern-route-replay
🔔 Incoming request: POST /pattern-detail
🔔 Incoming request: POST /simulator/phase1-pattern-route-replay
🔔 Incoming request: POST /pattern-detail
🔔 Incoming request: POST /simulator/phase1-pattern-route-replay
🔔 Incoming request: POST /pattern-detail
🔔 Incoming request: POST /simulator/phase1-pattern-route-replay
🔔 Incoming request: POST /pattern-detail
🔔 Incoming request: POST /simulator/phase1-pattern-route-replay
🔔 Incoming request: POST /pattern-detail
🔔 Incoming request: POST /simulator/phase1-pattern-route-replay
🔔 Incoming request: POST /pattern-detail
🔔 Incoming request: POST /simulator/phase1-pattern-route-replay
🔔 Incoming request: POST /pattern-detail
🔔 Incoming request: POST /simulator/phase1-pattern-route-replay
🔔 Incoming request: POST /pattern-detail
🔔 Incoming request: POST /simulator/phase1-pattern-route-replay
🔔 Incoming request: POST /pattern-detail
🔔 Incoming request: POST /simulator/phase1-pattern-route-replay
🔔 Incoming request: POST /pattern-detail
🔔 Incoming request: POST /simulator/phase1-pattern-route-replay
✅ Successfully fetched 82155 candles
🔔 Incoming request: POST /pattern-detail
🔔 Incoming request: POST /simulator/phase1-pattern-route-replay
🔔 Incoming request: POST /pattern-detail
🔔 Incoming request: POST /simulator/phase1-pattern-route-replay
🔔 Incoming request: POST /pattern-detail
🔔 Incoming request: POST /simulator/phase1-pattern-route-replay
🔔 Incoming request: POST /pattern-detail
🔔 Incoming request: POST /simulator/phase1-pattern-route-replay
🔔 Incoming request: POST /pattern-detail
🔔 Incoming request: POST /simulator/phase1-pattern-route-replay
🔔 Incoming request: POST /pattern-detail
🔔 Incoming request: POST /simulator/phase1-pattern-route-replay
✅ Successfully fetched 79778 candles
🔔 Incoming request: POST /pattern-detail
🔔 Incoming request: POST /simulator/phase1-pattern-route-replay
🔔 Incoming request: POST /pattern-detail
🔔 Incoming request: POST /simulator/phase1-pattern-route-replay
🔔 Incoming request: POST /pattern-detail
🔔 Incoming request: POST /simulator/phase1-pattern-route-replay
🔔 Incoming request: POST /pattern-detail
🔔 Incoming request: POST /simulator/phase1-pattern-route-replay
🔔 Incoming request: POST /pattern-detail
🔔 Incoming request: POST /simulator/phase1-pattern-route-replay
🔔 Incoming request: POST /pattern-detail
🔔 Incoming request: POST /simulator/phase1-pattern-route-replay
🔔 Incoming request: POST /pattern-detail
🔔 Incoming request: POST /simulator/phase1-pattern-route-replay
🔔 Incoming request: POST /pattern-detail
🔔 Incoming request: POST /simulator/phase1-pattern-route-replay
🔔 Incoming request: POST /pattern-detail
🔔 Incoming request: POST /simulator/phase1-pattern-route-replay
✅ Successfully fetched 79714 candles
✅ Successfully fetched 79297 candles
🔔 Incoming request: POST /pattern-families
🔔 Incoming request: POST /phase1/supply
🔔 Incoming request: POST /entry-exit/templates
🔔 Incoming request: POST /strategy-candidates
🔔 Incoming request: POST /phase1/family-patterns
🔔 Incoming request: POST /phase1/results
🔔 Incoming request: POST /phase1/family-patterns
🔔 Incoming request: POST /entry-exit/router-runs
🔔 Incoming request: POST /entry-exit/template-breakdown
🔔 Incoming request: POST /pattern-detail
🔔 Incoming request: POST /phase1/leaderboard
🔔 Incoming request: POST /candles
✅ Successfully fetched 351 candles
🔔 Incoming request: POST /simulator/phase1-route-replay
🔔 Incoming request: POST /pattern-detail
🔔 Incoming request: POST /candles
🔔 Incoming request: POST /simulator/phase1-pattern-route-replay
🔔 Incoming request: POST /pattern-detail
✅ Successfully fetched 1450 candles
🔔 Incoming request: POST /candles
✅ Successfully fetched 1450 candles
🔔 Incoming request: POST /simulator/phase1-pattern-route-replay
🔔 Incoming request: POST /pattern-detail
🔔 Incoming request: POST /candles
✅ Successfully fetched 2399 candles
🔔 Incoming request: POST /simulator/phase1-pattern-route-replay
🔔 Incoming request: POST /pattern-detail
🔔 Incoming request: POST /candles
✅ Successfully fetched 1450 candles
🔔 Incoming request: POST /simulator/phase1-pattern-route-replay
🔔 Incoming request: POST /pattern-detail
🔔 Incoming request: POST /candles
✅ Successfully fetched 2399 candles
🔔 Incoming request: POST /simulator/phase1-pattern-route-replay
🔔 Incoming request: POST /pattern-detail
🔔 Incoming request: POST /candles
✅ Successfully fetched 2401 candles
🔔 Incoming request: POST /simulator/phase1-pattern-route-replay
🔔 Incoming request: POST /pattern-detail
🔔 Incoming request: POST /candles
✅ Successfully fetched 2399 candles
🔔 Incoming request: POST /simulator/phase1-pattern-route-replay
🔔 Incoming request: POST /pattern-detail
🔔 Incoming request: POST /candles
✅ Successfully fetched 2401 candles
🔔 Incoming request: POST /simulator/phase1-pattern-route-replay
🔔 Incoming request: POST /pattern-detail
🔔 Incoming request: POST /candles
✅ Successfully fetched 2399 candles
🔔 Incoming request: POST /simulator/phase1-pattern-route-replay
🔔 Incoming request: POST /pattern-detail
🔔 Incoming request: POST /candles
✅ Successfully fetched 2401 candles
🔔 Incoming request: POST /simulator/phase1-pattern-route-replay
🔔 Incoming request: POST /pattern-detail
🔔 Incoming request: POST /candles
✅ Successfully fetched 2491 candles
🔔 Incoming request: POST /simulator/phase1-pattern-route-replay
🔔 Incoming request: POST /pattern-detail
🔔 Incoming request: POST /candles
✅ Successfully fetched 4121 candles
🔔 Incoming request: POST /simulator/phase1-pattern-route-replay
🔔 Incoming request: POST /pattern-detail
🔔 Incoming request: POST /candles
✅ Successfully fetched 2491 candles
🔔 Incoming request: POST /simulator/phase1-pattern-route-replay
🔔 Incoming request: POST /pattern-detail
🔔 Incoming request: POST /candles
✅ Successfully fetched 2401 candles
🔔 Incoming request: POST /simulator/phase1-pattern-route-replay
🔔 Incoming request: POST /pattern-detail
🔔 Incoming request: POST /candles
✅ Successfully fetched 2491 candles
🔔 Incoming request: POST /simulator/phase1-pattern-route-replay
🔔 Incoming request: POST /pattern-detail
🔔 Incoming request: POST /candles
✅ Successfully fetched 4121 candles
🔔 Incoming request: POST /simulator/phase1-pattern-route-replay
🔔 Incoming request: POST /pattern-detail
🔔 Incoming request: POST /candles
✅ Successfully fetched 5117 candles
🔔 Incoming request: POST /simulator/phase1-pattern-route-replay
🔔 Incoming request: POST /pattern-detail
🔔 Incoming request: POST /candles
✅ Successfully fetched 1862 candles
🔔 Incoming request: POST /simulator/phase1-pattern-route-replay
🔔 Incoming request: POST /pattern-detail
🔔 Incoming request: POST /candles
✅ Successfully fetched 1398 candles
🔔 Incoming request: POST /pattern-families
🔔 Incoming request: POST /phase1/supply
🔔 Incoming request: POST /entry-exit/templates
🔔 Incoming request: POST /strategy-candidates
🔔 Incoming request: POST /phase1/family-patterns
🔔 Incoming request: POST /phase1/results
🔔 Incoming request: POST /phase1/family-patterns
🔔 Incoming request: POST /entry-exit/router-runs
🔔 Incoming request: POST /entry-exit/template-breakdown
🔔 Incoming request: POST /phase1/leaderboard
🔔 Incoming request: POST /simulator/phase1-route-replay
🔔 Incoming request: POST /pattern-detail
🔔 Incoming request: POST /candles
✅ Successfully fetched 351 candles
🔔 Incoming request: POST /pattern-detail
🔔 Incoming request: POST /candles
✅ Successfully fetched 1450 candles
🔔 Incoming request: POST /simulator/phase1-pattern-route-replay
🔔 Incoming request: POST /pattern-detail
🔔 Incoming request: POST /candles
✅ Successfully fetched 1450 candles
🔔 Incoming request: POST /simulator/phase1-pattern-route-replay
🔔 Incoming request: POST /pattern-detail
🔔 Incoming request: POST /candles
✅ Successfully fetched 2399 candles
🔔 Incoming request: POST /simulator/phase1-pattern-route-replay
🔔 Incoming request: POST /pattern-detail
🔔 Incoming request: POST /candles
✅ Successfully fetched 2401 candles
🔔 Incoming request: POST /simulator/phase1-pattern-route-replay
🔔 Incoming request: POST /pattern-detail
🔔 Incoming request: POST /candles
✅ Successfully fetched 2491 candles
🔔 Incoming request: POST /simulator/phase1-pattern-route-replay
🔔 Incoming request: POST /pattern-detail
🔔 Incoming request: POST /candles
✅ Successfully fetched 4121 candles
🔔 Incoming request: POST /simulator/phase1-pattern-route-replay
🔔 Incoming request: POST /pattern-detail
🔔 Incoming request: POST /candles
✅ Successfully fetched 5117 candles
🔔 Incoming request: POST /simulator/phase1-pattern-route-replay
🔔 Incoming request: POST /pattern-detail
🔔 Incoming request: POST /candles
✅ Successfully fetched 1862 candles
🔔 Incoming request: POST /simulator/phase1-pattern-route-replay
🔔 Incoming request: POST /pattern-detail
🔔 Incoming request: POST /candles
✅ Successfully fetched 1398 candles
🔔 Incoming request: POST /simulator/phase1-pattern-route-replay
🔔 Incoming request: POST /pattern-detail
🔔 Incoming request: POST /candles
✅ Successfully fetched 1942 candles
🔔 Incoming request: POST /simulator/phase1-pattern-route-replay
🔔 Incoming request: POST /pattern-detail
🔔 Incoming request: POST /candles
✅ Successfully fetched 5580 candles
🔔 Incoming request: POST /simulator/phase1-pattern-route-replay
🔔 Incoming request: POST /pattern-detail
🔔 Incoming request: POST /candles
✅ Successfully fetched 5639 candles
🔔 Incoming request: POST /simulator/phase1-pattern-route-replay
🔔 Incoming request: POST /pattern-detail
🔔 Incoming request: POST /candles
✅ Successfully fetched 2218 candles
🔔 Incoming request: POST /simulator/phase1-pattern-route-replay
🔔 Incoming request: POST /pattern-detail
🔔 Incoming request: POST /candles
✅ Successfully fetched 2218 candles
🔔 Incoming request: POST /simulator/phase1-pattern-route-replay
🔔 Incoming request: POST /pattern-detail
🔔 Incoming request: POST /candles
✅ Successfully fetched 5718 candles
🔔 Incoming request: POST /simulator/phase1-pattern-route-replay
🔔 Incoming request: POST /pattern-detail
🔔 Incoming request: POST /candles
✅ Successfully fetched 6120 candles
🔔 Incoming request: POST /simulator/phase1-pattern-route-replay
🔔 Incoming request: POST /pattern-detail
🔔 Incoming request: POST /candles
✅ Successfully fetched 6120 candles
🔔 Incoming request: POST /simulator/phase1-pattern-route-replay
🔔 Incoming request: POST /pattern-detail
🔔 Incoming request: POST /candles
✅ Successfully fetched 6120 candles
🔔 Incoming request: POST /simulator/phase1-pattern-route-replay
🔔 Incoming request: POST /pattern-detail
🔔 Incoming request: POST /candles
✅ Successfully fetched 5777 candles
🔔 Incoming request: POST /simulator/phase1-pattern-route-replay
🔔 Incoming request: POST /pattern-detail
🔔 Incoming request: POST /candles
✅ Successfully fetched 1421 candles
🔔 Incoming request: POST /simulator/phase1-pattern-route-replay
🔔 Incoming request: POST /pattern-detail
🔔 Incoming request: POST /candles
✅ Successfully fetched 6692 candles
🔔 Incoming request: POST /simulator/phase1-pattern-route-replay
🔔 Incoming request: POST /pattern-detail
🔔 Incoming request: POST /candles
✅ Successfully fetched 6721 candles
🔔 Incoming request: POST /simulator/phase1-pattern-route-replay
🔔 Incoming request: POST /pattern-detail
🔔 Incoming request: POST /candles
✅ Successfully fetched 6806 candles
🔔 Incoming request: POST /simulator/phase1-pattern-route-replay
🔔 Incoming request: POST /pattern-detail
🔔 Incoming request: POST /candles
✅ Successfully fetched 6806 candles
🔔 Incoming request: POST /simulator/phase1-pattern-route-replay
🔔 Incoming request: POST /pattern-detail
🔔 Incoming request: POST /candles
✅ Successfully fetched 7151 candles
🔔 Incoming request: POST /simulator/phase1-pattern-route-replay
🔔 Incoming request: POST /pattern-detail
🔔 Incoming request: POST /candles
✅ Successfully fetched 6291 candles
🔔 Incoming request: POST /simulator/phase1-pattern-route-replay
🔔 Incoming request: POST /pattern-detail
🔔 Incoming request: POST /candles
✅ Successfully fetched 6291 candles
🔔 Incoming request: POST /simulator/phase1-pattern-route-replay
🔔 Incoming request: POST /pattern-detail
🔔 Incoming request: POST /candles
✅ Successfully fetched 7049 candles
🔔 Incoming request: POST /simulator/phase1-pattern-route-replay
🔔 Incoming request: POST /pattern-detail
🔔 Incoming request: POST /candles
✅ Successfully fetched 7049 candles
🔔 Incoming request: POST /simulator/phase1-pattern-route-replay
🔔 Incoming request: POST /pattern-detail
🔔 Incoming request: POST /candles
✅ Successfully fetched 2899 candles
🔔 Incoming request: POST /simulator/phase1-pattern-route-replay
🔔 Incoming request: POST /pattern-detail
🔔 Incoming request: POST /candles
✅ Successfully fetched 7808 candles
🔔 Incoming request: POST /simulator/phase1-pattern-route-replay
🔔 Incoming request: POST /pattern-detail
🔔 Incoming request: POST /candles
✅ Successfully fetched 3071 candles
🔔 Incoming request: POST /simulator/phase1-pattern-route-replay
🔔 Incoming request: POST /pattern-detail
🔔 Incoming request: POST /candles
✅ Successfully fetched 7919 candles
🔔 Incoming request: POST /simulator/phase1-pattern-route-replay
🔔 Incoming request: POST /pattern-detail
🔔 Incoming request: POST /candles
✅ Successfully fetched 8834 candles
🔔 Incoming request: POST /simulator/phase1-pattern-route-replay
🔔 Incoming request: POST /pattern-detail
🔔 Incoming request: POST /candles
✅ Successfully fetched 8796 candles
🔔 Incoming request: POST /simulator/phase1-pattern-route-replay
🔔 Incoming request: POST /pattern-detail
🔔 Incoming request: POST /candles
✅ Successfully fetched 9102 candles
🔔 Incoming request: POST /simulator/phase1-pattern-route-replay
🔔 Incoming request: POST /pattern-detail
🔔 Incoming request: POST /candles
✅ Successfully fetched 1402 candles
🔔 Incoming request: POST /simulator/phase1-pattern-route-replay
🔔 Incoming request: POST /pattern-detail
🔔 Incoming request: POST /candles
✅ Successfully fetched 9314 candles
🔔 Incoming request: POST /simulator/phase1-pattern-route-replay
🔔 Incoming request: POST /pattern-detail
🔔 Incoming request: POST /candles
✅ Successfully fetched 302 candles
🔔 Incoming request: POST /simulator/phase1-pattern-route-replay
🔔 Incoming request: POST /pattern-detail
🔔 Incoming request: POST /candles
✅ Successfully fetched 8916 candles
🔔 Incoming request: POST /simulator/phase1-pattern-route-replay
🔔 Incoming request: POST /pattern-detail
🔔 Incoming request: POST /candles
✅ Successfully fetched 9406 candles
🔔 Incoming request: POST /simulator/phase1-pattern-route-replay
🔔 Incoming request: POST /pattern-detail
🔔 Incoming request: POST /candles
✅ Successfully fetched 9408 candles
🔔 Incoming request: POST /simulator/phase1-pattern-route-replay
🔔 Incoming request: POST /pattern-detail
🔔 Incoming request: POST /candles
✅ Successfully fetched 10761 candles
🔔 Incoming request: POST /simulator/phase1-pattern-route-replay
🔔 Incoming request: POST /pattern-detail
🔔 Incoming request: POST /candles
✅ Successfully fetched 11465 candles
🔔 Incoming request: POST /simulator/phase1-pattern-route-replay
🔔 Incoming request: POST /pattern-detail
🔔 Incoming request: POST /candles
✅ Successfully fetched 11465 candles
🔔 Incoming request: POST /simulator/phase1-pattern-route-replay
🔔 Incoming request: POST /pattern-detail
🔔 Incoming request: POST /candles
✅ Successfully fetched 4466 candles
🔔 Incoming request: POST /simulator/phase1-pattern-route-replay
🔔 Incoming request: POST /pattern-detail
🔔 Incoming request: POST /candles
✅ Successfully fetched 11938 candles
🔔 Incoming request: POST /simulator/phase1-pattern-route-replay
🔔 Incoming request: POST /pattern-detail
🔔 Incoming request: POST /candles
✅ Successfully fetched 11944 candles
🔔 Incoming request: POST /simulator/phase1-pattern-route-replay
🔔 Incoming request: POST /pattern-detail
🔔 Incoming request: POST /candles
✅ Successfully fetched 3925 candles
🔔 Incoming request: POST /phase1/family-patterns
🔔 Incoming request: POST /phase1/family-patterns
🔔 Incoming request: OPTIONS /simulator/phase1-pattern-route-replay
🔔 Incoming request: OPTIONS /pattern-detail
🔔 Incoming request: POST /simulator/phase1-pattern-route-replay
🔔 Incoming request: POST /pattern-detail
🔔 Incoming request: OPTIONS /candles
🔔 Incoming request: POST /candles
✅ Successfully fetched 6301 candles
🔔 Incoming request: POST /simulator/phase1-pattern-route-replay
🔔 Incoming request: POST /pattern-detail
🔔 Incoming request: POST /candles
✅ Successfully fetched 11960 candles
🔔 Incoming request: POST /simulator/phase1-pattern-route-replay
🔔 Incoming request: POST /pattern-detail
🔔 Incoming request: POST /candles
✅ Successfully fetched 6301 candles
🔔 Incoming request: POST /simulator/phase1-pattern-route-replay
🔔 Incoming request: POST /pattern-detail
🔔 Incoming request: POST /candles
✅ Successfully fetched 3925 candles
🔔 Incoming request: POST /simulator/phase1-pattern-route-replay
🔔 Incoming request: POST /pattern-detail
🔔 Incoming request: POST /candles
✅ Successfully fetched 11944 candles
🔔 Incoming request: POST /simulator/phase1-pattern-route-replay
🔔 Incoming request: POST /pattern-detail
🔔 Incoming request: POST /candles
✅ Successfully fetched 3925 candles
🔔 Incoming request: POST /simulator/phase1-pattern-route-replay
🔔 Incoming request: POST /pattern-detail
🔔 Incoming request: POST /candles
✅ Successfully fetched 11944 candles
🔔 Incoming request: POST /simulator/phase1-pattern-route-replay
🔔 Incoming request: POST /pattern-detail
🔔 Incoming request: POST /candles
✅ Successfully fetched 3925 candles
🔔 Incoming request: POST /simulator/phase1-pattern-route-replay
🔔 Incoming request: POST /pattern-detail
🔔 Incoming request: POST /candles
✅ Successfully fetched 6301 candles
🔔 Incoming request: POST /simulator/phase1-pattern-route-replay
🔔 Incoming request: POST /pattern-detail
🔔 Incoming request: POST /candles
✅ Successfully fetched 11960 candles
🔔 Incoming request: POST /simulator/phase1-pattern-route-replay
🔔 Incoming request: POST /pattern-detail
🔔 Incoming request: POST /candles
✅ Successfully fetched 6301 candles
🔔 Incoming request: POST /simulator/phase1-pattern-route-replay
🔔 Incoming request: POST /pattern-detail
🔔 Incoming request: POST /simulator/phase1-pattern-route-replay
🔔 Incoming request: POST /pattern-detail
🔔 Incoming request: POST /candles
🔔 Incoming request: POST /candles
✅ Successfully fetched 3925 candles
✅ Successfully fetched 11944 candles
🔔 Incoming request: POST /simulator/phase1-pattern-route-replay
🔔 Incoming request: POST /pattern-detail
🔔 Incoming request: POST /candles
✅ Successfully fetched 11938 candles
🔔 Incoming request: POST /simulator/phase1-pattern-route-replay
🔔 Incoming request: POST /pattern-detail
🔔 Incoming request: POST /candles
✅ Successfully fetched 4466 candles
🔔 Incoming request: POST /simulator/phase1-pattern-route-replay
🔔 Incoming request: POST /pattern-detail
🔔 Incoming request: POST /candles
✅ Successfully fetched 11465 candles
🔔 Incoming request: POST /simulator/phase1-pattern-route-replay
🔔 Incoming request: POST /pattern-detail
🔔 Incoming request: POST /candles
✅ Successfully fetched 11465 candles
🔔 Incoming request: POST /simulator/phase1-pattern-route-replay
🔔 Incoming request: POST /pattern-detail
🔔 Incoming request: POST /candles
✅ Successfully fetched 10761 candles
🔔 Incoming request: POST /simulator/phase1-pattern-route-replay
🔔 Incoming request: POST /pattern-detail
🔔 Incoming request: POST /candles
✅ Successfully fetched 9408 candles
🔔 Incoming request: POST /simulator/phase1-pattern-route-replay
🔔 Incoming request: POST /pattern-detail
🔔 Incoming request: POST /candles
✅ Successfully fetched 9406 candles
🔔 Incoming request: POST /simulator/phase1-pattern-route-replay
🔔 Incoming request: POST /pattern-detail
🔔 Incoming request: POST /candles
✅ Successfully fetched 8916 candles
🔔 Incoming request: POST /simulator/phase1-pattern-route-replay
🔔 Incoming request: POST /pattern-detail
🔔 Incoming request: POST /candles
✅ Successfully fetched 302 candles
🔔 Incoming request: POST /simulator/phase1-pattern-route-replay
🔔 Incoming request: POST /pattern-detail
🔔 Incoming request: POST /candles
✅ Successfully fetched 9314 candles
🔔 Incoming request: POST /simulator/phase1-pattern-route-replay
🔔 Incoming request: POST /pattern-detail
🔔 Incoming request: POST /candles
✅ Successfully fetched 1402 candles
🔔 Incoming request: POST /simulator/phase1-pattern-route-replay
🔔 Incoming request: POST /pattern-detail
🔔 Incoming request: POST /candles
✅ Successfully fetched 9102 candles
🔔 Incoming request: POST /simulator/phase1-pattern-route-replay
🔔 Incoming request: POST /pattern-detail
🔔 Incoming request: POST /candles
✅ Successfully fetched 8796 candles
🔔 Incoming request: POST /simulator/phase1-pattern-route-replay
🔔 Incoming request: POST /pattern-detail
🔔 Incoming request: POST /candles
✅ Successfully fetched 8834 candles
🔔 Incoming request: POST /simulator/phase1-pattern-route-replay
🔔 Incoming request: POST /pattern-detail
🔔 Incoming request: POST /candles
✅ Successfully fetched 7919 candles
🔔 Incoming request: POST /simulator/phase1-pattern-route-replay
🔔 Incoming request: POST /pattern-detail
🔔 Incoming request: POST /candles
✅ Successfully fetched 3071 candles
🔔 Incoming request: POST /simulator/phase1-pattern-route-replay
🔔 Incoming request: POST /pattern-detail
🔔 Incoming request: POST /candles
✅ Successfully fetched 7808 candles
🔔 Incoming request: POST /simulator/phase1-pattern-route-replay
🔔 Incoming request: POST /pattern-detail
🔔 Incoming request: POST /candles
✅ Successfully fetched 2899 candles
🔔 Incoming request: POST /simulator/phase1-pattern-route-replay
🔔 Incoming request: POST /pattern-detail
🔔 Incoming request: POST /candles
✅ Successfully fetched 7049 candles
🔔 Incoming request: POST /simulator/phase1-pattern-route-replay
🔔 Incoming request: POST /pattern-detail
🔔 Incoming request: POST /candles
✅ Successfully fetched 7049 candles
🔔 Incoming request: POST /simulator/phase1-pattern-route-replay
🔔 Incoming request: POST /pattern-detail
🔔 Incoming request: POST /candles
✅ Successfully fetched 6291 candles
🔔 Incoming request: POST /simulator/phase1-pattern-route-replay
🔔 Incoming request: POST /pattern-detail
🔔 Incoming request: POST /candles
✅ Successfully fetched 6291 candles
🔔 Incoming request: POST /simulator/phase1-pattern-route-replay
🔔 Incoming request: POST /pattern-detail
🔔 Incoming request: POST /candles
✅ Successfully fetched 7151 candles
🔔 Incoming request: POST /simulator/phase1-pattern-route-replay
🔔 Incoming request: POST /pattern-detail
🔔 Incoming request: POST /candles
✅ Successfully fetched 6806 candles
🔔 Incoming request: POST /simulator/phase1-pattern-route-replay
🔔 Incoming request: POST /pattern-detail
🔔 Incoming request: POST /candles
✅ Successfully fetched 6806 candles
🔔 Incoming request: POST /simulator/phase1-pattern-route-replay
🔔 Incoming request: POST /pattern-detail
🔔 Incoming request: POST /candles
✅ Successfully fetched 6721 candles
🔔 Incoming request: POST /simulator/phase1-pattern-route-replay
🔔 Incoming request: POST /pattern-detail
🔔 Incoming request: POST /candles
✅ Successfully fetched 6692 candles
🔔 Incoming request: POST /simulator/phase1-pattern-route-replay
🔔 Incoming request: POST /pattern-detail
🔔 Incoming request: POST /candles
✅ Successfully fetched 1421 candles
🔔 Incoming request: POST /simulator/phase1-pattern-route-replay
🔔 Incoming request: POST /pattern-detail
🔔 Incoming request: POST /candles
✅ Successfully fetched 5777 candles
🔔 Incoming request: POST /simulator/phase1-pattern-route-replay
🔔 Incoming request: POST /pattern-detail
🔔 Incoming request: POST /candles
✅ Successfully fetched 6120 candles
🔔 Incoming request: POST /simulator/phase1-pattern-route-replay
🔔 Incoming request: POST /pattern-detail
🔔 Incoming request: POST /candles
✅ Successfully fetched 6120 candles
🔔 Incoming request: POST /simulator/phase1-pattern-route-replay
🔔 Incoming request: POST /pattern-detail
🔔 Incoming request: POST /candles
✅ Successfully fetched 6120 candles
🔔 Incoming request: POST /simulator/phase1-pattern-route-replay
🔔 Incoming request: POST /pattern-detail
🔔 Incoming request: POST /candles
✅ Successfully fetched 5718 candles
🔔 Incoming request: POST /simulator/phase1-pattern-route-replay
🔔 Incoming request: POST /pattern-detail
🔔 Incoming request: POST /candles
✅ Successfully fetched 2218 candles
🔔 Incoming request: POST /simulator/phase1-pattern-route-replay
🔔 Incoming request: POST /pattern-detail
🔔 Incoming request: POST /candles
✅ Successfully fetched 2218 candles
🔔 Incoming request: POST /simulator/phase1-pattern-route-replay
🔔 Incoming request: POST /pattern-detail
🔔 Incoming request: POST /candles
✅ Successfully fetched 5639 candles
🔔 Incoming request: POST /simulator/phase1-pattern-route-replay
🔔 Incoming request: POST /pattern-detail
🔔 Incoming request: POST /candles
✅ Successfully fetched 5580 candles
🔔 Incoming request: POST /simulator/phase1-pattern-route-replay
🔔 Incoming request: POST /pattern-detail
🔔 Incoming request: POST /candles
✅ Successfully fetched 1942 candles
🔔 Incoming request: POST /simulator/phase1-pattern-route-replay
🔔 Incoming request: POST /pattern-detail
🔔 Incoming request: POST /candles
✅ Successfully fetched 1398 candles
🔔 Incoming request: POST /simulator/phase1-pattern-route-replay
🔔 Incoming request: POST /pattern-detail
🔔 Incoming request: POST /candles
✅ Successfully fetched 1862 candles
🔔 Incoming request: OPTIONS /phase1/family-patterns
🔔 Incoming request: POST /phase1/family-patterns
🔔 Incoming request: POST /simulator/phase1-pattern-route-replay
🔔 Incoming request: POST /pattern-detail
🔔 Incoming request: POST /candles
✅ Successfully fetched 1453 candles
🔔 Incoming request: POST /simulator/phase1-pattern-route-replay
🔔 Incoming request: POST /pattern-detail
🔔 Incoming request: POST /candles
✅ Successfully fetched 1453 candles
🔔 Incoming request: POST /simulator/phase1-pattern-route-replay
🔔 Incoming request: POST /pattern-detail
🔔 Incoming request: POST /candles
✅ Successfully fetched 1453 candles
🔔 Incoming request: POST /simulator/phase1-pattern-route-replay
🔔 Incoming request: POST /pattern-detail
🔔 Incoming request: POST /candles
✅ Successfully fetched 1453 candles
🔔 Incoming request: POST /simulator/phase1-pattern-route-replay
🔔 Incoming request: POST /pattern-detail
🔔 Incoming request: POST /candles
✅ Successfully fetched 1453 candles
🔔 Incoming request: POST /simulator/phase1-pattern-route-replay
🔔 Incoming request: POST /pattern-detail
🔔 Incoming request: POST /candles
✅ Successfully fetched 1453 candles
🔔 Incoming request: POST /simulator/phase1-pattern-route-replay
🔔 Incoming request: POST /pattern-detail
🔔 Incoming request: POST /candles
✅ Successfully fetched 1453 candles
🔔 Incoming request: POST /simulator/phase1-pattern-route-replay
🔔 Incoming request: POST /pattern-detail
🔔 Incoming request: POST /candles
✅ Successfully fetched 1453 candles
🔔 Incoming request: POST /simulator/phase1-pattern-route-replay
🔔 Incoming request: POST /pattern-detail
🔔 Incoming request: POST /candles
✅ Successfully fetched 1453 candles
🔔 Incoming request: POST /simulator/phase1-pattern-route-replay
🔔 Incoming request: POST /pattern-detail
🔔 Incoming request: POST /candles
✅ Successfully fetched 1453 candles
🔔 Incoming request: POST /simulator/phase1-pattern-route-replay
🔔 Incoming request: POST /pattern-detail
🔔 Incoming request: POST /candles
✅ Successfully fetched 8679 candles
🔔 Incoming request: POST /simulator/phase1-pattern-route-replay
🔔 Incoming request: POST /pattern-detail
🔔 Incoming request: POST /candles
✅ Successfully fetched 1453 candles
🔔 Incoming request: POST /simulator/phase1-pattern-route-replay
🔔 Incoming request: POST /pattern-detail
🔔 Incoming request: POST /candles
✅ Successfully fetched 1453 candles
🔔 Incoming request: POST /simulator/phase1-pattern-route-replay
🔔 Incoming request: POST /pattern-detail
🔔 Incoming request: POST /candles
✅ Successfully fetched 1453 candles
🔔 Incoming request: POST /simulator/phase1-pattern-route-replay
🔔 Incoming request: POST /pattern-detail
🔔 Incoming request: POST /candles
✅ Successfully fetched 8679 candles
🔔 Incoming request: POST /simulator/phase1-pattern-route-replay
🔔 Incoming request: POST /pattern-detail
🔔 Incoming request: POST /candles
✅ Successfully fetched 1453 candles
🔔 Incoming request: POST /simulator/phase1-pattern-route-replay
🔔 Incoming request: POST /pattern-detail
🔔 Incoming request: POST /candles
✅ Successfully fetched 8679 candles
🔔 Incoming request: POST /simulator/phase1-pattern-route-replay
🔔 Incoming request: POST /pattern-detail
🔔 Incoming request: POST /candles
✅ Successfully fetched 1453 candles
🔔 Incoming request: POST /simulator/phase1-pattern-route-replay
🔔 Incoming request: POST /pattern-detail
🔔 Incoming request: POST /candles
✅ Successfully fetched 8679 candles
🔔 Incoming request: POST /simulator/phase1-pattern-route-replay
🔔 Incoming request: POST /pattern-detail
🔔 Incoming request: POST /candles
✅ Successfully fetched 9181 candles
🔔 Incoming request: POST /simulator/phase1-pattern-route-replay
🔔 Incoming request: POST /pattern-detail
🔔 Incoming request: POST /candles
✅ Successfully fetched 8679 candles
🔔 Incoming request: POST /simulator/phase1-pattern-route-replay
🔔 Incoming request: POST /pattern-detail
🔔 Incoming request: POST /candles
✅ Successfully fetched 9181 candles
🔔 Incoming request: POST /simulator/phase1-pattern-route-replay
🔔 Incoming request: POST /pattern-detail
🔔 Incoming request: POST /candles
✅ Successfully fetched 8679 candles
🔔 Incoming request: POST /simulator/phase1-pattern-route-replay
🔔 Incoming request: POST /pattern-detail
🔔 Incoming request: POST /candles
✅ Successfully fetched 9181 candles
🔔 Incoming request: POST /simulator/phase1-pattern-route-replay
🔔 Incoming request: POST /pattern-detail
🔔 Incoming request: POST /candles
✅ Successfully fetched 8679 candles
🔔 Incoming request: POST /simulator/phase1-pattern-route-replay
🔔 Incoming request: POST /pattern-detail
🔔 Incoming request: POST /candles
✅ Successfully fetched 9181 candles
🔔 Incoming request: POST /simulator/phase1-pattern-route-replay
🔔 Incoming request: POST /pattern-detail
🔔 Incoming request: POST /candles
✅ Successfully fetched 8679 candles
🔔 Incoming request: POST /simulator/phase1-pattern-route-replay
🔔 Incoming request: POST /pattern-detail
🔔 Incoming request: POST /candles
✅ Successfully fetched 9181 candles
🔔 Incoming request: POST /simulator/phase1-pattern-route-replay
🔔 Incoming request: POST /pattern-detail
🔔 Incoming request: POST /candles
✅ Successfully fetched 8679 candles
🔔 Incoming request: POST /simulator/phase1-pattern-route-replay
🔔 Incoming request: POST /pattern-detail
🔔 Incoming request: POST /candles
✅ Successfully fetched 9181 candles
🔔 Incoming request: POST /simulator/phase1-pattern-route-replay
🔔 Incoming request: POST /pattern-detail
🔔 Incoming request: POST /candles
✅ Successfully fetched 8679 candles
🔔 Incoming request: POST /simulator/phase1-pattern-route-replay
🔔 Incoming request: POST /pattern-detail
🔔 Incoming request: POST /candles
✅ Successfully fetched 9181 candles
🔔 Incoming request: POST /simulator/phase1-pattern-route-replay
🔔 Incoming request: POST /pattern-detail
🔔 Incoming request: POST /candles
✅ Successfully fetched 8679 candles
🔔 Incoming request: POST /simulator/phase1-pattern-route-replay
🔔 Incoming request: POST /pattern-detail
🔔 Incoming request: POST /candles
✅ Successfully fetched 9181 candles
🔔 Incoming request: POST /simulator/phase1-pattern-route-replay
🔔 Incoming request: POST /pattern-detail
🔔 Incoming request: POST /candles
✅ Successfully fetched 9183 candles
🔔 Incoming request: POST /simulator/phase1-pattern-route-replay
🔔 Incoming request: POST /pattern-detail
🔔 Incoming request: POST /candles
✅ Successfully fetched 14080 candles
🔔 Incoming request: POST /simulator/phase1-pattern-route-replay
🔔 Incoming request: POST /pattern-detail
🔔 Incoming request: POST /candles
✅ Successfully fetched 9183 candles
🔔 Incoming request: POST /simulator/phase1-pattern-route-replay
🔔 Incoming request: POST /pattern-detail
🔔 Incoming request: POST /candles
✅ Successfully fetched 14080 candles
🔔 Incoming request: POST /simulator/phase1-pattern-route-replay
🔔 Incoming request: POST /pattern-detail
🔔 Incoming request: POST /candles
✅ Successfully fetched 9183 candles
🔔 Incoming request: POST /simulator/phase1-pattern-route-replay
🔔 Incoming request: POST /pattern-detail
🔔 Incoming request: POST /candles
✅ Successfully fetched 14080 candles
🔔 Incoming request: POST /simulator/phase1-pattern-route-replay
🔔 Incoming request: POST /pattern-detail
🔔 Incoming request: POST /candles
🔔 Incoming request: POST /simulator/phase1-pattern-route-replay
🔔 Incoming request: POST /pattern-detail
🔔 Incoming request: POST /candles
✅ Successfully fetched 1438 candles
🔔 Incoming request: POST /pattern-detail
✅ Successfully fetched 15966 candles
🔔 Incoming request: POST /candles
✅ Successfully fetched 1438 candles
🔔 Incoming request: POST /simulator/phase1-pattern-route-replay
🔔 Incoming request: POST /pattern-detail
🔔 Incoming request: POST /candles
✅ Successfully fetched 14080 candles
🔔 Incoming request: POST /simulator/phase1-pattern-route-replay
🔔 Incoming request: POST /pattern-detail
🔔 Incoming request: POST /candles
✅ Successfully fetched 9183 candles
🔔 Incoming request: POST /simulator/phase1-pattern-route-replay
🔔 Incoming request: POST /pattern-detail
🔔 Incoming request: POST /candles
✅ Successfully fetched 9181 candles
🔔 Incoming request: POST /simulator/phase1-pattern-route-replay
🔔 Incoming request: POST /pattern-detail
🔔 Incoming request: POST /candles
✅ Successfully fetched 8679 candles
🔔 Incoming request: POST /simulator/phase1-pattern-route-replay
🔔 Incoming request: POST /pattern-detail
🔔 Incoming request: POST /simulator/phase1-pattern-route-replay
🔔 Incoming request: POST /pattern-detail
🔔 Incoming request: POST /candles
🔔 Incoming request: POST /candles
✅ Successfully fetched 1453 candles
✅ Successfully fetched 1453 candles
🔔 Incoming request: POST /simulator/phase1-pattern-route-replay
🔔 Incoming request: POST /pattern-detail
🔔 Incoming request: POST /candles
✅ Successfully fetched 1453 candles
🔔 Incoming request: POST /simulator/phase1-pattern-route-replay
🔔 Incoming request: POST /pattern-detail
🔔 Incoming request: POST /candles
✅ Successfully fetched 1453 candles
🔔 Incoming request: POST /simulator/phase1-pattern-route-replay
🔔 Incoming request: POST /pattern-detail
🔔 Incoming request: POST /candles
✅ Successfully fetched 1453 candles
🔔 Incoming request: POST /simulator/phase1-pattern-route-replay
🔔 Incoming request: POST /pattern-detail
🔔 Incoming request: POST /candles
✅ Successfully fetched 8679 candles
🔔 Incoming request: POST /simulator/phase1-pattern-route-replay
🔔 Incoming request: POST /pattern-detail
🔔 Incoming request: POST /candles
✅ Successfully fetched 1453 candles
🔔 Incoming request: POST /simulator/phase1-pattern-route-replay
🔔 Incoming request: POST /pattern-detail
🔔 Incoming request: POST /candles
✅ Successfully fetched 8679 candles
🔔 Incoming request: POST /simulator/phase1-pattern-route-replay
🔔 Incoming request: POST /pattern-detail
🔔 Incoming request: POST /candles
✅ Successfully fetched 1453 candles
🔔 Incoming request: POST /simulator/phase1-pattern-route-replay
🔔 Incoming request: POST /pattern-detail
🔔 Incoming request: POST /candles
✅ Successfully fetched 8679 candles
🔔 Incoming request: POST /simulator/phase1-pattern-route-replay
🔔 Incoming request: POST /pattern-detail
🔔 Incoming request: POST /candles
✅ Successfully fetched 9181 candles
🔔 Incoming request: POST /simulator/phase1-pattern-route-replay
🔔 Incoming request: POST /pattern-detail
🔔 Incoming request: POST /candles
✅ Successfully fetched 8679 candles
🔔 Incoming request: POST /simulator/phase1-pattern-route-replay
🔔 Incoming request: POST /pattern-detail
🔔 Incoming request: POST /candles
✅ Successfully fetched 9181 candles
🔔 Incoming request: POST /simulator/phase1-pattern-route-replay
🔔 Incoming request: POST /pattern-detail
🔔 Incoming request: POST /candles
✅ Successfully fetched 8679 candles
🔔 Incoming request: POST /simulator/phase1-pattern-route-replay
🔔 Incoming request: POST /pattern-detail
🔔 Incoming request: POST /candles
✅ Successfully fetched 9181 candles
🔔 Incoming request: POST /simulator/phase1-pattern-route-replay
🔔 Incoming request: POST /pattern-detail
🔔 Incoming request: POST /candles
✅ Successfully fetched 8679 candles
🔔 Incoming request: POST /simulator/phase1-pattern-route-replay
🔔 Incoming request: POST /pattern-detail
🔔 Incoming request: POST /candles
✅ Successfully fetched 9181 candles
🔔 Incoming request: POST /simulator/phase1-pattern-route-replay
🔔 Incoming request: POST /pattern-detail
🔔 Incoming request: POST /candles
✅ Successfully fetched 8679 candles
🔔 Incoming request: POST /pattern-detail
🔔 Incoming request: POST /candles
✅ Successfully fetched 8677 candles
🔔 Incoming request: POST /pattern-detail
🔔 Incoming request: POST /candles
✅ Successfully fetched 8677 candles
🔔 Incoming request: OPTIONS /pattern-families
🔔 Incoming request: POST /phase1/family-patterns
🔔 Incoming request: OPTIONS /phase1/results
🔔 Incoming request: OPTIONS /phase1/supply
🔔 Incoming request: OPTIONS /entry-exit/templates
🔔 Incoming request: OPTIONS /entry-exit/router-runs
🔔 Incoming request: OPTIONS /entry-exit/template-breakdown
🔔 Incoming request: OPTIONS /phase1/leaderboard
🔔 Incoming request: OPTIONS /simulator/phase1-route-replay
🔔 Incoming request: POST /simulator/phase1-pattern-route-replay
🔔 Incoming request: POST /pattern-detail
🔔 Incoming request: POST /pattern-families
🔔 Incoming request: POST /phase1/results
🔔 Incoming request: POST /phase1/supply
🔔 Incoming request: POST /entry-exit/templates
🔔 Incoming request: POST /entry-exit/router-runs
🔔 Incoming request: POST /entry-exit/template-breakdown
🔔 Incoming request: POST /phase1/leaderboard
🔔 Incoming request: POST /simulator/phase1-route-replay
🔔 Incoming request: POST /candles
🔔 Incoming request: POST /simulator/phase1-route-replay
🔔 Incoming request: POST /simulator/phase1-pattern-route-replay
✅ Successfully fetched 8679 candles
🔔 Incoming request: POST /simulator/phase1-pattern-route-replay
🔔 Incoming request: POST /pattern-detail
🔔 Incoming request: POST /candles
✅ Successfully fetched 8679 candles
🔔 Incoming request: POST /pattern-families
🔔 Incoming request: POST /phase1/family-patterns
🔔 Incoming request: POST /phase1/results
🔔 Incoming request: POST /phase1/supply
🔔 Incoming request: POST /entry-exit/templates
🔔 Incoming request: POST /entry-exit/router-runs
🔔 Incoming request: POST /entry-exit/template-breakdown
🔔 Incoming request: POST /phase1/leaderboard
🔔 Incoming request: POST /simulator/phase1-route-replay
🔔 Incoming request: POST /simulator/phase1-pattern-route-replay
🔔 Incoming request: POST /pattern-detail
🔔 Incoming request: POST /simulator/phase1-route-replay
🔔 Incoming request: POST /simulator/phase1-pattern-route-replay
🔔 Incoming request: POST /candles
✅ Successfully fetched 8679 candles
🔔 Incoming request: POST /simulator/phase1-pattern-route-replay
🔔 Incoming request: POST /pattern-detail
🔔 Incoming request: POST /candles
✅ Successfully fetched 8679 candles
🔔 Incoming request: POST /pattern-families
🔔 Incoming request: POST /phase1/family-patterns
🔔 Incoming request: POST /phase1/results
🔔 Incoming request: POST /phase1/supply
🔔 Incoming request: POST /entry-exit/templates
🔔 Incoming request: POST /entry-exit/router-runs
🔔 Incoming request: POST /entry-exit/template-breakdown
🔔 Incoming request: POST /phase1/leaderboard
🔔 Incoming request: POST /simulator/phase1-route-replay
🔔 Incoming request: POST /simulator/phase1-pattern-route-replay
🔔 Incoming request: POST /pattern-detail
🔔 Incoming request: POST /simulator/phase1-route-replay
🔔 Incoming request: POST /simulator/phase1-pattern-route-replay
🔔 Incoming request: POST /candles
✅ Successfully fetched 8679 candles
🔔 Incoming request: POST /simulator/phase1-pattern-route-replay
🔔 Incoming request: POST /pattern-detail
🔔 Incoming request: POST /candles
✅ Successfully fetched 8679 candles
