===== LOAD ZM START 2026-05-04T19:21:50.9941114-05:00 =====
Loading ZM from 2021-04-24 to 2026-04-24 using GLBX.MDP3 ohlcv-1m
Resolved 41 roll windows
ZMK1: 2021-04-24 00:00:00 -> 2021-05-16 00:00:00 (89700)
ZMN1: 2021-05-16 00:00:00 -> 2021-07-15 00:00:00 (156434)
ZMQ1: 2021-07-15 00:00:00 -> 2021-08-15 00:00:00 (727762)
ZMU1: 2021-08-15 00:00:00 -> 2021-09-15 00:00:00 (535389)
ZMV1: 2021-09-15 00:00:00 -> 2021-10-15 00:00:00 (186868)
ZMZ1: 2021-10-15 00:00:00 -> 2021-12-15 00:00:00 (794459)
ZMF2: 2021-12-15 00:00:00 -> 2022-01-16 00:00:00 (243619)
ZMH2: 2022-01-16 00:00:00 -> 2022-03-15 00:00:00 (689369)
ZMK2: 2022-03-15 00:00:00 -> 2022-05-15 00:00:00 (497002)
ZMN2: 2022-05-15 00:00:00 -> 2022-07-15 00:00:00 (120191)
ZMQ2: 2022-07-15 00:00:00 -> 2022-08-14 00:00:00 (81763)
ZMU2: 2022-08-14 00:00:00 -> 2022-09-15 00:00:00 (274159)
ZMV2: 2022-09-15 00:00:00 -> 2022-10-16 00:00:00 (758259)
ZMZ2: 2022-10-16 00:00:00 -> 2022-12-15 00:00:00 (697256)
ZMF3: 2022-12-15 00:00:00 -> 2023-01-15 00:00:00 (8352)
ZMH3: 2023-01-15 00:00:00 -> 2023-03-15 00:00:00 (185432)
ZMK3: 2023-03-15 00:00:00 -> 2023-05-14 00:00:00 (23389)
ZMN3: 2023-05-14 00:00:00 -> 2023-07-16 00:00:00 (658865)
ZMQ3: 2023-07-16 00:00:00 -> 2023-08-15 00:00:00 (560547)
ZMU3: 2023-08-15 00:00:00 -> 2023-09-15 00:00:00 (258176)
ZMV3: 2023-09-15 00:00:00 -> 2023-10-15 00:00:00 (466507)
ZMZ3: 2023-10-15 00:00:00 -> 2023-12-15 00:00:00 (51239)
ZMF4: 2023-12-15 00:00:00 -> 2024-01-14 00:00:00 (152114)
ZMH4: 2024-01-14 00:00:00 -> 2024-03-15 00:00:00 (506263)
ZMK4: 2024-03-15 00:00:00 -> 2024-05-15 00:00:00 (759433)
ZMN4: 2024-05-15 00:00:00 -> 2024-07-14 00:00:00 (581685)
ZMQ4: 2024-07-14 00:00:00 -> 2024-08-15 00:00:00 (658562)
ZMU4: 2024-08-15 00:00:00 -> 2024-09-15 00:00:00 (344260)
ZMV4: 2024-09-15 00:00:00 -> 2024-10-15 00:00:00 (539402)
ZMZ4: 2024-10-15 00:00:00 -> 2024-12-15 00:00:00 (377503)
ZMF5: 2024-12-15 00:00:00 -> 2025-01-15 00:00:00 (385320)
ZMH5: 2025-01-15 00:00:00 -> 2025-03-16 00:00:00 (467458)
ZMK5: 2025-03-16 00:00:00 -> 2025-05-15 00:00:00 (619965)
ZMN5: 2025-05-15 00:00:00 -> 2025-07-15 00:00:00 (60771)
ZMQ5: 2025-07-15 00:00:00 -> 2025-08-15 00:00:00 (659872)
ZMU5: 2025-08-15 00:00:00 -> 2025-09-14 00:00:00 (446324)
ZMV5: 2025-09-14 00:00:00 -> 2025-10-15 00:00:00 (445468)
ZMZ5: 2025-10-15 00:00:00 -> 2025-12-14 00:00:00 (203692)
ZMF6: 2025-12-14 00:00:00 -> 2026-01-15 00:00:00 (42279121)
ZMH6: 2026-01-15 00:00:00 -> 2026-03-15 00:00:00 (42282754)
ZMK6: 2026-03-15 00:00:00 -> 2026-04-24 00:00:00 (42282755)
[1/41] ZMK1 downloading...
[1/41] ZMK1 wrote 2,245 rows
[2/41] ZMN1 downloading...
[2/41] ZMN1 wrote 26,520 rows
[3/41] ZMQ1 downloading...
[3/41] ZMQ1 wrote 5,695 rows
[4/41] ZMU1 downloading...
[4/41] ZMU1 wrote 5,936 rows
[5/41] ZMV1 downloading...
[5/41] ZMV1 wrote 4,831 rows
[6/41] ZMZ1 downloading...
[6/41] ZMZ1 wrote 23,858 rows
[7/41] ZMF2 downloading...
[7/41] ZMF2 wrote 7,329 rows
[8/41] ZMH2 downloading...
[8/41] ZMH2 wrote 23,876 rows
[9/41] ZMK2 downloading...
[9/41] ZMK2 wrote 24,443 rows
[10/41] ZMN2 downloading...
[10/41] ZMN2 wrote 24,738 rows
[11/41] ZMQ2 downloading...
[11/41] ZMQ2 wrote 5,542 rows
[12/41] ZMU2 downloading...
[12/41] ZMU2 wrote 5,959 rows
[13/41] ZMV2 downloading...
[13/41] ZMV2 wrote 5,380 rows
[14/41] ZMZ2 downloading...
[14/41] ZMZ2 wrote 22,362 rows
[15/41] ZMF3 downloading...
[15/41] ZMF3 wrote 5,775 rows
[16/41] ZMH3 downloading...
[16/41] ZMH3 wrote 23,437 rows
[17/41] ZMK3 downloading...
[17/41] ZMK3 wrote 23,669 rows
[18/41] ZMN3 downloading...
[18/41] ZMN3 wrote 26,357 rows
[19/41] ZMQ3 downloading...
[19/41] ZMQ3 wrote 6,733 rows
[20/41] ZMU3 downloading...
[20/41] ZMU3 wrote 6,508 rows
[21/41] ZMV3 downloading...
[21/41] ZMV3 wrote 4,962 rows
[22/41] ZMZ3 downloading...
[22/41] ZMZ3 wrote 26,323 rows
[23/41] ZMF4 downloading...
[23/41] ZMF4 wrote 5,446 rows
[24/41] ZMH4 downloading...
[24/41] ZMH4 wrote 23,761 rows
[25/41] ZMK4 downloading...
[25/41] ZMK4 wrote 24,028 rows
[26/41] ZMN4 downloading...
[26/41] ZMN4 wrote 25,318 rows
[27/41] ZMQ4 downloading...
[27/41] ZMQ4 wrote 7,112 rows
[28/41] ZMU4 downloading...
[28/41] ZMU4 wrote 5,574 rows
[29/41] ZMV4 downloading...
[29/41] ZMV4 wrote 5,322 rows
[30/41] ZMZ4 downloading...
[30/41] ZMZ4 wrote 24,990 rows
[31/41] ZMF5 downloading...
[31/41] ZMF5 wrote 5,728 rows
[32/41] ZMH5 downloading...
[32/41] ZMH5 wrote 23,047 rows
[33/41] ZMK5 downloading...
[33/41] ZMK5 wrote 22,323 rows
[34/41] ZMN5 downloading...
[34/41] ZMN5 wrote 22,198 rows
[35/41] ZMQ5 downloading...
[35/41] ZMQ5 wrote 5,965 rows
[36/41] ZMU5 downloading...
[36/41] ZMU5 wrote 5,484 rows
[37/41] ZMV5 downloading...
[37/41] ZMV5 wrote 5,590 rows
[38/41] ZMZ5 downloading...
[38/41] ZMZ5 wrote 24,037 rows
[39/41] ZMF6 downloading...
[39/41] ZMF6 wrote 5,818 rows
[40/41] ZMH6 downloading...
[40/41] ZMH6 wrote 21,902 rows
[41/41] ZMK6 downloading...
[41/41] ZMK6 wrote 22,659 rows
Finished ZM. Wrote 598,780 rows.
===== LOAD ZM DONE 2026-05-04T19:31:47.7459642-05:00 =====
===== LOAD ZL START 2026-05-04T19:31:47.7469658-05:00 =====
Loading ZL from 2021-04-24 to 2026-04-24 using GLBX.MDP3 ohlcv-1m
Resolved 41 roll windows
ZLK1: 2021-04-24 00:00:00 -> 2021-05-16 00:00:00 (352379)
ZLN1: 2021-05-16 00:00:00 -> 2021-07-15 00:00:00 (571589)
ZLQ1: 2021-07-15 00:00:00 -> 2021-08-15 00:00:00 (737124)
ZLU1: 2021-08-15 00:00:00 -> 2021-09-15 00:00:00 (575257)
ZLV1: 2021-09-15 00:00:00 -> 2021-10-15 00:00:00 (96394)
ZLZ1: 2021-10-15 00:00:00 -> 2021-12-15 00:00:00 (379214)
ZLF2: 2021-12-15 00:00:00 -> 2022-01-16 00:00:00 (96420)
ZLH2: 2022-01-16 00:00:00 -> 2022-03-15 00:00:00 (704007)
ZLK2: 2022-03-15 00:00:00 -> 2022-05-15 00:00:00 (542130)
ZLN2: 2022-05-15 00:00:00 -> 2022-07-15 00:00:00 (565889)
ZLQ2: 2022-07-15 00:00:00 -> 2022-08-14 00:00:00 (288745)
ZLU2: 2022-08-14 00:00:00 -> 2022-09-15 00:00:00 (66152)
ZLV2: 2022-09-15 00:00:00 -> 2022-10-16 00:00:00 (343013)
ZLZ2: 2022-10-16 00:00:00 -> 2022-12-15 00:00:00 (150640)
ZLF3: 2022-12-15 00:00:00 -> 2023-01-15 00:00:00 (276652)
ZLH3: 2023-01-15 00:00:00 -> 2023-03-15 00:00:00 (652024)
ZLK3: 2023-03-15 00:00:00 -> 2023-05-14 00:00:00 (548775)
ZLN3: 2023-05-14 00:00:00 -> 2023-07-16 00:00:00 (673494)
ZLQ3: 2023-07-16 00:00:00 -> 2023-08-15 00:00:00 (591017)
ZLU3: 2023-08-15 00:00:00 -> 2023-09-15 00:00:00 (197656)
ZLV3: 2023-09-15 00:00:00 -> 2023-10-15 00:00:00 (511625)
ZLZ3: 2023-10-15 00:00:00 -> 2023-12-15 00:00:00 (319302)
ZLF4: 2023-12-15 00:00:00 -> 2024-01-14 00:00:00 (391369)
ZLH4: 2024-01-14 00:00:00 -> 2024-03-15 00:00:00 (330370)
ZLK4: 2024-03-15 00:00:00 -> 2024-05-15 00:00:00 (567056)
ZLN4: 2024-05-15 00:00:00 -> 2024-07-14 00:00:00 (771663)
ZLQ4: 2024-07-14 00:00:00 -> 2024-08-15 00:00:00 (21989)
ZLU4: 2024-08-15 00:00:00 -> 2024-09-15 00:00:00 (396246)
ZLV4: 2024-09-15 00:00:00 -> 2024-10-15 00:00:00 (630908)
ZLZ4: 2024-10-15 00:00:00 -> 2024-12-15 00:00:00 (752937)
ZLF5: 2024-12-15 00:00:00 -> 2025-01-15 00:00:00 (265851)
ZLH5: 2025-01-15 00:00:00 -> 2025-03-16 00:00:00 (734996)
ZLK5: 2025-03-16 00:00:00 -> 2025-05-15 00:00:00 (397175)
ZLN5: 2025-05-15 00:00:00 -> 2025-07-15 00:00:00 (30183)
ZLQ5: 2025-07-15 00:00:00 -> 2025-08-15 00:00:00 (211891)
ZLU5: 2025-08-15 00:00:00 -> 2025-09-14 00:00:00 (589468)
ZLV5: 2025-09-14 00:00:00 -> 2025-10-15 00:00:00 (374737)
ZLZ5: 2025-10-15 00:00:00 -> 2025-12-14 00:00:00 (536623)
ZLF6: 2025-12-14 00:00:00 -> 2026-01-15 00:00:00 (42261918)
ZLH6: 2026-01-15 00:00:00 -> 2026-03-15 00:00:00 (42024606)
ZLK6: 2026-03-15 00:00:00 -> 2026-04-24 00:00:00 (42281352)
[1/41] ZLK1 downloading...
[1/41] ZLK1 wrote 2,100 rows
[2/41] ZLN1 downloading...
[2/41] ZLN1 wrote 28,132 rows
[3/41] ZLQ1 downloading...
[3/41] ZLQ1 wrote 5,361 rows
[4/41] ZLU1 downloading...
[4/41] ZLU1 wrote 4,737 rows
[5/41] ZLV1 downloading...
[5/41] ZLV1 wrote 4,250 rows
[6/41] ZLZ1 downloading...
[6/41] ZLZ1 wrote 25,539 rows
[7/41] ZLF2 downloading...
[7/41] ZLF2 wrote 6,710 rows
[8/41] ZLH2 downloading...
[8/41] ZLH2 wrote 23,611 rows
[9/41] ZLK2 downloading...
[9/41] ZLK2 wrote 25,240 rows
[10/41] ZLN2 downloading...
[10/41] ZLN2 wrote 25,020 rows
[11/41] ZLQ2 downloading...
[11/41] ZLQ2 wrote 4,775 rows
[12/41] ZLU2 downloading...
[12/41] ZLU2 wrote 6,142 rows
[13/41] ZLV2 downloading...
[13/41] ZLV2 wrote 4,733 rows
[14/41] ZLZ2 downloading...
[14/41] ZLZ2 wrote 25,850 rows
[15/41] ZLF3 downloading...
[15/41] ZLF3 wrote 5,776 rows
[16/41] ZLH3 downloading...
[16/41] ZLH3 wrote 23,395 rows
[17/41] ZLK3 downloading...
[17/41] ZLK3 wrote 24,725 rows
[18/41] ZLN3 downloading...
[18/41] ZLN3 wrote 27,644 rows
[19/41] ZLQ3 downloading...
[19/41] ZLQ3 wrote 5,598 rows
[20/41] ZLU3 downloading...
[20/41] ZLU3 wrote 5,805 rows
[21/41] ZLV3 downloading...
[21/41] ZLV3 wrote 3,936 rows
[22/41] ZLZ3 downloading...
[22/41] ZLZ3 wrote 26,006 rows
[23/41] ZLF4 downloading...
[23/41] ZLF4 wrote 4,951 rows
[24/41] ZLH4 downloading...
[24/41] ZLH4 wrote 24,650 rows
[25/41] ZLK4 downloading...
[25/41] ZLK4 wrote 25,558 rows
[26/41] ZLN4 downloading...
[26/41] ZLN4 wrote 26,119 rows
[27/41] ZLQ4 downloading...
[27/41] ZLQ4 wrote 7,076 rows
[28/41] ZLU4 downloading...
[28/41] ZLU4 wrote 5,944 rows
[29/41] ZLV4 downloading...
[29/41] ZLV4 wrote 5,123 rows
[30/41] ZLZ4 downloading...
[30/41] ZLZ4 wrote 28,662 rows
[31/41] ZLF5 downloading...
[31/41] ZLF5 wrote 6,441 rows
[32/41] ZLH5 downloading...
[32/41] ZLH5 wrote 25,300 rows
[33/41] ZLK5 downloading...
[33/41] ZLK5 wrote 25,324 rows
[34/41] ZLN5 downloading...
[34/41] ZLN5 wrote 26,636 rows
[35/41] ZLQ5 downloading...
[35/41] ZLQ5 wrote 6,609 rows
[36/41] ZLU5 downloading...
[36/41] ZLU5 wrote 5,394 rows
[37/41] ZLV5 downloading...
[37/41] ZLV5 wrote 5,789 rows
[38/41] ZLZ5 downloading...
[38/41] ZLZ5 wrote 26,228 rows
[39/41] ZLF6 downloading...
[39/41] ZLF6 wrote 6,383 rows
[40/41] ZLH6 downloading...
[40/41] ZLH6 wrote 24,984 rows
[41/41] ZLK6 downloading...
[41/41] ZLK6 wrote 26,609 rows
Finished ZL. Wrote 628,865 rows.
===== LOAD ZL DONE 2026-05-04T19:42:01.1721997-05:00 =====
===== LOAD HE START 2026-05-04T19:42:01.1742060-05:00 =====
Loading HE from 2021-04-24 to 2026-04-24 using GLBX.MDP3 ohlcv-1m
Resolved 41 roll windows
HEK1: 2021-04-24 00:00:00 -> 2021-05-16 00:00:00 (5469)
HEM1: 2021-05-16 00:00:00 -> 2021-06-15 00:00:00 (5488)
HEN1: 2021-06-15 00:00:00 -> 2021-07-16 00:00:00 (17824)
HEQ1: 2021-07-16 00:00:00 -> 2021-08-15 00:00:00 (354)
HEV1: 2021-08-15 00:00:00 -> 2021-10-15 00:00:00 (11100)
HEZ1: 2021-10-15 00:00:00 -> 2021-12-15 00:00:00 (3190)
HEG2: 2021-12-15 00:00:00 -> 2022-02-15 00:00:00 (18920)
HEJ2: 2022-02-15 00:00:00 -> 2022-04-15 00:00:00 (1959)
HEK2: 2022-04-15 00:00:00 -> 2022-05-15 00:00:00 (7355)
HEM2: 2022-05-15 00:00:00 -> 2022-06-15 00:00:00 (6176)
HEN2: 2022-06-15 00:00:00 -> 2022-07-17 00:00:00 (9152)
HEQ2: 2022-07-17 00:00:00 -> 2022-08-14 00:00:00 (407)
HEV2: 2022-08-14 00:00:00 -> 2022-10-16 00:00:00 (17114)
HEZ2: 2022-10-16 00:00:00 -> 2022-12-15 00:00:00 (6610)
HEG3: 2022-12-15 00:00:00 -> 2023-02-15 00:00:00 (105)
HEJ3: 2023-02-15 00:00:00 -> 2023-04-18 00:00:00 (350)
HEK3: 2023-04-18 00:00:00 -> 2023-05-14 00:00:00 (1125)
HEM3: 2023-05-14 00:00:00 -> 2023-06-15 00:00:00 (8488)
HEN3: 2023-06-15 00:00:00 -> 2023-07-18 00:00:00 (26358)
HEQ3: 2023-07-18 00:00:00 -> 2023-08-15 00:00:00 (336063)
HEV3: 2023-08-15 00:00:00 -> 2023-10-15 00:00:00 (27323)
HEZ3: 2023-10-15 00:00:00 -> 2023-12-15 00:00:00 (5839)
HEG4: 2023-12-15 00:00:00 -> 2024-02-15 00:00:00 (275)
HEJ4: 2024-02-15 00:00:00 -> 2024-04-14 00:00:00 (4588)
HEK4: 2024-04-14 00:00:00 -> 2024-05-15 00:00:00 (14783)
HEM4: 2024-05-15 00:00:00 -> 2024-06-16 00:00:00 (603)
HEN4: 2024-06-16 00:00:00 -> 2024-07-16 00:00:00 (18978)
HEQ4: 2024-07-16 00:00:00 -> 2024-08-15 00:00:00 (7546)
HEV4: 2024-08-15 00:00:00 -> 2024-10-15 00:00:00 (5747)
HEZ4: 2024-10-15 00:00:00 -> 2024-12-15 00:00:00 (1402)
HEG5: 2024-12-15 00:00:00 -> 2025-02-16 00:00:00 (42007374)
HEJ5: 2025-02-16 00:00:00 -> 2025-04-15 00:00:00 (42000659)
HEK5: 2025-04-15 00:00:00 -> 2025-05-15 00:00:00 (42274070)
HEM5: 2025-05-15 00:00:00 -> 2025-06-15 00:00:00 (42177167)
HEN5: 2025-06-15 00:00:00 -> 2025-07-16 00:00:00 (42085203)
HEQ5: 2025-07-16 00:00:00 -> 2025-08-15 00:00:00 (42003133)
HEV5: 2025-08-15 00:00:00 -> 2025-10-15 00:00:00 (42003015)
HEZ5: 2025-10-15 00:00:00 -> 2025-12-14 00:00:00 (42011439)
HEG6: 2025-12-14 00:00:00 -> 2026-02-15 00:00:00 (42006175)
HEJ6: 2026-02-15 00:00:00 -> 2026-04-16 00:00:00 (42019411)
HEK6: 2026-04-16 00:00:00 -> 2026-04-24 00:00:00 (42000554)
[1/41] HEK1 downloading...
[1/41] HEK1 wrote 1,162 rows
[2/41] HEM1 downloading...
[2/41] HEM1 wrote 4,974 rows
[3/41] HEN1 downloading...
[3/41] HEN1 wrote 4,962 rows
[4/41] HEQ1 downloading...
[4/41] HEQ1 wrote 5,171 rows
[5/41] HEV1 downloading...
[5/41] HEV1 wrote 10,921 rows
[6/41] HEZ1 downloading...
[6/41] HEZ1 wrote 10,758 rows
[7/41] HEG2 downloading...
[7/41] HEG2 wrote 10,752 rows
[8/41] HEJ2 downloading...
[8/41] HEJ2 wrote 10,538 rows
[9/41] HEK2 downloading...
[9/41] HEK2 wrote 1,714 rows
[10/41] HEM2 downloading...
[10/41] HEM2 wrote 5,061 rows
[11/41] HEN2 downloading...
[11/41] HEN2 wrote 4,778 rows
[12/41] HEQ2 downloading...
[12/41] HEQ2 wrote 4,755 rows
[13/41] HEV2 downloading...
[13/41] HEV2 wrote 11,103 rows
[14/41] HEZ2 downloading...
[14/41] HEZ2 wrote 10,619 rows
[15/41] HEG3 downloading...
[15/41] HEG3 wrote 10,567 rows
[16/41] HEJ3 downloading...
[16/41] HEJ3 wrote 10,863 rows
[17/41] HEK3 downloading...
[17/41] HEK3 wrote 1,835 rows
[18/41] HEM3 downloading...
[18/41] HEM3 wrote 5,537 rows
[19/41] HEN3 downloading...
[19/41] HEN3 wrote 5,115 rows
[20/41] HEQ3 downloading...
[20/41] HEQ3 wrote 4,778 rows
[21/41] HEV3 downloading...
[21/41] HEV3 wrote 11,118 rows
[22/41] HEZ3 downloading...
[22/41] HEZ3 wrote 11,241 rows
[23/41] HEG4 downloading...
[23/41] HEG4 wrote 10,722 rows
[24/41] HEJ4 downloading...
[24/41] HEJ4 wrote 10,555 rows
[25/41] HEK4 downloading...
[25/41] HEK4 wrote 2,429 rows
[26/41] HEM4 downloading...
[26/41] HEM4 wrote 5,448 rows
[27/41] HEN4 downloading...
[27/41] HEN4 wrote 4,663 rows
[28/41] HEQ4 downloading...
[28/41] HEQ4 wrote 5,414 rows
[29/41] HEV4 downloading...
[29/41] HEV4 wrote 10,742 rows
[30/41] HEZ4 downloading...
[30/41] HEZ4 wrote 11,171 rows
[31/41] HEG5 downloading...
[31/41] HEG5 wrote 10,820 rows
[32/41] HEJ5 downloading...
[32/41] HEJ5 wrote 10,463 rows
[33/41] HEK5 downloading...
[33/41] HEK5 wrote 1,989 rows
[34/41] HEM5 downloading...
[34/41] HEM5 wrote 5,244 rows
[35/41] HEN5 downloading...
[35/41] HEN5 wrote 5,001 rows
[36/41] HEQ5 downloading...
[36/41] HEQ5 wrote 5,360 rows
[37/41] HEV5 downloading...
[37/41] HEV5 wrote 10,917 rows
[38/41] HEZ5 downloading...
[38/41] HEZ5 wrote 10,847 rows
[39/41] HEG6 downloading...
[39/41] HEG6 wrote 10,588 rows
[40/41] HEJ6 downloading...
[40/41] HEJ6 wrote 10,167 rows
[41/41] HEK6 downloading...
[41/41] HEK6 wrote 698 rows
Finished HE. Wrote 301,560 rows.
===== LOAD HE DONE 2026-05-04T19:49:39.4156278-05:00 =====
===== LOAD LE START 2026-05-04T19:49:39.4156278-05:00 =====
Loading LE from 2021-04-24 to 2026-04-24 using GLBX.MDP3 ohlcv-1m
Resolved 31 roll windows
LEJ1: 2021-04-24 00:00:00 -> 2021-05-02 00:00:00 (2324)
LEM1: 2021-05-02 00:00:00 -> 2021-07-01 00:00:00 (12842)
LEQ1: 2021-07-01 00:00:00 -> 2021-09-01 00:00:00 (1594)
LEV1: 2021-09-01 00:00:00 -> 2021-10-31 00:00:00 (37535)
LEZ1: 2021-10-31 00:00:00 -> 2022-01-02 00:00:00 (38388)
LEG2: 2022-01-02 00:00:00 -> 2022-03-01 00:00:00 (77508)
LEJ2: 2022-03-01 00:00:00 -> 2022-05-01 00:00:00 (50598)
LEM2: 2022-05-01 00:00:00 -> 2022-07-01 00:00:00 (265304)
LEQ2: 2022-07-01 00:00:00 -> 2022-09-01 00:00:00 (846)
LEV2: 2022-09-01 00:00:00 -> 2022-11-01 00:00:00 (111169)
LEZ2: 2022-11-01 00:00:00 -> 2023-01-01 00:00:00 (172109)
LEG3: 2023-01-01 00:00:00 -> 2023-03-01 00:00:00 (10592)
LEJ3: 2023-03-01 00:00:00 -> 2023-04-30 00:00:00 (106424)
LEM3: 2023-04-30 00:00:00 -> 2023-07-02 00:00:00 (5211)
LEQ3: 2023-07-02 00:00:00 -> 2023-09-01 00:00:00 (94571)
LEV3: 2023-09-01 00:00:00 -> 2023-11-01 00:00:00 (33023)
LEZ3: 2023-11-01 00:00:00 -> 2023-12-31 00:00:00 (901)
LEG4: 2023-12-31 00:00:00 -> 2024-03-01 00:00:00 (227267)
LEJ4: 2024-03-01 00:00:00 -> 2024-05-01 00:00:00 (126564)
LEM4: 2024-05-01 00:00:00 -> 2024-06-30 00:00:00 (50300)
LEQ4: 2024-06-30 00:00:00 -> 2024-09-01 00:00:00 (289303)
LEV4: 2024-09-01 00:00:00 -> 2024-11-01 00:00:00 (93290)
LEZ4: 2024-11-01 00:00:00 -> 2025-01-01 00:00:00 (4129493)
LEG5: 2025-01-01 00:00:00 -> 2025-03-02 00:00:00 (42023491)
LEJ5: 2025-03-02 00:00:00 -> 2025-05-01 00:00:00 (42167175)
LEM5: 2025-05-01 00:00:00 -> 2025-07-01 00:00:00 (42063895)
LEQ5: 2025-07-01 00:00:00 -> 2025-08-31 00:00:00 (42259669)
LEV5: 2025-08-31 00:00:00 -> 2025-11-02 00:00:00 (42249884)
LEZ5: 2025-11-02 00:00:00 -> 2026-01-01 00:00:00 (42041124)
LEG6: 2026-01-01 00:00:00 -> 2026-03-01 00:00:00 (42000549)
LEJ6: 2026-03-01 00:00:00 -> 2026-04-24 00:00:00 (42406129)
[1/31] LEJ1 downloading...
[1/31] LEJ1 wrote 604 rows
[2/31] LEM1 downloading...
[2/31] LEM1 wrote 8,945 rows
[3/31] LEQ1 downloading...
[3/31] LEQ1 wrote 10,083 rows
[4/31] LEV1 downloading...
[4/31] LEV1 wrote 8,829 rows
[5/31] LEZ1 downloading...
[5/31] LEZ1 wrote 8,757 rows
[6/31] LEG2 downloading...
[6/31] LEG2 wrote 8,791 rows
[7/31] LEJ2 downloading...
[7/31] LEJ2 wrote 9,564 rows
[8/31] LEM2 downloading...
[8/31] LEM2 wrote 8,917 rows
[9/31] LEQ2 downloading...
[9/31] LEQ2 wrote 8,632 rows
[10/31] LEV2 downloading...
[10/31] LEV2 wrote 8,736 rows
[11/31] LEZ2 downloading...
[11/31] LEZ2 wrote 8,326 rows
[12/31] LEG3 downloading...
[12/31] LEG3 wrote 8,734 rows
[13/31] LEJ3 downloading...
[13/31] LEJ3 wrote 9,510 rows
[14/31] LEM3 downloading...
[14/31] LEM3 wrote 9,454 rows
[15/31] LEQ3 downloading...
[15/31] LEQ3 wrote 9,341 rows
[16/31] LEV3 downloading...
[16/31] LEV3 wrote 9,199 rows
[17/31] LEZ3 downloading...
[17/31] LEZ3 wrote 8,813 rows
[18/31] LEG4 downloading...
[18/31] LEG4 wrote 9,283 rows
[19/31] LEJ4 downloading...
[19/31] LEJ4 wrote 9,592 rows
[20/31] LEM4 downloading...
[20/31] LEM4 wrote 9,497 rows
[21/31] LEQ4 downloading...
[21/31] LEQ4 wrote 8,879 rows
[22/31] LEV4 downloading...
[22/31] LEV4 wrote 9,204 rows
[23/31] LEZ4 downloading...
[23/31] LEZ4 wrote 8,901 rows
[24/31] LEG5 downloading...
[24/31] LEG5 wrote 9,238 rows
[25/31] LEJ5 downloading...
[25/31] LEJ5 wrote 10,138 rows
[26/31] LEM5 downloading...
[26/31] LEM5 wrote 9,869 rows
[27/31] LEQ5 downloading...
[27/31] LEQ5 wrote 9,950 rows
[28/31] LEV5 downloading...
[28/31] LEV5 wrote 9,942 rows
[29/31] LEZ5 downloading...
[29/31] LEZ5 wrote 8,991 rows
[30/31] LEG6 downloading...
[30/31] LEG6 wrote 9,227 rows
[31/31] LEJ6 downloading...
[31/31] LEJ6 wrote 9,298 rows
Finished LE. Wrote 277,244 rows.
===== LOAD LE DONE 2026-05-04T19:59:26.9003423-05:00 =====
===== LOAD GF START 2026-05-04T19:59:26.9013408-05:00 =====
Loading GF from 2021-04-24 to 2026-04-24 using GLBX.MDP3 ohlcv-1m
Resolved 41 roll windows
GFJ1: 2021-04-24 00:00:00 -> 2021-04-30 00:00:00 (61372)
GFK1: 2021-04-30 00:00:00 -> 2021-05-28 00:00:00 (2996)
GFQ1: 2021-05-28 00:00:00 -> 2021-08-27 00:00:00 (647)
GFU1: 2021-08-27 00:00:00 -> 2021-10-01 00:00:00 (151)
GFV1: 2021-10-01 00:00:00 -> 2021-10-29 00:00:00 (12170)
GFX1: 2021-10-29 00:00:00 -> 2021-11-19 00:00:00 (2018)
GFF2: 2021-11-19 00:00:00 -> 2022-01-28 00:00:00 (687)
GFH2: 2022-01-28 00:00:00 -> 2022-04-01 00:00:00 (360)
GFJ2: 2022-04-01 00:00:00 -> 2022-04-29 00:00:00 (5594)
GFK2: 2022-04-29 00:00:00 -> 2022-05-27 00:00:00 (1262)
GFQ2: 2022-05-27 00:00:00 -> 2022-08-26 00:00:00 (1774)
GFU2: 2022-08-26 00:00:00 -> 2022-09-30 00:00:00 (1247)
GFV2: 2022-09-30 00:00:00 -> 2022-10-28 00:00:00 (570)
GFX2: 2022-10-28 00:00:00 -> 2022-11-18 00:00:00 (805)
GFF3: 2022-11-18 00:00:00 -> 2023-01-27 00:00:00 (4928)
GFH3: 2023-01-27 00:00:00 -> 2023-03-31 00:00:00 (63527)
GFJ3: 2023-03-31 00:00:00 -> 2023-04-28 00:00:00 (1780)
GFK3: 2023-04-28 00:00:00 -> 2023-05-26 00:00:00 (14782)
GFQ3: 2023-05-26 00:00:00 -> 2023-09-01 00:00:00 (4870)
GFU3: 2023-09-01 00:00:00 -> 2023-09-29 00:00:00 (1395)
GFV3: 2023-09-29 00:00:00 -> 2023-10-27 00:00:00 (1051)
GFX3: 2023-10-27 00:00:00 -> 2023-11-17 00:00:00 (60)
GFF4: 2023-11-17 00:00:00 -> 2024-01-26 00:00:00 (74)
GFH4: 2024-01-26 00:00:00 -> 2024-03-29 00:00:00 (3400)
GFJ4: 2024-03-29 00:00:00 -> 2024-04-26 00:00:00 (3692)
GFK4: 2024-04-26 00:00:00 -> 2024-05-24 00:00:00 (1478)
GFQ4: 2024-05-24 00:00:00 -> 2024-08-30 00:00:00 (42011077)
GFU4: 2024-08-30 00:00:00 -> 2024-09-27 00:00:00 (42000835)
GFV4: 2024-09-27 00:00:00 -> 2024-11-01 00:00:00 (42001971)
GFX4: 2024-11-01 00:00:00 -> 2024-11-22 00:00:00 (42012320)
GFF5: 2024-11-22 00:00:00 -> 2025-01-31 00:00:00 (42000274)
GFH5: 2025-01-31 00:00:00 -> 2025-03-28 00:00:00 (42171570)
GFJ5: 2025-03-28 00:00:00 -> 2025-04-18 00:00:00 (42001482)
GFK5: 2025-04-18 00:00:00 -> 2025-05-23 00:00:00 (42000730)
GFQ5: 2025-05-23 00:00:00 -> 2025-08-29 00:00:00 (42000487)
GFU5: 2025-08-29 00:00:00 -> 2025-09-26 00:00:00 (42005137)
GFV5: 2025-09-26 00:00:00 -> 2025-10-31 00:00:00 (42313105)
GFX5: 2025-10-31 00:00:00 -> 2025-11-21 00:00:00 (42000522)
GFF6: 2025-11-21 00:00:00 -> 2026-01-30 00:00:00 (42020058)
GFH6: 2026-01-30 00:00:00 -> 2026-03-27 00:00:00 (42011737)
GFJ6: 2026-03-27 00:00:00 -> 2026-04-24 00:00:00 (42001716)
[1/41] GFJ1 downloading...
[1/41] GFJ1 wrote 367 rows
[2/41] GFK1 downloading...
[2/41] GFK1 wrote 3,216 rows
[3/41] GFQ1 downloading...
[3/41] GFQ1 wrote 14,195 rows
[4/41] GFU1 downloading...
[4/41] GFU1 wrote 3,665 rows
[5/41] GFV1 downloading...
[5/41] GFV1 wrote 2,798 rows
[6/41] GFX1 downloading...
[6/41] GFX1 wrote 2,331 rows
[7/41] GFF2 downloading...
[7/41] GFF2 wrote 9,546 rows
[8/41] GFH2 downloading...
[8/41] GFH2 wrote 9,144 rows
[9/41] GFJ2 downloading...
[9/41] GFJ2 wrote 2,976 rows
[10/41] GFK2 downloading...
[10/41] GFK2 wrote 3,513 rows
[11/41] GFQ2 downloading...
[11/41] GFQ2 wrote 14,564 rows
[12/41] GFU2 downloading...
[12/41] GFU2 wrote 4,126 rows
[13/41] GFV2 downloading...
[13/41] GFV2 wrote 3,407 rows
[14/41] GFX2 downloading...
[14/41] GFX2 wrote 2,429 rows
[15/41] GFF3 downloading...
[15/41] GFF3 wrote 10,033 rows
[16/41] GFH3 downloading...
[16/41] GFH3 wrote 9,907 rows
[17/41] GFJ3 downloading...
[17/41] GFJ3 wrote 3,413 rows
[18/41] GFK3 downloading...
[18/41] GFK3 wrote 3,612 rows
[19/41] GFQ3 downloading...
[19/41] GFQ3 wrote 16,292 rows
[20/41] GFU3 downloading...
[20/41] GFU3 wrote 3,394 rows
[21/41] GFV3 downloading...
[21/41] GFV3 wrote 3,524 rows
[22/41] GFX3 downloading...
[22/41] GFX3 wrote 2,831 rows
[23/41] GFF4 downloading...
[23/41] GFF4 wrote 10,323 rows
[24/41] GFH4 downloading...
[24/41] GFH4 wrote 9,792 rows
[25/41] GFJ4 downloading...
[25/41] GFJ4 wrote 3,238 rows
[26/41] GFK4 downloading...
[26/41] GFK4 wrote 3,812 rows
[27/41] GFQ4 downloading...
[27/41] GFQ4 wrote 16,876 rows
[28/41] GFU4 downloading...
[28/41] GFU4 wrote 3,033 rows
[29/41] GFV4 downloading...
[29/41] GFV4 wrote 4,527 rows
[30/41] GFX4 downloading...
[30/41] GFX4 wrote 2,881 rows
[31/41] GFF5 downloading...
[31/41] GFF5 wrote 10,922 rows
[32/41] GFH5 downloading...
[32/41] GFH5 wrote 9,414 rows
[33/41] GFJ5 downloading...
[33/41] GFJ5 wrote 3,137 rows
[34/41] GFK5 downloading...
[34/41] GFK5 wrote 5,230 rows
[35/41] GFQ5 downloading...
[35/41] GFQ5 wrote 17,329 rows
[36/41] GFU5 downloading...
[36/41] GFU5 wrote 4,176 rows
[37/41] GFV5 downloading...
[37/41] GFV5 wrote 5,274 rows
[38/41] GFX5 downloading...
[38/41] GFX5 wrote 3,329 rows
[39/41] GFF6 downloading...
[39/41] GFF6 wrote 10,648 rows
[40/41] GFH6 downloading...
[40/41] GFH6 wrote 9,403 rows
[41/41] GFJ6 downloading...
[41/41] GFJ6 wrote 3,617 rows
Finished GF. Wrote 266,244 rows.
===== LOAD GF DONE 2026-05-04T20:07:57.8009063-05:00 =====
===== ALL LOADS DONE 2026-05-04T20:07:57.8177567-05:00 =====
