===== LOAD HG START 2026-05-04T09:29:38.0415439-05:00 =====
Loading HG from 2021-04-24 to 2026-04-24 using GLBX.MDP3 ohlcv-1m
Resolved 61 roll windows
HGJ1: 2021-04-24 00:00:00 -> 2021-04-29 00:00:00 (62677)
HGK1: 2021-04-29 00:00:00 -> 2021-05-27 00:00:00 (3468)
HGM1: 2021-05-27 00:00:00 -> 2021-06-29 00:00:00 (9355)
HGN1: 2021-06-29 00:00:00 -> 2021-07-29 00:00:00 (6181)
HGQ1: 2021-07-29 00:00:00 -> 2021-08-29 00:00:00 (3278)
HGU1: 2021-08-29 00:00:00 -> 2021-09-29 00:00:00 (261910)
HGV1: 2021-09-29 00:00:00 -> 2021-10-28 00:00:00 (299)
HGX1: 2021-10-28 00:00:00 -> 2021-11-28 00:00:00 (2303)
HGZ1: 2021-11-28 00:00:00 -> 2021-12-30 00:00:00 (225412)
HGF2: 2021-12-30 00:00:00 -> 2022-01-28 00:00:00 (2660)
HGG2: 2022-01-28 00:00:00 -> 2022-02-25 00:00:00 (2850)
HGH2: 2022-02-25 00:00:00 -> 2022-03-30 00:00:00 (4500)
HGJ2: 2022-03-30 00:00:00 -> 2022-04-28 00:00:00 (16440)
HGK2: 2022-04-28 00:00:00 -> 2022-05-27 00:00:00 (38569)
HGM2: 2022-05-27 00:00:00 -> 2022-06-29 00:00:00 (14334)
HGN2: 2022-06-29 00:00:00 -> 2022-07-28 00:00:00 (17540)
HGQ2: 2022-07-28 00:00:00 -> 2022-08-30 00:00:00 (2809)
HGU2: 2022-08-30 00:00:00 -> 2022-09-29 00:00:00 (73689)
HGV2: 2022-09-29 00:00:00 -> 2022-10-28 00:00:00 (9616)
HGX2: 2022-10-28 00:00:00 -> 2022-11-29 00:00:00 (9251)
HGZ2: 2022-11-29 00:00:00 -> 2022-12-29 00:00:00 (220566)
HGF3: 2022-12-29 00:00:00 -> 2023-01-29 00:00:00 (85)
HGG3: 2023-01-29 00:00:00 -> 2023-02-26 00:00:00 (1217)
HGH3: 2023-02-26 00:00:00 -> 2023-03-30 00:00:00 (5738)
HGJ3: 2023-03-30 00:00:00 -> 2023-04-27 00:00:00 (7182)
HGK3: 2023-04-27 00:00:00 -> 2023-05-28 00:00:00 (9141)
HGM3: 2023-05-28 00:00:00 -> 2023-06-29 00:00:00 (16896)
HGN3: 2023-06-29 00:00:00 -> 2023-07-28 00:00:00 (124256)
HGQ3: 2023-07-28 00:00:00 -> 2023-08-30 00:00:00 (1837)
HGU3: 2023-08-30 00:00:00 -> 2023-09-28 00:00:00 (138500)
HGV3: 2023-09-28 00:00:00 -> 2023-10-29 00:00:00 (793)
HGX3: 2023-10-29 00:00:00 -> 2023-11-29 00:00:00 (70842)
HGZ3: 2023-11-29 00:00:00 -> 2023-12-28 00:00:00 (35888)
HGF4: 2023-12-28 00:00:00 -> 2024-01-30 00:00:00 (2352)
HGG4: 2024-01-30 00:00:00 -> 2024-02-28 00:00:00 (4982)
HGH4: 2024-02-28 00:00:00 -> 2024-03-27 00:00:00 (31863)
HGJ4: 2024-03-27 00:00:00 -> 2024-04-28 00:00:00 (2506)
HGK4: 2024-04-28 00:00:00 -> 2024-05-30 00:00:00 (1101)
HGM4: 2024-05-30 00:00:00 -> 2024-06-27 00:00:00 (5759)
HGN4: 2024-06-27 00:00:00 -> 2024-07-30 00:00:00 (74067)
HGQ4: 2024-07-30 00:00:00 -> 2024-08-29 00:00:00 (8360)
HGU4: 2024-08-29 00:00:00 -> 2024-09-27 00:00:00 (28080)
HGV4: 2024-09-27 00:00:00 -> 2024-10-30 00:00:00 (5313)
HGX4: 2024-10-30 00:00:00 -> 2024-11-27 00:00:00 (38328)
HGZ4: 2024-11-27 00:00:00 -> 2024-12-29 00:00:00 (163699)
HGF5: 2024-12-29 00:00:00 -> 2025-01-30 00:00:00 (5819)
HGG5: 2025-01-30 00:00:00 -> 2025-02-27 00:00:00 (9033)
HGH5: 2025-02-27 00:00:00 -> 2025-03-28 00:00:00 (19222)
HGJ5: 2025-03-28 00:00:00 -> 2025-04-29 00:00:00 (5426)
HGK5: 2025-04-29 00:00:00 -> 2025-05-29 00:00:00 (333196)
HGM5: 2025-05-29 00:00:00 -> 2025-06-27 00:00:00 (4119894)
HGN5: 2025-06-27 00:00:00 -> 2025-07-30 00:00:00 (1425)
HGQ5: 2025-07-30 00:00:00 -> 2025-08-28 00:00:00 (42009502)
HGU5: 2025-08-28 00:00:00 -> 2025-09-28 00:00:00 (3108)
HGV5: 2025-09-28 00:00:00 -> 2025-10-30 00:00:00 (42007402)
HGX5: 2025-10-30 00:00:00 -> 2025-11-26 00:00:00 (42001411)
HGZ5: 2025-11-26 00:00:00 -> 2025-12-30 00:00:00 (6572)
HGF6: 2025-12-30 00:00:00 -> 2026-01-29 00:00:00 (42022371)
HGG6: 2026-01-29 00:00:00 -> 2026-02-26 00:00:00 (42000946)
HGH6: 2026-02-26 00:00:00 -> 2026-03-29 00:00:00 (7584)
HGJ6: 2026-03-29 00:00:00 -> 2026-04-24 00:00:00 (42001076)
[1/61] HGJ1 downloading...
[1/61] HGJ1 wrote 11 rows
[2/61] HGK1 downloading...
[2/61] HGK1 wrote 1,631 rows
[3/61] HGM1 downloading...
[3/61] HGM1 wrote 240 rows
[4/61] HGN1 downloading...
[4/61] HGN1 wrote 1,467 rows
[5/61] HGQ1 downloading...
[5/61] HGQ1 wrote 167 rows
[6/61] HGU1 downloading...
[6/61] HGU1 wrote 1,482 rows
[7/61] HGV1 downloading...
[7/61] HGV1 wrote 167 rows
[8/61] HGX1 downloading...
[8/61] HGX1 wrote 184 rows
[9/61] HGZ1 downloading...
[9/61] HGZ1 wrote 1,314 rows
[10/61] HGF2 downloading...
[10/61] HGF2 wrote 233 rows
[11/61] HGG2 downloading...
[11/61] HGG2 wrote 213 rows
[12/61] HGH2 downloading...
[12/61] HGH2 wrote 1,452 rows
[13/61] HGJ2 downloading...
[13/61] HGJ2 wrote 196 rows
[14/61] HGK2 downloading...
[14/61] HGK2 wrote 969 rows
[15/61] HGM2 downloading...
[15/61] HGM2 wrote 188 rows
[16/61] HGN2 downloading...
[16/61] HGN2 wrote 972 rows
[17/61] HGQ2 downloading...
[17/61] HGQ2 wrote 140 rows
[18/61] HGU2 downloading...
[18/61] HGU2 wrote 1,170 rows
[19/61] HGV2 downloading...
[19/61] HGV2 wrote 175 rows
[20/61] HGX2 downloading...
[20/61] HGX2 wrote 142 rows
[21/61] HGZ2 downloading...
[21/61] HGZ2 wrote 1,106 rows
[22/61] HGF3 downloading...
[22/61] HGF3 wrote 213 rows
[23/61] HGG3 downloading...
[23/61] HGG3 wrote 139 rows
[24/61] HGH3 downloading...
[24/61] HGH3 wrote 1,123 rows
[25/61] HGJ3 downloading...
[25/61] HGJ3 wrote 186 rows
[26/61] HGK3 downloading...
[26/61] HGK3 wrote 1,064 rows
[27/61] HGM3 downloading...
[27/61] HGM3 wrote 174 rows
[28/61] HGN3 downloading...
[28/61] HGN3 wrote 723 rows
[29/61] HGQ3 downloading...
[29/61] HGQ3 wrote 243 rows
[30/61] HGU3 downloading...
[30/61] HGU3 wrote 901 rows
[31/61] HGV3 downloading...
[31/61] HGV3 wrote 162 rows
[32/61] HGX3 downloading...
[32/61] HGX3 wrote 186 rows
[33/61] HGZ3 downloading...
[33/61] HGZ3 wrote 990 rows
[34/61] HGF4 downloading...
[34/61] HGF4 wrote 230 rows
[35/61] HGG4 downloading...
[35/61] HGG4 wrote 134 rows
[36/61] HGH4 downloading...
[36/61] HGH4 wrote 1,029 rows
[37/61] HGJ4 downloading...
[37/61] HGJ4 wrote 135 rows
[38/61] HGK4 downloading...
[38/61] HGK4 wrote 1,178 rows
[39/61] HGM4 downloading...
[39/61] HGM4 wrote 220 rows
[40/61] HGN4 downloading...
[40/61] HGN4 wrote 851 rows
[41/61] HGQ4 downloading...
[41/61] HGQ4 wrote 151 rows
[42/61] HGU4 downloading...
[42/61] HGU4 wrote 853 rows
[43/61] HGV4 downloading...
[43/61] HGV4 wrote 513 rows
[44/61] HGX4 downloading...
[44/61] HGX4 wrote 587 rows
[45/61] HGZ4 downloading...
[45/61] HGZ4 wrote 988 rows
[46/61] HGF5 downloading...
[46/61] HGF5 wrote 199 rows
[47/61] HGG5 downloading...
[47/61] HGG5 wrote 107 rows
[48/61] HGH5 downloading...
[48/61] HGH5 wrote 920 rows
[49/61] HGJ5 downloading...
[49/61] HGJ5 wrote 258 rows
[50/61] HGK5 downloading...
[50/61] HGK5 wrote 893 rows
[51/61] HGM5 downloading...
[51/61] HGM5 wrote 306 rows
[52/61] HGN5 downloading...
[52/61] HGN5 wrote 809 rows
[53/61] HGQ5 downloading...
[53/61] HGQ5 wrote 311 rows
[54/61] HGU5 downloading...
[54/61] HGU5 wrote 641 rows
[55/61] HGV5 downloading...
[55/61] HGV5 wrote 251 rows
[56/61] HGX5 downloading...
[56/61] HGX5 wrote 212 rows
[57/61] HGZ5 downloading...
[57/61] HGZ5 wrote 963 rows
[58/61] HGF6 downloading...
[58/61] HGF6 wrote 250 rows
[59/61] HGG6 downloading...
[59/61] HGG6 wrote 308 rows
[60/61] HGH6 downloading...
[60/61] HGH6 wrote 795 rows
[61/61] HGJ6 downloading...
[61/61] HGJ6 wrote 176 rows
Finished HG. Wrote 33,991 rows.
===== LOAD HG DONE 2026-05-04T09:40:20.8876579-05:00 =====
===== LOAD PL START 2026-05-04T09:40:20.8876579-05:00 =====
Loading PL from 2021-04-24 to 2026-04-24 using GLBX.MDP3 ohlcv-1m
Resolved 61 roll windows
PLJ1: 2021-04-24 00:00:00 -> 2021-04-29 00:00:00 (17680)
PLK1: 2021-04-29 00:00:00 -> 2021-05-27 00:00:00 (762)
PLM1: 2021-05-27 00:00:00 -> 2021-06-29 00:00:00 (22420)
PLN1: 2021-06-29 00:00:00 -> 2021-07-29 00:00:00 (661)
PLQ1: 2021-07-29 00:00:00 -> 2021-08-29 00:00:00 (1526)
PLU1: 2021-08-29 00:00:00 -> 2021-09-29 00:00:00 (4925)
PLV1: 2021-09-29 00:00:00 -> 2021-10-28 00:00:00 (7320)
PLX1: 2021-10-28 00:00:00 -> 2021-11-28 00:00:00 (66)
PLZ1: 2021-11-28 00:00:00 -> 2021-12-30 00:00:00 (499)
PLF2: 2021-12-30 00:00:00 -> 2022-01-28 00:00:00 (852)
PLG2: 2022-01-28 00:00:00 -> 2022-02-25 00:00:00 (4034)
PLH2: 2022-02-25 00:00:00 -> 2022-03-30 00:00:00 (5294)
PLJ2: 2022-03-30 00:00:00 -> 2022-04-28 00:00:00 (2772)
PLK2: 2022-04-28 00:00:00 -> 2022-05-27 00:00:00 (972)
PLM2: 2022-05-27 00:00:00 -> 2022-06-29 00:00:00 (22279)
PLN2: 2022-06-29 00:00:00 -> 2022-07-28 00:00:00 (143)
PLQ2: 2022-07-28 00:00:00 -> 2022-08-30 00:00:00 (15238)
PLU2: 2022-08-30 00:00:00 -> 2022-09-29 00:00:00 (4910)
PLV2: 2022-09-29 00:00:00 -> 2022-10-28 00:00:00 (844)
PLX2: 2022-10-28 00:00:00 -> 2022-11-29 00:00:00 (4899)
PLZ2: 2022-11-29 00:00:00 -> 2022-12-29 00:00:00 (982)
PLF3: 2022-12-29 00:00:00 -> 2023-01-29 00:00:00 (1092)
PLG3: 2023-01-29 00:00:00 -> 2023-02-26 00:00:00 (13699)
PLH3: 2023-02-26 00:00:00 -> 2023-03-30 00:00:00 (3145)
PLJ3: 2023-03-30 00:00:00 -> 2023-04-27 00:00:00 (3734)
PLK3: 2023-04-27 00:00:00 -> 2023-05-28 00:00:00 (5715)
PLM3: 2023-05-28 00:00:00 -> 2023-06-29 00:00:00 (3710)
PLN3: 2023-06-29 00:00:00 -> 2023-07-28 00:00:00 (3741)
PLQ3: 2023-07-28 00:00:00 -> 2023-08-30 00:00:00 (8191)
PLU3: 2023-08-30 00:00:00 -> 2023-09-28 00:00:00 (4113249)
PLV3: 2023-09-28 00:00:00 -> 2023-10-29 00:00:00 (5462)
PLX3: 2023-10-29 00:00:00 -> 2023-11-29 00:00:00 (42007969)
PLZ3: 2023-11-29 00:00:00 -> 2023-12-28 00:00:00 (42000252)
PLF4: 2023-12-28 00:00:00 -> 2024-01-30 00:00:00 (581)
PLG4: 2024-01-30 00:00:00 -> 2024-02-28 00:00:00 (42012844)
PLH4: 2024-02-28 00:00:00 -> 2024-03-27 00:00:00 (42007305)
PLJ4: 2024-03-27 00:00:00 -> 2024-04-28 00:00:00 (4797)
PLK4: 2024-04-28 00:00:00 -> 2024-05-30 00:00:00 (42000987)
PLM4: 2024-05-30 00:00:00 -> 2024-06-27 00:00:00 (42000390)
PLN4: 2024-06-27 00:00:00 -> 2024-07-30 00:00:00 (1256)
PLQ4: 2024-07-30 00:00:00 -> 2024-08-29 00:00:00 (42003596)
PLU4: 2024-08-29 00:00:00 -> 2024-09-27 00:00:00 (42006679)
PLV4: 2024-09-27 00:00:00 -> 2024-10-30 00:00:00 (4124497)
PLX4: 2024-10-30 00:00:00 -> 2024-11-27 00:00:00 (42007771)
PLZ4: 2024-11-27 00:00:00 -> 2024-12-29 00:00:00 (42007080)
PLF5: 2024-12-29 00:00:00 -> 2025-01-30 00:00:00 (4127886)
PLG5: 2025-01-30 00:00:00 -> 2025-02-27 00:00:00 (42023632)
PLH5: 2025-02-27 00:00:00 -> 2025-03-28 00:00:00 (42010696)
PLJ5: 2025-03-28 00:00:00 -> 2025-04-29 00:00:00 (4127884)
PLK5: 2025-04-29 00:00:00 -> 2025-05-29 00:00:00 (42004279)
PLM5: 2025-05-29 00:00:00 -> 2025-06-27 00:00:00 (42002130)
PLN5: 2025-06-27 00:00:00 -> 2025-07-30 00:00:00 (4127897)
PLQ5: 2025-07-30 00:00:00 -> 2025-08-28 00:00:00 (42004875)
PLU5: 2025-08-28 00:00:00 -> 2025-09-28 00:00:00 (42003249)
PLV5: 2025-09-28 00:00:00 -> 2025-10-30 00:00:00 (4127889)
PLX5: 2025-10-30 00:00:00 -> 2025-11-26 00:00:00 (42003079)
PLZ5: 2025-11-26 00:00:00 -> 2025-12-30 00:00:00 (42001448)
PLF6: 2025-12-30 00:00:00 -> 2026-01-29 00:00:00 (4127895)
PLG6: 2026-01-29 00:00:00 -> 2026-02-26 00:00:00 (42080971)
PLH6: 2026-02-26 00:00:00 -> 2026-03-29 00:00:00 (42026743)
PLJ6: 2026-03-29 00:00:00 -> 2026-04-24 00:00:00 (4127892)
[1/61] PLJ1 downloading...
[1/61] PLJ1 wrote 2 rows
[2/61] PLK1 downloading...
[2/61] PLK1 wrote 2 rows
[3/61] PLM1 downloading...
[3/61] PLM1 wrote 1 rows
[4/61] PLN1 downloading...
[4/61] PLN1 wrote 592 rows
[5/61] PLQ1 downloading...
[5/61] PLQ1 wrote 9 rows
[6/61] PLU1 downloading...
[6/61] PLU1 wrote 62 rows
[7/61] PLV1 downloading...
[7/61] PLV1 wrote 355 rows
[8/61] PLX1 downloading...
[8/61] PLX1 wrote 13 rows
[9/61] PLZ1 downloading...
[9/61] PLZ1 wrote 9 rows
[10/61] PLF2 downloading...
[10/61] PLF2 wrote 310 rows
[11/61] PLG2 downloading...
[11/61] PLG2 wrote 4 rows
[12/61] PLH2 downloading...
[12/61] PLH2 wrote 16 rows
[13/61] PLJ2 downloading...
[13/61] PLJ2 wrote 328 rows
[14/61] PLK2 downloading...
[14/61] PLK2 wrote 6 rows
[15/61] PLM2 downloading...
[15/61] PLM2 wrote 3 rows
[16/61] PLN2 downloading...
[16/61] PLN2 wrote 267 rows
[17/61] PLQ2 downloading...
[17/61] PLQ2 wrote 8 rows
[18/61] PLU2 downloading...
[18/61] PLU2 wrote 5 rows
[19/61] PLV2 downloading...
[19/61] PLV2 wrote 426 rows
[20/61] PLX2 downloading...
[20/61] PLX2 wrote 0 rows
[21/61] PLZ2 downloading...
[21/61] PLZ2 wrote 0 rows
[22/61] PLF3 downloading...
[22/61] PLF3 wrote 287 rows
[23/61] PLG3 downloading...
[23/61] PLG3 wrote 4 rows
[24/61] PLH3 downloading...
[24/61] PLH3 wrote 1 rows
[25/61] PLJ3 downloading...
[25/61] PLJ3 wrote 197 rows
[26/61] PLK3 downloading...
[26/61] PLK3 wrote 0 rows
[27/61] PLM3 downloading...
[27/61] PLM3 wrote 0 rows
[28/61] PLN3 downloading...
[28/61] PLN3 wrote 256 rows
[29/61] PLQ3 downloading...
[29/61] PLQ3 wrote 6 rows
[30/61] PLU3 downloading...
[30/61] PLU3 wrote 0 rows
[31/61] PLV3 downloading...
[31/61] PLV3 wrote 336 rows
[32/61] PLX3 downloading...
[32/61] PLX3 wrote 0 rows
[33/61] PLZ3 downloading...
[33/61] PLZ3 wrote 3 rows
[34/61] PLF4 downloading...
[34/61] PLF4 wrote 211 rows
[35/61] PLG4 downloading...
[35/61] PLG4 wrote 3 rows
[36/61] PLH4 downloading...
[36/61] PLH4 wrote 2 rows
[37/61] PLJ4 downloading...
[37/61] PLJ4 wrote 429 rows
[38/61] PLK4 downloading...
[38/61] PLK4 wrote 13 rows
[39/61] PLM4 downloading...
[39/61] PLM4 wrote 8 rows
[40/61] PLN4 downloading...
[40/61] PLN4 wrote 437 rows
[41/61] PLQ4 downloading...
[41/61] PLQ4 wrote 7 rows
[42/61] PLU4 downloading...
[42/61] PLU4 wrote 7 rows
[43/61] PLV4 downloading...
[43/61] PLV4 wrote 270 rows
[44/61] PLX4 downloading...
[44/61] PLX4 wrote 5 rows
[45/61] PLZ4 downloading...
[45/61] PLZ4 wrote 9 rows
[46/61] PLF5 downloading...
[46/61] PLF5 wrote 602 rows
[47/61] PLG5 downloading...
[47/61] PLG5 wrote 9 rows
[48/61] PLH5 downloading...
[48/61] PLH5 wrote 3 rows
[49/61] PLJ5 downloading...
[49/61] PLJ5 wrote 285 rows
[50/61] PLK5 downloading...
[50/61] PLK5 wrote 23 rows
[51/61] PLM5 downloading...
[51/61] PLM5 wrote 102 rows
[52/61] PLN5 downloading...
[52/61] PLN5 wrote 494 rows
[53/61] PLQ5 downloading...
[53/61] PLQ5 wrote 63 rows
[54/61] PLU5 downloading...
[54/61] PLU5 wrote 2 rows
[55/61] PLV5 downloading...
[55/61] PLV5 wrote 603 rows
[56/61] PLX5 downloading...
[56/61] PLX5 wrote 6 rows
[57/61] PLZ5 downloading...
[57/61] PLZ5 wrote 13 rows
[58/61] PLF6 downloading...
[58/61] PLF6 wrote 522 rows
[59/61] PLG6 downloading...
[59/61] PLG6 wrote 21 rows
[60/61] PLH6 downloading...
[60/61] PLH6 wrote 11 rows
[61/61] PLJ6 downloading...
[61/61] PLJ6 wrote 260 rows
Finished PL. Wrote 7,928 rows.
===== LOAD PL DONE 2026-05-04T09:48:22.1132245-05:00 =====
===== LOAD PA START 2026-05-04T09:48:22.1142235-05:00 =====
Loading PA from 2021-04-24 to 2026-04-24 using GLBX.MDP3 ohlcv-1m
Resolved 61 roll windows
PAJ1: 2021-04-24 00:00:00 -> 2021-04-29 00:00:00 (629)
PAK1: 2021-04-29 00:00:00 -> 2021-05-27 00:00:00 (113)
PAM1: 2021-05-27 00:00:00 -> 2021-06-29 00:00:00 (362)
PAN1: 2021-06-29 00:00:00 -> 2021-07-29 00:00:00 (194)
PAQ1: 2021-07-29 00:00:00 -> 2021-08-29 00:00:00 (25)
PAU1: 2021-08-29 00:00:00 -> 2021-09-29 00:00:00 (478)
PAV1: 2021-09-29 00:00:00 -> 2021-10-28 00:00:00 (786)
PAX1: 2021-10-28 00:00:00 -> 2021-11-28 00:00:00 (1079)
PAZ1: 2021-11-28 00:00:00 -> 2021-12-30 00:00:00 (3795)
PAF2: 2021-12-30 00:00:00 -> 2022-01-28 00:00:00 (1095)
PAG2: 2022-01-28 00:00:00 -> 2022-02-25 00:00:00 (3790)
PAH2: 2022-02-25 00:00:00 -> 2022-03-30 00:00:00 (5282)
PAJ2: 2022-03-30 00:00:00 -> 2022-04-28 00:00:00 (2625)
PAK2: 2022-04-28 00:00:00 -> 2022-05-27 00:00:00 (687)
PAM2: 2022-05-27 00:00:00 -> 2022-06-29 00:00:00 (2870)
PAN2: 2022-06-29 00:00:00 -> 2022-07-28 00:00:00 (2733)
PAQ2: 2022-07-28 00:00:00 -> 2022-08-30 00:00:00 (15240)
PAU2: 2022-08-30 00:00:00 -> 2022-09-29 00:00:00 (680)
PAV2: 2022-09-29 00:00:00 -> 2022-10-28 00:00:00 (3944)
PAX2: 2022-10-28 00:00:00 -> 2022-11-29 00:00:00 (5042)
PAZ2: 2022-11-29 00:00:00 -> 2022-12-29 00:00:00 (76)
PAF3: 2022-12-29 00:00:00 -> 2023-01-29 00:00:00 (225)
PAG3: 2023-01-29 00:00:00 -> 2023-02-26 00:00:00 (18138)
PAH3: 2023-02-26 00:00:00 -> 2023-03-30 00:00:00 (286)
PAJ3: 2023-03-30 00:00:00 -> 2023-04-27 00:00:00 (7835)
PAK3: 2023-04-27 00:00:00 -> 2023-05-28 00:00:00 (4513)
PAM3: 2023-05-28 00:00:00 -> 2023-06-29 00:00:00 (22571)
PAN3: 2023-06-29 00:00:00 -> 2023-07-28 00:00:00 (335)
PAQ3: 2023-07-28 00:00:00 -> 2023-08-30 00:00:00 (3705)
PAU3: 2023-08-30 00:00:00 -> 2023-09-28 00:00:00 (5075)
PAV3: 2023-09-28 00:00:00 -> 2023-10-29 00:00:00 (4124011)
PAX3: 2023-10-29 00:00:00 -> 2023-11-29 00:00:00 (42007977)
PAZ3: 2023-11-29 00:00:00 -> 2023-12-28 00:00:00 (256)
PAF4: 2023-12-28 00:00:00 -> 2024-01-30 00:00:00 (42004865)
PAG4: 2024-01-30 00:00:00 -> 2024-02-28 00:00:00 (42047017)
PAH4: 2024-02-28 00:00:00 -> 2024-03-27 00:00:00 (1197)
PAJ4: 2024-03-27 00:00:00 -> 2024-04-28 00:00:00 (42000644)
PAK4: 2024-04-28 00:00:00 -> 2024-05-30 00:00:00 (42001053)
PAM4: 2024-05-30 00:00:00 -> 2024-06-27 00:00:00 (2056)
PAN4: 2024-06-27 00:00:00 -> 2024-07-30 00:00:00 (42000879)
PAQ4: 2024-07-30 00:00:00 -> 2024-08-29 00:00:00 (42003058)
PAU4: 2024-08-29 00:00:00 -> 2024-09-27 00:00:00 (4113243)
PAV4: 2024-09-27 00:00:00 -> 2024-10-30 00:00:00 (42004907)
PAX4: 2024-10-30 00:00:00 -> 2024-11-27 00:00:00 (42006138)
PAZ4: 2024-11-27 00:00:00 -> 2024-12-29 00:00:00 (4127888)
PAF5: 2024-12-29 00:00:00 -> 2025-01-30 00:00:00 (42003164)
PAG5: 2025-01-30 00:00:00 -> 2025-02-27 00:00:00 (42021158)
PAH5: 2025-02-27 00:00:00 -> 2025-03-28 00:00:00 (4127894)
PAJ5: 2025-03-28 00:00:00 -> 2025-04-29 00:00:00 (42003295)
PAK5: 2025-04-29 00:00:00 -> 2025-05-29 00:00:00 (42004475)
PAM5: 2025-05-29 00:00:00 -> 2025-06-27 00:00:00 (4127893)
PAN5: 2025-06-27 00:00:00 -> 2025-07-30 00:00:00 (42004343)
PAQ5: 2025-07-30 00:00:00 -> 2025-08-28 00:00:00 (42004843)
PAU5: 2025-08-28 00:00:00 -> 2025-09-28 00:00:00 (4127891)
PAV5: 2025-09-28 00:00:00 -> 2025-10-30 00:00:00 (42004068)
PAX5: 2025-10-30 00:00:00 -> 2025-11-26 00:00:00 (42004490)
PAZ5: 2025-11-26 00:00:00 -> 2025-12-30 00:00:00 (4127890)
PAF6: 2025-12-30 00:00:00 -> 2026-01-29 00:00:00 (42002094)
PAG6: 2026-01-29 00:00:00 -> 2026-02-26 00:00:00 (42050347)
PAH6: 2026-02-26 00:00:00 -> 2026-03-29 00:00:00 (4127896)
PAJ6: 2026-03-29 00:00:00 -> 2026-04-24 00:00:00 (42001863)
[1/61] PAJ1 downloading...
[1/61] PAJ1 wrote 0 rows
[2/61] PAK1 downloading...
[2/61] PAK1 wrote 0 rows
[3/61] PAM1 downloading...
[3/61] PAM1 wrote 125 rows
[4/61] PAN1 downloading...
[4/61] PAN1 wrote 0 rows
[5/61] PAQ1 downloading...
[5/61] PAQ1 wrote 1 rows
[6/61] PAU1 downloading...
[6/61] PAU1 wrote 120 rows
[7/61] PAV1 downloading...
[7/61] PAV1 wrote 0 rows
[8/61] PAX1 downloading...
[8/61] PAX1 wrote 0 rows
[9/61] PAZ1 downloading...
[9/61] PAZ1 wrote 83 rows
[10/61] PAF2 downloading...
[10/61] PAF2 wrote 1 rows
[11/61] PAG2 downloading...
[11/61] PAG2 wrote 0 rows
[12/61] PAH2 downloading...
[12/61] PAH2 wrote 252 rows
[13/61] PAJ2 downloading...
[13/61] PAJ2 wrote 2 rows
[14/61] PAK2 downloading...
[14/61] PAK2 wrote 0 rows
[15/61] PAM2 downloading...
[15/61] PAM2 wrote 118 rows
[16/61] PAN2 downloading...
[16/61] PAN2 wrote 0 rows
[17/61] PAQ2 downloading...
[17/61] PAQ2 wrote 0 rows
[18/61] PAU2 downloading...
[18/61] PAU2 wrote 83 rows
[19/61] PAV2 downloading...
[19/61] PAV2 wrote 0 rows
[20/61] PAX2 downloading...
[20/61] PAX2 wrote 0 rows
[21/61] PAZ2 downloading...
[21/61] PAZ2 wrote 79 rows
[22/61] PAF3 downloading...
[22/61] PAF3 wrote 2 rows
[23/61] PAG3 downloading...
[23/61] PAG3 wrote 3 rows
[24/61] PAH3 downloading...
[24/61] PAH3 wrote 146 rows
[25/61] PAJ3 downloading...
[25/61] PAJ3 wrote 0 rows
[26/61] PAK3 downloading...
[26/61] PAK3 wrote 2 rows
[27/61] PAM3 downloading...
[27/61] PAM3 wrote 163 rows
[28/61] PAN3 downloading...
[28/61] PAN3 wrote 0 rows
[29/61] PAQ3 downloading...
[29/61] PAQ3 wrote 0 rows
[30/61] PAU3 downloading...
[30/61] PAU3 wrote 78 rows
[31/61] PAV3 downloading...
[31/61] PAV3 wrote 0 rows
[32/61] PAX3 downloading...
[32/61] PAX3 wrote 0 rows
[33/61] PAZ3 downloading...
[33/61] PAZ3 wrote 91 rows
[34/61] PAF4 downloading...
[34/61] PAF4 wrote 4 rows
[35/61] PAG4 downloading...
[35/61] PAG4 wrote 12 rows
[36/61] PAH4 downloading...
[36/61] PAH4 wrote 84 rows
[37/61] PAJ4 downloading...
[37/61] PAJ4 wrote 0 rows
[38/61] PAK4 downloading...
[38/61] PAK4 wrote 1 rows
[39/61] PAM4 downloading...
[39/61] PAM4 wrote 107 rows
[40/61] PAN4 downloading...
[40/61] PAN4 wrote 4 rows
[41/61] PAQ4 downloading...
[41/61] PAQ4 wrote 3 rows
[42/61] PAU4 downloading...
[42/61] PAU4 wrote 128 rows
[43/61] PAV4 downloading...
[43/61] PAV4 wrote 0 rows
[44/61] PAX4 downloading...
[44/61] PAX4 wrote 6 rows
[45/61] PAZ4 downloading...
[45/61] PAZ4 wrote 155 rows
[46/61] PAF5 downloading...
[46/61] PAF5 wrote 1 rows
[47/61] PAG5 downloading...
[47/61] PAG5 wrote 4 rows
[48/61] PAH5 downloading...
[48/61] PAH5 wrote 90 rows
[49/61] PAJ5 downloading...
[49/61] PAJ5 wrote 10 rows
[50/61] PAK5 downloading...
[50/61] PAK5 wrote 0 rows
[51/61] PAM5 downloading...
[51/61] PAM5 wrote 96 rows
[52/61] PAN5 downloading...
[52/61] PAN5 wrote 9 rows
[53/61] PAQ5 downloading...
[53/61] PAQ5 wrote 0 rows
[54/61] PAU5 downloading...
[54/61] PAU5 wrote 163 rows
[55/61] PAV5 downloading...
[55/61] PAV5 wrote 41 rows
[56/61] PAX5 downloading...
[56/61] PAX5 wrote 16 rows
[57/61] PAZ5 downloading...
[57/61] PAZ5 wrote 211 rows
[58/61] PAF6 downloading...
[58/61] PAF6 wrote 32 rows
[59/61] PAG6 downloading...
[59/61] PAG6 wrote 16 rows
[60/61] PAH6 downloading...
[60/61] PAH6 wrote 136 rows
[61/61] PAJ6 downloading...
[61/61] PAJ6 wrote 15 rows
Finished PA. Wrote 2,693 rows.
===== LOAD PA DONE 2026-05-04T09:53:50.6429954-05:00 =====
===== LOAD ZC START 2026-05-04T09:53:50.6429954-05:00 =====
Loading ZC from 2021-04-24 to 2026-04-24 using GLBX.MDP3 ohlcv-1m
Resolved 26 roll windows
ZCK1: 2021-04-24 00:00:00 -> 2021-05-16 00:00:00 (221002)
ZCN1: 2021-05-16 00:00:00 -> 2021-07-15 00:00:00 (118881)
ZCU1: 2021-07-15 00:00:00 -> 2021-09-15 00:00:00 (62550)
ZCZ1: 2021-09-15 00:00:00 -> 2021-12-15 00:00:00 (311015)
ZCH2: 2021-12-15 00:00:00 -> 2022-03-15 00:00:00 (234352)
ZCK2: 2022-03-15 00:00:00 -> 2022-05-15 00:00:00 (11397)
ZCN2: 2022-05-15 00:00:00 -> 2022-07-15 00:00:00 (798133)
ZCU2: 2022-07-15 00:00:00 -> 2022-09-15 00:00:00 (41869)
ZCZ2: 2022-09-15 00:00:00 -> 2022-12-15 00:00:00 (636258)
ZCH3: 2022-12-15 00:00:00 -> 2023-03-15 00:00:00 (298463)
ZCK3: 2023-03-15 00:00:00 -> 2023-05-14 00:00:00 (65201)
ZCN3: 2023-05-14 00:00:00 -> 2023-07-16 00:00:00 (203853)
ZCU3: 2023-07-16 00:00:00 -> 2023-09-15 00:00:00 (520651)
ZCZ3: 2023-09-15 00:00:00 -> 2023-12-15 00:00:00 (649504)
ZCH4: 2023-12-15 00:00:00 -> 2024-03-15 00:00:00 (243778)
ZCK4: 2024-03-15 00:00:00 -> 2024-05-15 00:00:00 (698432)
ZCN4: 2024-05-15 00:00:00 -> 2024-07-14 00:00:00 (347006)
ZCU4: 2024-07-14 00:00:00 -> 2024-09-15 00:00:00 (644626)
ZCZ4: 2024-09-15 00:00:00 -> 2024-12-15 00:00:00 (487769)
ZCH5: 2024-12-15 00:00:00 -> 2025-03-16 00:00:00 (626930)
ZCK5: 2025-03-16 00:00:00 -> 2025-05-15 00:00:00 (680969)
ZCN5: 2025-05-15 00:00:00 -> 2025-07-15 00:00:00 (229776)
ZCU5: 2025-07-15 00:00:00 -> 2025-09-14 00:00:00 (272731)
ZCZ5: 2025-09-14 00:00:00 -> 2025-12-14 00:00:00 (405207)
ZCH6: 2025-12-14 00:00:00 -> 2026-03-15 00:00:00 (42279835)
ZCK6: 2026-03-15 00:00:00 -> 2026-04-24 00:00:00 (42273528)
[1/26] ZCK1 downloading...
[1/26] ZCK1 wrote 4,155 rows
[2/26] ZCN1 downloading...
[2/26] ZCN1 wrote 31,732 rows
[3/26] ZCU1 downloading...
[3/26] ZCU1 wrote 28,391 rows
[4/26] ZCZ1 downloading...
[4/26] ZCZ1 wrote 48,925 rows
[5/26] ZCH2 downloading...
[5/26] ZCH2 wrote 47,868 rows
[6/26] ZCK2 downloading...
[6/26] ZCK2 wrote 29,312 rows
[7/26] ZCN2 downloading...
[7/26] ZCN2 wrote 29,502 rows
[8/26] ZCU2 downloading...
[8/26] ZCU2 wrote 26,774 rows
[9/26] ZCZ2 downloading...
[9/26] ZCZ2 wrote 47,468 rows
[10/26] ZCH3 downloading...
[10/26] ZCH3 wrote 40,056 rows
[11/26] ZCK3 downloading...
[11/26] ZCK3 wrote 26,392 rows
[12/26] ZCN3 downloading...
[12/26] ZCN3 wrote 28,345 rows
[13/26] ZCU3 downloading...
[13/26] ZCU3 wrote 25,496 rows
[14/26] ZCZ3 downloading...
[14/26] ZCZ3 wrote 43,650 rows
[15/26] ZCH4 downloading...
[15/26] ZCH4 wrote 37,305 rows
[16/26] ZCK4 downloading...
[16/26] ZCK4 wrote 23,767 rows
[17/26] ZCN4 downloading...
[17/26] ZCN4 wrote 24,964 rows
[18/26] ZCU4 downloading...
[18/26] ZCU4 wrote 23,030 rows
[19/26] ZCZ4 downloading...
[19/26] ZCZ4 wrote 42,301 rows
[20/26] ZCH5 downloading...
[20/26] ZCH5 wrote 38,769 rows
[21/26] ZCK5 downloading...
[21/26] ZCK5 wrote 23,360 rows
[22/26] ZCN5 downloading...
[22/26] ZCN5 wrote 23,779 rows
[23/26] ZCU5 downloading...
[23/26] ZCU5 wrote 21,034 rows
[24/26] ZCZ5 downloading...
[24/26] ZCZ5 wrote 42,218 rows
[25/26] ZCH6 downloading...
[25/26] ZCH6 wrote 36,376 rows
[26/26] ZCK6 downloading...
[26/26] ZCK6 wrote 23,013 rows
Finished ZC. Wrote 817,982 rows.
===== LOAD ZC DONE 2026-05-04T09:58:25.2348529-05:00 =====
===== LOAD ZW START 2026-05-04T09:58:25.2358534-05:00 =====
Loading ZW from 2021-04-24 to 2026-04-24 using GLBX.MDP3 ohlcv-1m
Resolved 26 roll windows
ZWK1: 2021-04-24 00:00:00 -> 2021-05-16 00:00:00 (645506)
ZWN1: 2021-05-16 00:00:00 -> 2021-07-15 00:00:00 (20301)
ZWU1: 2021-07-15 00:00:00 -> 2021-09-15 00:00:00 (313943)
ZWZ1: 2021-09-15 00:00:00 -> 2021-12-15 00:00:00 (121767)
ZWH2: 2021-12-15 00:00:00 -> 2022-03-15 00:00:00 (651622)
ZWK2: 2022-03-15 00:00:00 -> 2022-05-15 00:00:00 (459267)
ZWN2: 2022-05-15 00:00:00 -> 2022-07-15 00:00:00 (679646)
ZWU2: 2022-07-15 00:00:00 -> 2022-09-15 00:00:00 (30782)
ZWZ2: 2022-09-15 00:00:00 -> 2022-12-15 00:00:00 (544622)
ZWH3: 2022-12-15 00:00:00 -> 2023-03-15 00:00:00 (321739)
ZWK3: 2023-03-15 00:00:00 -> 2023-05-14 00:00:00 (59013)
ZWN3: 2023-05-14 00:00:00 -> 2023-07-16 00:00:00 (636139)
ZWU3: 2023-07-16 00:00:00 -> 2023-09-15 00:00:00 (450420)
ZWZ3: 2023-09-15 00:00:00 -> 2023-12-15 00:00:00 (11548)
ZWH4: 2023-12-15 00:00:00 -> 2024-03-15 00:00:00 (166242)
ZWK4: 2024-03-15 00:00:00 -> 2024-05-15 00:00:00 (196612)
ZWN4: 2024-05-15 00:00:00 -> 2024-07-14 00:00:00 (257610)
ZWU4: 2024-07-14 00:00:00 -> 2024-09-15 00:00:00 (103895)
ZWZ4: 2024-09-15 00:00:00 -> 2024-12-15 00:00:00 (91923)
ZWH5: 2024-12-15 00:00:00 -> 2025-03-16 00:00:00 (466991)
ZWK5: 2025-03-16 00:00:00 -> 2025-05-15 00:00:00 (537361)
ZWN5: 2025-05-15 00:00:00 -> 2025-07-15 00:00:00 (283999)
ZWU5: 2025-07-15 00:00:00 -> 2025-09-14 00:00:00 (4121248)
ZWZ5: 2025-09-14 00:00:00 -> 2025-12-14 00:00:00 (4120204)
ZWH6: 2025-12-14 00:00:00 -> 2026-03-15 00:00:00 (4121249)
ZWK6: 2026-03-15 00:00:00 -> 2026-04-24 00:00:00 (4121250)
[1/26] ZWK1 downloading...
[1/26] ZWK1 wrote 2,362 rows
[2/26] ZWN1 downloading...
[2/26] ZWN1 wrote 26,347 rows
[3/26] ZWU1 downloading...
[3/26] ZWU1 wrote 27,797 rows
[4/26] ZWZ1 downloading...
[4/26] ZWZ1 wrote 44,181 rows
[5/26] ZWH2 downloading...
[5/26] ZWH2 wrote 43,176 rows
[6/26] ZWK2 downloading...
[6/26] ZWK2 wrote 23,465 rows
[7/26] ZWN2 downloading...
[7/26] ZWN2 wrote 25,983 rows
[8/26] ZWU2 downloading...
[8/26] ZWU2 wrote 26,633 rows
[9/26] ZWZ2 downloading...
[9/26] ZWZ2 wrote 43,553 rows
[10/26] ZWH3 downloading...
[10/26] ZWH3 wrote 34,893 rows
[11/26] ZWK3 downloading...
[11/26] ZWK3 wrote 23,465 rows
[12/26] ZWN3 downloading...
[12/26] ZWN3 wrote 26,618 rows
[13/26] ZWU3 downloading...
[13/26] ZWU3 wrote 27,839 rows
[14/26] ZWZ3 downloading...
[14/26] ZWZ3 wrote 40,684 rows
[15/26] ZWH4 downloading...
[15/26] ZWH4 wrote 35,536 rows
[16/26] ZWK4 downloading...
[16/26] ZWK4 wrote 22,891 rows
[17/26] ZWN4 downloading...
[17/26] ZWN4 wrote 25,487 rows
[18/26] ZWU4 downloading...
[18/26] ZWU4 wrote 25,435 rows
[19/26] ZWZ4 downloading...
[19/26] ZWZ4 wrote 42,609 rows
[20/26] ZWH5 downloading...
[20/26] ZWH5 wrote 38,044 rows
[21/26] ZWK5 downloading...
[21/26] ZWK5 wrote 22,796 rows
[22/26] ZWN5 downloading...
[22/26] ZWN5 wrote 22,459 rows
[23/26] ZWU5 downloading...
[23/26] ZWU5 wrote 22,876 rows
[24/26] ZWZ5 downloading...
[24/26] ZWZ5 wrote 38,423 rows
[25/26] ZWH6 downloading...
[25/26] ZWH6 wrote 35,528 rows
[26/26] ZWK6 downloading...
[26/26] ZWK6 wrote 24,254 rows
Finished ZW. Wrote 773,334 rows.
===== LOAD ZW DONE 2026-05-04T10:03:42.9791439-05:00 =====
===== LOAD ZS START 2026-05-04T10:03:42.9791439-05:00 =====
Loading ZS from 2021-04-24 to 2026-04-24 using GLBX.MDP3 ohlcv-1m
Resolved 36 roll windows
ZSK1: 2021-04-24 00:00:00 -> 2021-05-16 00:00:00 (741705)
ZSN1: 2021-05-16 00:00:00 -> 2021-07-15 00:00:00 (242521)
ZSQ1: 2021-07-15 00:00:00 -> 2021-08-15 00:00:00 (549332)
ZSU1: 2021-08-15 00:00:00 -> 2021-09-15 00:00:00 (326446)
ZSX1: 2021-09-15 00:00:00 -> 2021-11-14 00:00:00 (361559)
ZSF2: 2021-11-14 00:00:00 -> 2022-01-16 00:00:00 (707652)
ZSH2: 2022-01-16 00:00:00 -> 2022-03-15 00:00:00 (100711)
ZSK2: 2022-03-15 00:00:00 -> 2022-05-15 00:00:00 (738158)
ZSN2: 2022-05-15 00:00:00 -> 2022-07-15 00:00:00 (711194)
ZSQ2: 2022-07-15 00:00:00 -> 2022-08-14 00:00:00 (515285)
ZSU2: 2022-08-14 00:00:00 -> 2022-09-15 00:00:00 (292439)
ZSX2: 2022-09-15 00:00:00 -> 2022-11-15 00:00:00 (518822)
ZSF3: 2022-11-15 00:00:00 -> 2023-01-15 00:00:00 (148557)
ZSH3: 2023-01-15 00:00:00 -> 2023-03-15 00:00:00 (731217)
ZSK3: 2023-03-15 00:00:00 -> 2023-05-14 00:00:00 (385841)
ZSN3: 2023-05-14 00:00:00 -> 2023-07-16 00:00:00 (70327)
ZSQ3: 2023-07-16 00:00:00 -> 2023-08-15 00:00:00 (360130)
ZSU3: 2023-08-15 00:00:00 -> 2023-09-15 00:00:00 (508315)
ZSX3: 2023-09-15 00:00:00 -> 2023-11-15 00:00:00 (484790)
ZSF4: 2023-11-15 00:00:00 -> 2024-01-14 00:00:00 (291819)
ZSH4: 2024-01-14 00:00:00 -> 2024-03-15 00:00:00 (789231)
ZSK4: 2024-03-15 00:00:00 -> 2024-05-15 00:00:00 (535842)
ZSN4: 2024-05-15 00:00:00 -> 2024-07-14 00:00:00 (123646)
ZSQ4: 2024-07-14 00:00:00 -> 2024-08-15 00:00:00 (596813)
ZSU4: 2024-08-15 00:00:00 -> 2024-09-15 00:00:00 (697686)
ZSX4: 2024-09-15 00:00:00 -> 2024-11-15 00:00:00 (73867)
ZSF5: 2024-11-15 00:00:00 -> 2025-01-15 00:00:00 (436418)
ZSH5: 2025-01-15 00:00:00 -> 2025-03-16 00:00:00 (760184)
ZSK5: 2025-03-16 00:00:00 -> 2025-05-15 00:00:00 (457556)
ZSN5: 2025-05-15 00:00:00 -> 2025-07-15 00:00:00 (667216)
ZSQ5: 2025-07-15 00:00:00 -> 2025-08-15 00:00:00 (750799)
ZSU5: 2025-08-15 00:00:00 -> 2025-09-14 00:00:00 (680458)
ZSX5: 2025-09-14 00:00:00 -> 2025-11-16 00:00:00 (456085)
ZSF6: 2025-11-16 00:00:00 -> 2026-01-15 00:00:00 (42001323)
ZSH6: 2026-01-15 00:00:00 -> 2026-03-15 00:00:00 (42011067)
ZSK6: 2026-03-15 00:00:00 -> 2026-04-24 00:00:00 (42009683)
[1/36] ZSK1 downloading...
[1/36] ZSK1 wrote 3,238 rows
[2/36] ZSN1 downloading...
[2/36] ZSN1 wrote 30,234 rows
[3/36] ZSQ1 downloading...
[3/36] ZSQ1 wrote 7,284 rows
[4/36] ZSU1 downloading...
[4/36] ZSU1 wrote 6,231 rows
[5/36] ZSX1 downloading...
[5/36] ZSX1 wrote 30,312 rows
[6/36] ZSF2 downloading...
[6/36] ZSF2 wrote 28,415 rows
[7/36] ZSH2 downloading...
[7/36] ZSH2 wrote 27,746 rows
[8/36] ZSK2 downloading...
[8/36] ZSK2 wrote 29,347 rows
[9/36] ZSN2 downloading...
[9/36] ZSN2 wrote 30,348 rows
[10/36] ZSQ2 downloading...
[10/36] ZSQ2 wrote 6,403 rows
[11/36] ZSU2 downloading...
[11/36] ZSU2 wrote 5,546 rows
[12/36] ZSX2 downloading...
[12/36] ZSX2 wrote 30,979 rows
[13/36] ZSF3 downloading...
[13/36] ZSF3 wrote 27,174 rows
[14/36] ZSH3 downloading...
[14/36] ZSH3 wrote 27,195 rows
[15/36] ZSK3 downloading...
[15/36] ZSK3 wrote 28,091 rows
[16/36] ZSN3 downloading...
[16/36] ZSN3 wrote 30,487 rows
[17/36] ZSQ3 downloading...
[17/36] ZSQ3 wrote 6,521 rows
[18/36] ZSU3 downloading...
[18/36] ZSU3 wrote 5,550 rows
[19/36] ZSX3 downloading...
[19/36] ZSX3 wrote 30,731 rows
[20/36] ZSF4 downloading...
[20/36] ZSF4 wrote 25,813 rows
[21/36] ZSH4 downloading...
[21/36] ZSH4 wrote 27,843 rows
[22/36] ZSK4 downloading...
[22/36] ZSK4 wrote 28,112 rows
[23/36] ZSN4 downloading...
[23/36] ZSN4 wrote 27,392 rows
[24/36] ZSQ4 downloading...
[24/36] ZSQ4 wrote 8,031 rows
[25/36] ZSU4 downloading...
[25/36] ZSU4 wrote 5,138 rows
[26/36] ZSX4 downloading...
[26/36] ZSX4 wrote 30,746 rows
[27/36] ZSF5 downloading...
[27/36] ZSF5 wrote 24,931 rows
[28/36] ZSH5 downloading...
[28/36] ZSH5 wrote 26,444 rows
[29/36] ZSK5 downloading...
[29/36] ZSK5 wrote 26,234 rows
[30/36] ZSN5 downloading...
[30/36] ZSN5 wrote 25,789 rows
[31/36] ZSQ5 downloading...
[31/36] ZSQ5 wrote 7,055 rows
[32/36] ZSU5 downloading...
[32/36] ZSU5 wrote 4,355 rows
[33/36] ZSX5 downloading...
[33/36] ZSX5 wrote 29,504 rows
[34/36] ZSF6 downloading...
[34/36] ZSF6 wrote 23,926 rows
[35/36] ZSH6 downloading...
[35/36] ZSH6 wrote 24,799 rows
[36/36] ZSK6 downloading...
[36/36] ZSK6 wrote 25,401 rows
Finished ZS. Wrote 763,345 rows.
===== LOAD ZS DONE 2026-05-04T10:11:35.5047266-05:00 =====
